Running ExUnit with seed: 756895, max_cases: 1


Dialectic.Ideas.IdeaGeneratorTest [test/dialectic/ideas/idea_generator_test.exs]
  * test generate_questions/2 returns the requested number of questions [L#30]  * test generate_questions/2 returns the requested number of questions (6.8ms) [L#30]
  * test generate_question/1 returns a question with the topic interpolated [L#6]  * test generate_question/1 returns a question with the topic interpolated (0.00ms) [L#6]
  * test generate_questions/2 returns a list of strings [L#39]  * test generate_questions/2 returns a list of strings (0.00ms) [L#39]
  * test all/0 returns questions for all topics [L#62]  * test all/0 returns questions for all topics (0.1ms) [L#62]
  * test run/0 returns a randomly generated question [L#49]  * test run/0 returns a randomly generated question (0.00ms) [L#49]
  * test generate_question/1 returns different questions for the same topic [L#14]  * test generate_question/1 returns different questions for the same topic (0.00ms) [L#14]

DialecticWeb.UserForgotPasswordLiveTest [test/dialectic_web/live/user_forgot_password_live_test.exs]
  * test Reset link sends a new reset password token [L#35]  * test Reset link sends a new reset password token (338.0ms) [L#35]
  * test Forgot password page renders email page [L#11]  * test Forgot password page renders email page (4.1ms) [L#11]
  * test Reset link does not send reset password token if email is invalid [L#50]  * test Reset link does not send reset password token if email is invalid (21.3ms) [L#50]
  * test Forgot password page redirects if already logged in [L#19]  * test Forgot password page redirects if already logged in (22.2ms) [L#19]

DialecticWeb.UserRegistrationLiveTest [test/dialectic_web/live/user_registration_live_test.exs]
  * test Registration page renders errors for invalid data [L#25]  * test Registration page renders errors for invalid data (4.4ms) [L#25]
  * test Registration page renders registration page [L#8]  * test Registration page renders registration page (2.1ms) [L#8]
  * test register user creates account and logs the user in [L#40]  * test register user creates account and logs the user in (27.8ms) [L#40]

  1) test register user creates account and logs the user in (DialecticWeb.UserRegistrationLiveTest)
     test/dialectic_web/live/user_registration_live_test.exs:40
     Assertion with =~ failed
     code:  assert response =~ "Settings"
     left:  "<!DOCTYPE html>\n<html lang=\"en\" class=\"[scrollbar-gutter:stable]\">\n  <head>\n    <meta charset=\"utf-8\">\n    <meta name=\"viewport\" content=\"width=device-width, initial-scale=1\">\n    <meta name=\"csrf-token\" content=\"AnokKxwOCzUHRC47P38RKX8WRiwyTx4Xe6SQRMiSPpCiO-XZFr3VF7YP\">\n    <title data-default=\"MuDG\" data-suffix=\" : Explore Ideas Together\">MuDG : Explore Ideas Together</title>\n    <link phx-track-static rel=\"stylesheet\" href=\"/assets/app.css\">\n    <script defer phx-track-static type=\"text/javascript\" src=\"/assets/app.js\">\n    </script>\n    <link rel=\"preconnect\" href=\"https://rsms.me/\">\n    <link rel=\"stylesheet\" href=\"https://rsms.me/inter/inter.css\">\n  </head>\n  <body class=\"bg-white\">\n    <header class=\"sticky top-0 bg-white shadow-sm z-10\" id=\"userHeader\">\n      <nav class=\"flex items-center justify-between px-2\">\n        <div class=\"flex items-center gap-2\">\n          <a href=\"/\" class=\"flex items-center\">\n            <span class=\"font-bold text-sm sm:text-base text-zinc-900 ml-1\">MuDG</span>\n          </a>\n        </div>\n        <div class=\"flex items-center gap-2 sm:gap-4\">\n\n            <a href=\"/my/ideas\" class=\"text-xs sm:text-sm text-zinc-900 font-medium hover:text-zinc-700\">\n              Ideas\n            </a>\n            <a href=\"/users/settings\" class=\"text-xs sm:text-sm text-zinc-900 font-medium hover:text-zinc-700\">\n              user-576460752303422107@example.com\n            </a>\n\n        </div>\n      </nav>\n    </header>\n\n    <main>\n      <main class=\"px-2\">\n  <div class=\"mx-auto\">\n    <div id=\"flash-group\">\n  <div id=\"flash-info\" phx-click=\"[[&quot;push&quot;,{&quot;value&quot;:{&quot;key&quot;:&quot;info&quot;},&quot;event&quot;:&quot;lv:clear-flash&quot;}],[&quot;hide&quot;,{&quot;time&quot;:200,&quot;to&quot;:&quot;#flash-info&quot;,&quot;transition&quot;:[[&quot;transition-all&quot;,&quot;transform&quot;,&quot;ease-in&quot;,&quot;duration-200&quot;],[&quot;opacity-100&quot;,&quot;translate-y-0&quot;,&quot;sm:scale-100&quot;],[&quot;opacity-0&quot;,&quot;translate-y-4&quot;,&quot;sm:translate-y-0&quot;,&quot;sm:scale-95&quot;]]}]]\" role=\"alert\" class=\"fixed top-2 right-2 mr-2 w-80 sm:w-96 z-50 rounded-lg p-3 ring-1 bg-emerald-50 text-emerald-800 ring-emerald-500 fill-cyan-900\">\n  <p class=\"flex items-center gap-1.5 text-sm font-semibold leading-6\">\n    <span class=\"hero-information-circle-mini h-4 w-4\"></span>\n    \n    Success!\n  </p>\n  <p class=\"mt-2 text-sm leading-5\">Account created successfully!</p>\n  <button type=\"button\" class=\"group absolute top-1 right-1 p-2\" aria-label=\"close\">\n    <span class=\"hero-x-mark-solid h-5 w-5 opacity-40 group-hover:opacity-70\"></span>\n  </button>\n</div>\n  \n  <div id=\"client-error\" phx-click=\"[[&quot;push&quot;,{&quot;value&quot;:{&quot;key&quot;:&quot;error&quot;},&quot;event&quot;:&quot;lv:clear-flash&quot;}],[&quot;hide&quot;,{&quot;time&quot;:200,&quot;to&quot;:&quot;#client-error&quot;,&quot;transition&quot;:[[&quot;transition-all&quot;,&quot;transform&quot;,&quot;ease-in&quot;,&quot;duration-200&quot;],[&quot;opacity-100&quot;,&quot;translate-y-0&quot;,&quot;sm:scale-100&quot;],[&quot;opacity-0&quot;,&quot;translate-y-4&quot;,&quot;sm:translate-y-0&quot;,&quot;sm:scale-95&quot;]]}]]\" role=\"alert\" class=\"fixed top-2 right-2 mr-2 w-80 sm:w-96 z-50 rounded-lg p-3 ring-1 bg-rose-50 text-rose-900 shadow-md ring-rose-500 fill-rose-900\" hidden phx-connected=\"[[&quot;hide&quot;,{&quot;time&quot;:200,&quot;to&quot;:&quot;#client-error&quot;,&quot;transition&quot;:[[&quot;transition-all&quot;,&quot;transform&quot;,&quot;ease-in&quot;,&quot;duration-200&quot;],[&quot;opacity-100&quot;,&quot;translate-y-0&quot;,&quot;sm:scale-100&quot;],[&quot;opacity-0&quot;,&quot;translate-y-4&quot;,&quot;sm:translate-y-0&quot;,&quot;sm:scale-95&quot;]]}]]\" phx-disconnected=\"[[&quot;show&quot;,{&quot;time&quot;:300,&quot;to&quot;:&quot;.phx-client-error #client-error&quot;,&quot;transition&quot;:[[&quot;transition-all&quot;,&quot;transform&quot;,&quot;ease-out&quot;,&quot;duration-300&quot;],[&quot;opacity-0&quot;,&quot;translate-y-4&quot;,&quot;sm:translate-y-0&quot;,&quot;sm:scale" <> ...
     right: "Settings"
     stacktrace:
       test/dialectic_web/live/user_registration_live_test.exs:54: (test)

  * test registration navigation redirects to login page when the Log in button is clicked [L#75]  * test registration navigation redirects to login page when the Log in button is clicked (5.6ms) [L#75]
  * test register user renders errors for duplicated email [L#58]  * test register user renders errors for duplicated email (11.1ms) [L#58]
  * test Registration page redirects if already logged in [L#15]  * test Registration page redirects if already logged in (18.7ms) [L#15]

DialecticWeb.UserSessionControllerTest [test/dialectic_web/controllers/user_session_controller_test.exs]
  * test DELETE /users/log_out logs the user out [L#99]  * test DELETE /users/log_out logs the user out (16.6ms) [L#99]
  * test POST /users/log_in logs the user in with return to [L#42]  * test POST /users/log_in logs the user in with return to (10.2ms) [L#42]
  * test POST /users/log_in logs the user in [L#11]  * test POST /users/log_in logs the user in (10.5ms) [L#11]

  2) test POST /users/log_in logs the user in (DialecticWeb.UserSessionControllerTest)
     test/dialectic_web/controllers/user_session_controller_test.exs:11
     Assertion with =~ failed
     code:  assert response =~ ~p"/users/log_out"
     left:  "<!DOCTYPE html>\n<html lang=\"en\" class=\"[scrollbar-gutter:stable]\">\n  <head>\n    <meta charset=\"utf-8\">\n    <meta name=\"viewport\" content=\"width=device-width, initial-scale=1\">\n    <meta name=\"csrf-token\" content=\"WS5-InYhGjIgIhtIACQWKRRvL1QdbCobnl6A2xtpdXoynaonPWcgpA_k\">\n    <title data-default=\"MuDG\" data-suffix=\" : Explore Ideas Together\">MuDG : Explore Ideas Together</title>\n    <link phx-track-static rel=\"stylesheet\" href=\"/assets/app.css\">\n    <script defer phx-track-static type=\"text/javascript\" src=\"/assets/app.js\">\n    </script>\n    <link rel=\"preconnect\" href=\"https://rsms.me/\">\n    <link rel=\"stylesheet\" href=\"https://rsms.me/inter/inter.css\">\n  </head>\n  <body class=\"bg-white\">\n    <header class=\"sticky top-0 bg-white shadow-sm z-10\" id=\"userHeader\">\n      <nav class=\"flex items-center justify-between px-2\">\n        <div class=\"flex items-center gap-2\">\n          <a href=\"/\" class=\"flex items-center\">\n            <span class=\"font-bold text-sm sm:text-base text-zinc-900 ml-1\">MuDG</span>\n          </a>\n        </div>\n        <div class=\"flex items-center gap-2 sm:gap-4\">\n\n            <a href=\"/my/ideas\" class=\"text-xs sm:text-sm text-zinc-900 font-medium hover:text-zinc-700\">\n              Ideas\n            </a>\n            <a href=\"/users/settings\" class=\"text-xs sm:text-sm text-zinc-900 font-medium hover:text-zinc-700\">\n              user-576460752303418047@example.com\n            </a>\n\n        </div>\n      </nav>\n    </header>\n\n    <main>\n      <main class=\"px-2\">\n  <div class=\"mx-auto\">\n    <div id=\"flash-group\">\n  <div id=\"flash-info\" phx-click=\"[[&quot;push&quot;,{&quot;value&quot;:{&quot;key&quot;:&quot;info&quot;},&quot;event&quot;:&quot;lv:clear-flash&quot;}],[&quot;hide&quot;,{&quot;time&quot;:200,&quot;to&quot;:&quot;#flash-info&quot;,&quot;transition&quot;:[[&quot;transition-all&quot;,&quot;transform&quot;,&quot;ease-in&quot;,&quot;duration-200&quot;],[&quot;opacity-100&quot;,&quot;translate-y-0&quot;,&quot;sm:scale-100&quot;],[&quot;opacity-0&quot;,&quot;translate-y-4&quot;,&quot;sm:translate-y-0&quot;,&quot;sm:scale-95&quot;]]}]]\" role=\"alert\" class=\"fixed top-2 right-2 mr-2 w-80 sm:w-96 z-50 rounded-lg p-3 ring-1 bg-emerald-50 text-emerald-800 ring-emerald-500 fill-cyan-900\">\n  <p class=\"flex items-center gap-1.5 text-sm font-semibold leading-6\">\n    <span class=\"hero-information-circle-mini h-4 w-4\"></span>\n    \n    Success!\n  </p>\n  <p class=\"mt-2 text-sm leading-5\">Welcome back!</p>\n  <button type=\"button\" class=\"group absolute top-1 right-1 p-2\" aria-label=\"close\">\n    <span class=\"hero-x-mark-solid h-5 w-5 opacity-40 group-hover:opacity-70\"></span>\n  </button>\n</div>\n  \n  <div id=\"client-error\" phx-click=\"[[&quot;push&quot;,{&quot;value&quot;:{&quot;key&quot;:&quot;error&quot;},&quot;event&quot;:&quot;lv:clear-flash&quot;}],[&quot;hide&quot;,{&quot;time&quot;:200,&quot;to&quot;:&quot;#client-error&quot;,&quot;transition&quot;:[[&quot;transition-all&quot;,&quot;transform&quot;,&quot;ease-in&quot;,&quot;duration-200&quot;],[&quot;opacity-100&quot;,&quot;translate-y-0&quot;,&quot;sm:scale-100&quot;],[&quot;opacity-0&quot;,&quot;translate-y-4&quot;,&quot;sm:translate-y-0&quot;,&quot;sm:scale-95&quot;]]}]]\" role=\"alert\" class=\"fixed top-2 right-2 mr-2 w-80 sm:w-96 z-50 rounded-lg p-3 ring-1 bg-rose-50 text-rose-900 shadow-md ring-rose-500 fill-rose-900\" hidden phx-connected=\"[[&quot;hide&quot;,{&quot;time&quot;:200,&quot;to&quot;:&quot;#client-error&quot;,&quot;transition&quot;:[[&quot;transition-all&quot;,&quot;transform&quot;,&quot;ease-in&quot;,&quot;duration-200&quot;],[&quot;opacity-100&quot;,&quot;translate-y-0&quot;,&quot;sm:scale-100&quot;],[&quot;opacity-0&quot;,&quot;translate-y-4&quot;,&quot;sm:translate-y-0&quot;,&quot;sm:scale-95&quot;]]}]]\" phx-disconnected=\"[[&quot;show&quot;,{&quot;time&quot;:300,&quot;to&quot;:&quot;.phx-client-error #client-error&quot;,&quot;transition&quot;:[[&quot;transition-all&quot;,&quot;transform&quot;,&quot;ease-out&quot;,&quot;duration-300&quot;],[&quot;opacity-0&quot;,&quot;translate-y-4&quot;,&quot;sm:translate-y-0&quot;,&quot;sm:scale-95&quot;],[&quo" <> ...
     right: "/users/log_out"
     stacktrace:
       test/dialectic_web/controllers/user_session_controller_test.exs:25: (test)

  * test POST /users/log_in login following registration [L#57]  * test POST /users/log_in login following registration (7.3ms) [L#57]
  * test POST /users/log_in redirects to login page with invalid credentials [L#87]  * test POST /users/log_in redirects to login page with invalid credentials (5.8ms) [L#87]
  * test DELETE /users/log_out succeeds even if the user is not logged in [L#106]  * test DELETE /users/log_out succeeds even if the user is not logged in (4.6ms) [L#106]
  * test POST /users/log_in login following password update [L#72]  * test POST /users/log_in login following password update (5.1ms) [L#72]
  * test POST /users/log_in logs the user in with remember me [L#28]  * test POST /users/log_in logs the user in with remember me (9.1ms) [L#28]

DialecticWeb.UserLoginLiveTest [test/dialectic_web/live/user_login_live_test.exs]
  * test user login redirects if user login with valid credentials [L#28]  * test user login redirects if user login with valid credentials (5.6ms) [L#28]
  * test Log in page renders log in page [L#8]  * test Log in page renders log in page (1.5ms) [L#8]
  * test user login redirects to login page with a flash error if there are no valid credentials [L#42]  * test user login redirects to login page with a flash error if there are no valid credentials (8.6ms) [L#42]
  * test login navigation redirects to forgot password page when the Forgot Password button is clicked [L#73]  * test login navigation redirects to forgot password page when the Forgot Password button is clicked (1.9ms) [L#73]
  * test login navigation redirects to registration page when the Register button is clicked [L#61]  * test login navigation redirects to registration page when the Register button is clicked (2.7ms) [L#61]
  * test Log in page redirects if already logged in [L#16]  * test Log in page redirects if already logged in (14.9ms) [L#16]

DialecticWeb.ErrorJSONTest [test/dialectic_web/controllers/error_json_test.exs]
  * test renders 404 [L#4]  * test renders 404 (0.9ms) [L#4]
  * test renders 500 [L#8]  * test renders 500 (0.2ms) [L#8]

DialecticWeb.ErrorHTMLTest [test/dialectic_web/controllers/error_html_test.exs]
  * test renders 404.html [L#7]  * test renders 404.html (0.7ms) [L#7]
  * test renders 500.html [L#11]  * test renders 500.html (0.2ms) [L#11]

Dialectic.Linear.ThreadedConvTest [test/dialectic/linear/threaded_conv_test.exs]
  * test prepare_conversation/1 prepares a complete conversation from a graph [L#140]  * test prepare_conversation/1 prepares a complete conversation from a graph (0.6ms) [L#140]
  * test process_thread/5 processes a thread with correct indentation [L#82]  * test process_thread/5 processes a thread with correct indentation (0.01ms) [L#82]
  * test find_root_nodes/1 identifies nodes with no incoming edges [L#58]  * test find_root_nodes/1 identifies nodes with no incoming edges (0.01ms) [L#58]
  * test process_graph/1 correctly processes the entire graph [L#102]  * test process_graph/1 correctly processes the entire graph (0.01ms) [L#102]
  * test format_for_rendering/1 formats the processed nodes for rendering [L#121]  * test format_for_rendering/1 formats the processed nodes for rendering (0.01ms) [L#121]
  * test process_graph/1 handles empty graphs [L#113]  * test process_graph/1 handles empty graphs (0.00ms) [L#113]
  * test find_root_nodes/1 handles multiple root nodes [L#64]  * test find_root_nodes/1 handles multiple root nodes (0.01ms) [L#64]

DialecticWeb.GraphCreationTest [test/dialectic_web/live/graph_creation_test.exs]
  * test graph title sanitization handles edge cases properly [L#50]  * test graph title sanitization handles edge cases properly (1.2ms) [L#50]
  * test graph title sanitization preserves apostrophes in titles [L#12]  * test graph title sanitization preserves apostrophes in titles (0.2ms) [L#12]
  * test URL encoding and decoding preserves apostrophes through URL encode/decode cycle [L#59]  * test URL encoding and decoding preserves apostrophes through URL encode/decode cycle (0.1ms) [L#59]
  * test complete flow from input to display preserves apostrophes throughout the entire flow [L#104]  * test complete flow from input to display preserves apostrophes throughout the entire flow (0.1ms) [L#104]
  * test database operations with apostrophes preserves apostrophes in database operations [L#78]  * test database operations with apostrophes preserves apostrophes in database operations (4.3ms) [L#78]
  * test graph title sanitization removes disallowed characters [L#34]  * test graph title sanitization removes disallowed characters (0.2ms) [L#34]

DialecticWeb.UserConfirmationLiveTest [test/dialectic_web/live/user_confirmation_live_test.exs]
  * test Confirm user does not confirm email with invalid token [L#74]  * test Confirm user does not confirm email with invalid token (6.5ms) [L#74]
  * test Confirm user renders confirmation page [L#15]  * test Confirm user renders confirmation page (3.4ms) [L#15]
  * test Confirm user confirms the given token once [L#20]  * test Confirm user confirms the given token once (30.5ms) [L#20]

DialecticWeb.UserConfirmationInstructionsLiveTest [test/dialectic_web/live/user_confirmation_instructions_live_test.exs]
  * test Resend confirmation does not send confirmation token if user is confirmed [L#35]  * test Resend confirmation does not send confirmation token if user is confirmed (19.6ms) [L#35]
  * test Resend confirmation renders the resend confirmation page [L#15]  * test Resend confirmation renders the resend confirmation page (3.4ms) [L#15]
  * test Resend confirmation does not send confirmation token if email is invalid [L#52]  * test Resend confirmation does not send confirmation token if email is invalid (4.9ms) [L#52]
  * test Resend confirmation sends a new confirmation token [L#20]  * test Resend confirmation sends a new confirmation token (12.7ms) [L#20]

DialecticWeb.UserResetPasswordLiveTest [test/dialectic_web/live/user_reset_password_live_test.exs]
  * test Reset password navigation redirects to registration page when the Register button is clicked [L#103]  * test Reset password navigation redirects to registration page when the Register button is clicked (7.7ms) [L#103]
  * test Reset password page renders errors for invalid data [L#36]  * test Reset password page renders errors for invalid data (6.6ms) [L#36]
  * test Reset password page renders reset password with valid token [L#21]  * test Reset password page renders reset password with valid token (11.0ms) [L#21]
  * test Reset Password resets password once [L#52]  * test Reset Password resets password once (13.2ms) [L#52]
  * test Reset password navigation redirects to login page when the Log in button is clicked [L#91]  * test Reset password navigation redirects to login page when the Log in button is clicked (10.5ms) [L#91]
  * test Reset Password does not reset password on invalid data [L#71]  * test Reset Password does not reset password on invalid data (14.1ms) [L#71]
  * test Reset password page does not render reset password with invalid token [L#27]  * test Reset password page does not render reset password with invalid token (9.0ms) [L#27]

DialecticWeb.UserSettingsLiveTest [test/dialectic_web/live/user_settings_live_test.exs]
  * test update password form renders errors with invalid data (phx-change) [L#121]  * test update password form renders errors with invalid data (phx-change) (9.4ms) [L#121]
  * test update email form updates the user email [L#35]  * test update email form updates the user email (16.1ms) [L#35]
  * test confirm email redirects if user is not logged in [L#201]  * test confirm email redirects if user is not logged in (4.3ms) [L#201]
  * test Settings page renders settings page [L#9]  * test Settings page renders settings page (5.9ms) [L#9]
  * test update email form renders errors with invalid data (phx-change) [L#52]  * test update email form renders errors with invalid data (phx-change) (7.0ms) [L#52]
  * test update password form updates the user password [L#92]  * test update password form updates the user password (18.8ms) [L#92]
  * test confirm email does not update email with invalid token [L#192]  * test confirm email does not update email with invalid token (5.4ms) [L#192]
  * test confirm email updates the user email once [L#174]  * test confirm email updates the user email once (10.5ms) [L#174]
  * test update password form renders errors with invalid data (phx-submit) [L#140]  * test update password form renders errors with invalid data (phx-submit) (8.5ms) [L#140]
  * test update email form renders errors with invalid data (phx-submit) [L#68]  * test update email form renders errors with invalid data (phx-submit) (8.5ms) [L#68]
  * test Settings page redirects if user is not logged in [L#19]  * test Settings page redirects if user is not logged in (0.2ms) [L#19]

DialecticWeb.UserAuthTest [test/dialectic_web/user_auth_test.exs]
  * test on_mount :redirect_if_user_is_authenticated doesn't redirect if there is no authenticated user [L#202]  * test on_mount :redirect_if_user_is_authenticated doesn't redirect if there is no authenticated user (2.4ms) [L#202]
  * test on_mount :mount_current_user assigns nil to current_user assign if there isn't a valid user_token [L#131]  * test on_mount :mount_current_user assigns nil to current_user assign if there isn't a valid user_token (3.1ms) [L#131]
  * test redirect_if_user_is_authenticated/2 redirects if user is authenticated [L#216]  * test redirect_if_user_is_authenticated/2 redirects if user is authenticated (2.3ms) [L#216]
  * test require_authenticated_user/2 does not redirect if user is authenticated [L#266]  * test require_authenticated_user/2 does not redirect if user is authenticated (2.4ms) [L#266]
  * test on_mount :redirect_if_user_is_authenticated redirects if there is an authenticated  user  [L#189]  * test on_mount :redirect_if_user_is_authenticated redirects if there is an authenticated  user  (3.8ms) [L#189]
  * test logout_user/1 works even if user is already logged out [L#78]  * test logout_user/1 works even if user is already logged out (2.0ms) [L#78]
  * test log_in_user/3 redirects to the configured path [L#34]  * test log_in_user/3 redirects to the configured path (3.1ms) [L#34]
  * test on_mount :mount_current_user assigns current_user based on a valid user_token [L#121]  * test on_mount :mount_current_user assigns current_user based on a valid user_token (5.6ms) [L#121]
  * test log_in_user/3 stores the user token in the session [L#21]  * test log_in_user/3 stores the user token in the session (3.4ms) [L#21]
  * test log_in_user/3 writes a cookie if remember_me is configured [L#39]  * test log_in_user/3 writes a cookie if remember_me is configured (2.5ms) [L#39]
  * test logout_user/1 broadcasts to the given live_socket_id [L#67]  * test logout_user/1 broadcasts to the given live_socket_id (2.4ms) [L#67]
  * test fetch_current_user/2 does not authenticate if data is missing [L#112]  * test fetch_current_user/2 does not authenticate if data is missing (3.1ms) [L#112]
  * test on_mount :ensure_authenticated redirects to login page if there isn't a user_token [L#175]  * test on_mount :ensure_authenticated redirects to login page if there isn't a user_token (2.2ms) [L#175]
  * test fetch_current_user/2 authenticates user from cookies [L#93]  * test fetch_current_user/2 authenticates user from cookies (4.2ms) [L#93]
  * test on_mount :ensure_authenticated authenticates current_user based on a valid user_token [L#152]  * test on_mount :ensure_authenticated authenticates current_user based on a valid user_token (3.5ms) [L#152]
  * test fetch_current_user/2 authenticates user from session [L#87]  * test fetch_current_user/2 authenticates user from session (3.4ms) [L#87]
  * test on_mount :mount_current_user assigns nil to current_user assign if there isn't a user_token [L#141]  * test on_mount :mount_current_user assigns nil to current_user assign if there isn't a user_token (2.1ms) [L#141]
  * test on_mount :ensure_authenticated redirects to login page if there isn't a valid user_token [L#162]  * test on_mount :ensure_authenticated redirects to login page if there isn't a valid user_token (3.1ms) [L#162]
  * test logout_user/1 erases session and cookies [L#50]  * test logout_user/1 erases session and cookies (4.7ms) [L#50]
  * test redirect_if_user_is_authenticated/2 does not redirect if user is not authenticated [L#222]  * test redirect_if_user_is_authenticated/2 does not redirect if user is not authenticated (2.3ms) [L#222]
  * test log_in_user/3 clears everything previously stored in the session [L#29]  * test log_in_user/3 clears everything previously stored in the session (2.5ms) [L#29]
  * test require_authenticated_user/2 stores the path to redirect to on GET [L#240]  * test require_authenticated_user/2 stores the path to redirect to on GET (2.3ms) [L#240]
  * test require_authenticated_user/2 redirects if user is not authenticated [L#230]  * test require_authenticated_user/2 redirects if user is not authenticated (2.7ms) [L#230]

Graph.ContextTest [test/graph/context_test.exs]
  * test Context Generation should generate a context [L#17]  * test Context Generation should generate a context (7.5ms) [L#17]
  * test should generate a context with limit [L#25]  * test should generate a context with limit (0.2ms) [L#25]

DialecticWeb.FocusLiveTest [test/dialectic_web/live/focus_live_test.exs]
  * test sanitize_graph_title/1 sanitizes graph titles correctly [L#7]  * test sanitize_graph_title/1 sanitizes graph titles correctly (0.2ms) [L#7]
  * test sanitize_graph_title/1 handles edge cases properly [L#55]  * test sanitize_graph_title/1 handles edge cases properly (0.3ms) [L#55]

DialecticWeb.GraphUsersChannelTest [test/dialectic_web/channels/graph_users_channel_test.exs]
  * test broadcasts are pushed to the client [L#23]  * test broadcasts are pushed to the client (1.3ms) [L#23]
  * test ping replies with status ok [L#13]  * test ping replies with status ok (0.2ms) [L#13]
  * test shout broadcasts to graph_users:lobby [L#18]  * test shout broadcasts to graph_users:lobby (0.2ms) [L#18]

Dialectic.Responses.LlmInterfaceTest [test/dialectic/responses/llm_interface_test.exs]
  * test LlmInterface API exports all the expected functions [L#5]  * test LlmInterface API exports all the expected functions (0.00ms) [L#5]

  3) test LlmInterface API exports all the expected functions (Dialectic.Responses.LlmInterfaceTest)
     test/dialectic/responses/llm_interface_test.exs:5
     Expected truthy, got false
     code: assert function_exported?(Dialectic.Responses.LlmInterface, :gen_response, 3)
     stacktrace:
       test/dialectic/responses/llm_interface_test.exs:8: (test)


DialecticWeb.PageControllerTest [test/dialectic_web/controllers/page_controller_test.exs]

Graph.SiblingsTest [test/graph/siblings_test.exs]
  * test can get parent and child [L#15]  * test can get parent and child (7.5ms) [L#15]

Dialectic.Responses.BaseAPIWorkerTest [test/dialectic/responses/base_api_worker_test.exs]
  * test BaseAPIWorker behavior defines the required callbacks [L#5]  * test BaseAPIWorker behavior defines the required callbacks (0.7ms) [L#5]

Dialectic.Graph.IntegrationGraphActionsTest [test/graph/graph_actions_test.exs]
  * test find_node returns correct node [L#127]  * test find_node returns correct node (3.5ms) [L#127]

  4) test find_node returns correct node (Dialectic.Graph.IntegrationGraphActionsTest)
     test/graph/graph_actions_test.exs:127
     ** (FunctionClauseError) no function clause matching in Dialectic.Graph.GraphActions.comment/3

     The following arguments were given to Dialectic.Graph.GraphActions.comment/3:

         # 1
         {"TestGraph", %Dialectic.Graph.Vertex{id: "NewNode", content: "", class: "", user: "Bob", parent: nil, parents: [], children: [], noted_by: [], deleted: false, compound: false}, "Bob"}

         # 2
         "What is the meaning of life?"

         # 3
         ""

     Attempted function clauses (showing 1 out of 1):

         def comment(-{graph_id, node, user, _live_view_topic}-, question, prefix)

     code: inital_qa()
     stacktrace:
       (dialectic 0.1.0) lib/dialectic/graph/graph_actions.ex:25: Dialectic.Graph.GraphActions.comment/3
       test/graph/graph_actions_test.exs:22: Dialectic.Graph.IntegrationGraphActionsTest.inital_qa/0
       test/graph/graph_actions_test.exs:128: (test)

  * test answer creates question and answer nodes [L#68]  * test answer creates question and answer nodes (1.3ms) [L#68]

  5) test answer creates question and answer nodes (Dialectic.Graph.IntegrationGraphActionsTest)
     test/graph/graph_actions_test.exs:68
     ** (FunctionClauseError) no function clause matching in Dialectic.Graph.GraphActions.comment/3

     The following arguments were given to Dialectic.Graph.GraphActions.comment/3:

         # 1
         {"TestGraph", %Dialectic.Graph.Vertex{id: "NewNode", content: "", class: "", user: "Bob", parent: nil, parents: [], children: [], noted_by: [], deleted: false, compound: false}, "Bob"}

         # 2
         "Test question?"

         # 3
         ""

     Attempted function clauses (showing 1 out of 1):

         def comment(-{graph_id, node, user, _live_view_topic}-, question, prefix)

     code: {_, cnode} = GraphActions.comment(graph_param(root_node), "Test question?")
     stacktrace:
       (dialectic 0.1.0) lib/dialectic/graph/graph_actions.ex:25: Dialectic.Graph.GraphActions.comment/3
       test/graph/graph_actions_test.exs:71: (test)

  * test full graph has expected properties [L#43]  * test full graph has expected properties (1.0ms) [L#43]

  6) test full graph has expected properties (Dialectic.Graph.IntegrationGraphActionsTest)
     test/graph/graph_actions_test.exs:43
     ** (FunctionClauseError) no function clause matching in Dialectic.Graph.GraphActions.comment/3

     The following arguments were given to Dialectic.Graph.GraphActions.comment/3:

         # 1
         {"TestGraph", %Dialectic.Graph.Vertex{id: "NewNode", content: "", class: "", user: "Bob", parent: nil, parents: [], children: [], noted_by: [], deleted: false, compound: false}, "Bob"}

         # 2
         "What is the meaning of life?"

         # 3
         ""

     Attempted function clauses (showing 1 out of 1):

         def comment(-{graph_id, node, user, _live_view_topic}-, question, prefix)

     code: {graph, _} = full_graph()
     stacktrace:
       (dialectic 0.1.0) lib/dialectic/graph/graph_actions.ex:25: Dialectic.Graph.GraphActions.comment/3
       test/graph/graph_actions_test.exs:22: Dialectic.Graph.IntegrationGraphActionsTest.inital_qa/0
       test/graph/graph_actions_test.exs:28: Dialectic.Graph.IntegrationGraphActionsTest.branched_graph/0
       test/graph/graph_actions_test.exs:34: Dialectic.Graph.IntegrationGraphActionsTest.full_graph/0
       test/graph/graph_actions_test.exs:44: (test)

  * test branch creates thesis and antithesis nodes [L#88]  * test branch creates thesis and antithesis nodes (1.6ms) [L#88]

  7) test branch creates thesis and antithesis nodes (Dialectic.Graph.IntegrationGraphActionsTest)
     test/graph/graph_actions_test.exs:88
     ** (FunctionClauseError) no function clause matching in Dialectic.Graph.GraphActions.comment/3

     The following arguments were given to Dialectic.Graph.GraphActions.comment/3:

         # 1
         {"TestGraph", %Dialectic.Graph.Vertex{id: "NewNode", content: "", class: "", user: "Bob", parent: nil, parents: [], children: [], noted_by: [], deleted: false, compound: false}, "Bob"}

         # 2
         "What is the meaning of life?"

         # 3
         ""

     Attempted function clauses (showing 1 out of 1):

         def comment(-{graph_id, node, user, _live_view_topic}-, question, prefix)

     code: {_graph, answer_node} = inital_qa()
     stacktrace:
       (dialectic 0.1.0) lib/dialectic/graph/graph_actions.ex:25: Dialectic.Graph.GraphActions.comment/3
       test/graph/graph_actions_test.exs:22: Dialectic.Graph.IntegrationGraphActionsTest.inital_qa/0
       test/graph/graph_actions_test.exs:89: (test)

  * test combine returns nil for non-existent node [L#121]  * test combine returns nil for non-existent node (1.1ms) [L#121]

  8) test combine returns nil for non-existent node (Dialectic.Graph.IntegrationGraphActionsTest)
     test/graph/graph_actions_test.exs:121
     ** (FunctionClauseError) no function clause matching in Dialectic.Graph.GraphActions.comment/3

     The following arguments were given to Dialectic.Graph.GraphActions.comment/3:

         # 1
         {"TestGraph", %Dialectic.Graph.Vertex{id: "NewNode", content: "", class: "", user: "Bob", parent: nil, parents: [], children: [], noted_by: [], deleted: false, compound: false}, "Bob"}

         # 2
         "What is the meaning of life?"

         # 3
         ""

     Attempted function clauses (showing 1 out of 1):

         def comment(-{graph_id, node, user, _live_view_topic}-, question, prefix)

     code: {_, node1} = inital_qa()
     stacktrace:
       (dialectic 0.1.0) lib/dialectic/graph/graph_actions.ex:25: Dialectic.Graph.GraphActions.comment/3
       test/graph/graph_actions_test.exs:22: Dialectic.Graph.IntegrationGraphActionsTest.inital_qa/0
       test/graph/graph_actions_test.exs:122: (test)

  * test graph maintains correct structure through multiple operations [L#154]  * test graph maintains correct structure through multiple operations (1.2ms) [L#154]

  9) test graph maintains correct structure through multiple operations (Dialectic.Graph.IntegrationGraphActionsTest)
     test/graph/graph_actions_test.exs:154
     ** (FunctionClauseError) no function clause matching in Dialectic.Graph.GraphActions.comment/3

     The following arguments were given to Dialectic.Graph.GraphActions.comment/3:

         # 1
         {"TestGraph", %Dialectic.Graph.Vertex{id: "NewNode", content: "", class: "", user: "Bob", parent: nil, parents: [], children: [], noted_by: [], deleted: false, compound: false}, "Bob"}

         # 2
         "What is the meaning of life?"

         # 3
         ""

     Attempted function clauses (showing 1 out of 1):

         def comment(-{graph_id, node, user, _live_view_topic}-, question, prefix)

     code: {g1, answer1} = inital_qa()
     stacktrace:
       (dialectic 0.1.0) lib/dialectic/graph/graph_actions.ex:25: Dialectic.Graph.GraphActions.comment/3
       test/graph/graph_actions_test.exs:22: Dialectic.Graph.IntegrationGraphActionsTest.inital_qa/0
       test/graph/graph_actions_test.exs:156: (test)

  * test answer maintains correct parent relationships [L#139]  * test answer maintains correct parent relationships (0.6ms) [L#139]

 10) test answer maintains correct parent relationships (Dialectic.Graph.IntegrationGraphActionsTest)
     test/graph/graph_actions_test.exs:139
     ** (FunctionClauseError) no function clause matching in Dialectic.Graph.GraphActions.comment/3

     The following arguments were given to Dialectic.Graph.GraphActions.comment/3:

         # 1
         {"TestGraph", %Dialectic.Graph.Vertex{id: "NewNode", content: "", class: "", user: "Bob", parent: nil, parents: [], children: [], noted_by: [], deleted: false, compound: false}, "Bob"}

         # 2
         "What is the meaning of life?"

         # 3
         ""

     Attempted function clauses (showing 1 out of 1):

         def comment(-{graph_id, node, user, _live_view_topic}-, question, prefix)

     code: {updated_graph, answer_node} = inital_qa()
     stacktrace:
       (dialectic 0.1.0) lib/dialectic/graph/graph_actions.ex:25: Dialectic.Graph.GraphActions.comment/3
       test/graph/graph_actions_test.exs:22: Dialectic.Graph.IntegrationGraphActionsTest.inital_qa/0
       test/graph/graph_actions_test.exs:140: (test)

  * test find_node returns nil for non-existent node [L#134]  * test find_node returns nil for non-existent node (1.3ms) [L#134]
  * test combine creates synthesis node with two parents [L#104]  * test combine creates synthesis node with two parents (0.6ms) [L#104]

 11) test combine creates synthesis node with two parents (Dialectic.Graph.IntegrationGraphActionsTest)
     test/graph/graph_actions_test.exs:104
     ** (FunctionClauseError) no function clause matching in Dialectic.Graph.GraphActions.comment/3

     The following arguments were given to Dialectic.Graph.GraphActions.comment/3:

         # 1
         {"TestGraph", %Dialectic.Graph.Vertex{id: "NewNode", content: "", class: "", user: "Bob", parent: nil, parents: [], children: [], noted_by: [], deleted: false, compound: false}, "Bob"}

         # 2
         "What is the meaning of life?"

         # 3
         ""

     Attempted function clauses (showing 1 out of 1):

         def comment(-{graph_id, node, user, _live_view_topic}-, question, prefix)

     code: {_, node1} = branched_graph()
     stacktrace:
       (dialectic 0.1.0) lib/dialectic/graph/graph_actions.ex:25: Dialectic.Graph.GraphActions.comment/3
       test/graph/graph_actions_test.exs:22: Dialectic.Graph.IntegrationGraphActionsTest.inital_qa/0
       test/graph/graph_actions_test.exs:28: Dialectic.Graph.IntegrationGraphActionsTest.branched_graph/0
       test/graph/graph_actions_test.exs:105: (test)

  * test create_new_node creates vertex with correct properties [L#60]  * test create_new_node creates vertex with correct properties (1.1ms) [L#60]

Dialectic.Graph.GraphActionsTest [test/dialectic/graph/graph_actions_test.exs]
  * test comment/3 has the correct parameter structure [L#38]  * test comment/3 has the correct parameter structure (0.00ms) [L#38]
  * test create_new_node/1 creates a vertex with the provided user [L#7]  * test create_new_node/1 creates a vertex with the provided user (0.00ms) [L#7]
  * test utility functions branch/1 creates both thesis and antithesis nodes [L#46]  * test utility functions branch/1 creates both thesis and antithesis nodes (0.00ms) [L#46]
  * test utility functions combine/2 combines two nodes [L#53]  * test utility functions combine/2 combines two nodes (0.00ms) [L#53]
  * test function exports exports all expected methods [L#21]  * test function exports exports all expected methods (0.00ms) [L#21]

DialecticWeb.GraphLiveTest [test/dialectic_web/live/graph_live_test.exs]
  * test handle_info/2 stream_chunk info does not update the node if node_id does not match [L#167]  * test handle_info/2 stream_chunk info does not update the node if node_id does not match (89.0ms) [L#167]
  * test handle_event/3 KeyBoardInterface with key 'r' triggers answer and resets key_buffer [L#87]10:36:20.878 [error] GenServer #PID<0.1130.0> terminating
** (FunctionClauseError) no function clause matching in DialecticWeb.GraphLive.handle_event/3
    (dialectic 0.1.0) lib/dialectic_web/live/graph_live.ex:78: DialecticWeb.GraphLive.handle_event("KeyBoardInterface", %{"cmdKey" => true, "key" => "r"}, #Phoenix.LiveView.Socket<id: "phx-GFnBCot8yZPqjhth", endpoint: DialecticWeb.Endpoint, view: DialecticWeb.GraphLive, parent_pid: nil, root_pid: #PID<0.1130.0>, router: DialecticWeb.Router, assigns: %{node: %Dialectic.Graph.Vertex{id: "1", content: "What does Satre think about freedom?", class: "user", user: nil, parent: nil, parents: [], children: [%Dialectic.Graph.Vertex{id: "2", content: "Jean-Paul Sartre, a prominent existentialist philosopher, has a profound and complex view on freedom. Central to his philosophy is the idea that human beings are \"condemned to be free.\" This means that freedom is an inherent and inescapable aspect of human existence. Here are some key points about Sartre's conception of freedom:\n\n1. **Radical Freedom**: Sartre believes that humans have radical freedom, meaning that we are free to choose our actions in every situation. This freedom is not just a possibility but a fundamental aspect of our being. We are constantly faced with choices, and even the refusal to choose is itself a choice.\n\n2. **Responsibility**: With this radical freedom comes immense responsibility. Since we are free to choose, we are also responsible for our choices and their consequences. Sartre argues that we cannot escape this responsibility by blaming circumstances, other people, or external factors. We must own our decisions and their outcomes.\n\n3. **Authenticity and Bad Faith**: Sartre distinguishes between living authentically and living in \"bad faith.\" Authenticity involves acknowledging our freedom and taking responsibility for our choices. Bad faith, on the other hand, is a form of self-deception where we deny our freedom and responsibility, often by conforming to societal expectations or adopting predefined roles.\n\n4. **Existence Precedes Essence**: Sartre's famous dictum \"existence precedes essence\" underscores his view on freedom. Unlike objects that have a predetermined essence or purpose, humans first exist and then define themselves through their choices and actions. This means that we are not born with a fixed nature or destiny; we create our essence through our free actions.\n\n5. **Anguish and Despair**: The realization of our radical freedom can lead to feelings of anguish and despair. Anguish arises from the awareness of our responsibility for our choices, while despair comes from the recognition that we cannot control external events or the actions of others. Despite these feelings, Sartre emphasizes that we must continue to make choices and act in the world.\n\n6. **Freedom in Situations**: While Sartre asserts that we are fundamentally free, he also acknowledges that our freedom is always situated within a specific context. Our choices are made within the constraints of our physical, social, and historical circumstances. However, even within these constraints, we retain the freedom to interpret and respond to our situation in various ways.\n\nIn summary, Sartre's view of freedom is both empowering and daunting. It places the burden of choice and responsibility squarely on the individual, urging us to live authentically and embrace our freedom, even in the face of uncertainty and existential challenges.", class: "answer", user: nil, parent: nil, parents: [], children: [], noted_by: [], deleted: false, compound: nil}], noted_by: [], deleted: false, compound: nil}, user: "tester@example.com", form: %Phoenix.HTML.Form{source: #Ecto.Changeset<action: nil, changes: %{}, errors: [], data: #Dialectic.Graph.Vertex<>, valid?: true, ...>, impl: Phoenix.HTML.FormData.Ecto.Changeset, id: "vertex", name: "vertex", data: %Dialectic.Graph.Vertex{id: "NewNode", content: "", class: "", user: "tester@example.com", parent: nil, parents: [], children: [], noted_by: [], deleted: false, compound: false}, action: nil, hidden: [], params: %{}, errors: [], options: [method: "post"], index: nil}, __changed__: %{}, current_user: #Dialectic.Accounts.User<__meta__: #Ecto.Schema.Metadata<:loaded, "users">, id: 4034, email: "tester@example.com", confirmed_at: nil, graphs: #Ecto.Association.NotLoaded<association :graphs is not loaded>, notes: #Ecto.Association.NotLoaded<association :notes is not loaded>, inserted_at: ~U[2025-08-08 09:36:20Z], updated_at: ~U[2025-08-08 09:36:20Z], ...>, flash: %{}, graph: {:digraph, #Reference<0.3960962147.1597374465.157950>, #Reference<0.3960962147.1597374465.157951>, #Reference<0.3960962147.1597374465.157952>, true}, search_term: "", graph_id: "Satre", key_buffer: "", show_combine: false, graph_struct: %Dialectic.Accounts.Graph{__meta__: #Ecto.Schema.Metadata<:loaded, "graphs">, title: "Satre", data: %{"edges" => [%{"data" => %{"id" => "24", "source" => "2", "target" => "4"}}, %{"data" => %{"id" => "23", "source" => "2", "target" => "3"}}, %{"data" => %{"id" => "12", "source" => "1", "target" => "2"}}, %{"data" => %{"id" => "56", "source" => "5", "target" => "6"}}, %{"data" => %{"id" => "45", "source" => "4", "target" => "5"}}], "nodes" => [%{"class" => "thesis", "content" => "Jean-Paul Sartre's conception of freedom is both profound and transformative, offering a radical rethinking of human existence and agency. His assertion that humans are \"condemned to be free\" captures the essence of his existential philosophy, which emphasizes the inescapable nature of freedom and the profound responsibility it entails. Sartre's view is not merely a philosophical abstraction but a call to action, urging individuals to confront the weight of their choices and the authenticity of their lives.\n\nAt the heart of Sartre's philosophy is the idea of **radical freedom**, which posits that we are free to choose in every moment, regardless of external constraints. This freedom is not a privilege but a fundamental aspect of our being. Even in situations where our options seem limited, we retain the freedom to interpret and respond to our circumstances. This perspective is empowering, as it affirms our capacity to shape our lives through our choices, but it is also daunting, as it places the full burden of responsibility on us. Sartre challenges us to recognize that we cannot blame others, society, or fate for our actions; we alone are accountable for who we become.\n\nThis responsibility is closely tied to the concept of **authenticity**. Sartre argues that to live authentically is to fully embrace our freedom and the responsibility it entails. In contrast, \"bad faith\" represents a denial of this freedom, a retreat into self-deception where we conform to societal roles or external expectations to avoid the anxiety of choice. Sartre's critique of bad faith is a powerful reminder that true freedom requires courage—the courage to confront the uncertainty of existence and to define ourselves through our actions.\n\nSartre's famous dictum, **\"existence precedes essence,\"** further underscores his view of freedom. Unlike objects, which have predetermined purposes, humans are not born with a fixed essence. Instead, we create our essence through our choices and actions. This means that we are not bound by any inherent nature or destiny; we are free to reinvent ourselves continually. This idea is liberating, as it affirms the boundless potential of human agency, but it also demands that we take ownership of our lives and the values we choose to uphold.\n\nThe emotional dimensions of Sartre's philosophy—**anguish and despair**—reveal the existential challenges that accompany radical freedom. Anguish arises from the awareness of our responsibility, while despair stems from the recognition that we cannot control external events or the actions of others. Yet, Sartre does not see these emotions as reasons to retreat from freedom. Instead, he views them as integral to the human condition, urging us to confront them with resolve and to continue makin (truncated)
10:36:20.889 [error] GenServer #PID<0.1128.0> terminating
** (FunctionClauseError) no function clause matching in DialecticWeb.GraphLive.handle_event/3
    (dialectic 0.1.0) lib/dialectic_web/live/graph_live.ex:78: DialecticWeb.GraphLive.handle_event("KeyBoardInterface", %{"cmdKey" => true, "key" => "r"}, #Phoenix.LiveView.Socket<id: "phx-GFnBCot8yZPqjhth", endpoint: DialecticWeb.Endpoint, view: DialecticWeb.GraphLive, parent_pid: nil, root_pid: #PID<0.1130.0>, router: DialecticWeb.Router, assigns: %{node: %Dialectic.Graph.Vertex{id: "1", content: "What does Satre think about freedom?", class: "user", user: nil, parent: nil, parents: [], children: [%Dialectic.Graph.Vertex{id: "2", content: "Jean-Paul Sartre, a prominent existentialist philosopher, has a profound and complex view on freedom. Central to his philosophy is the idea that human beings are \"condemned to be free.\" This means that freedom is an inherent and inescapable aspect of human existence. Here are some key points about Sartre's conception of freedom:\n\n1. **Radical Freedom**: Sartre believes that humans have radical freedom, meaning that we are free to choose our actions in every situation. This freedom is not just a possibility but a fundamental aspect of our being. We are constantly faced with choices, and even the refusal to choose is itself a choice.\n\n2. **Responsibility**: With this radical freedom comes immense responsibility. Since we are free to choose, we are also responsible for our choices and their consequences. Sartre argues that we cannot escape this responsibility by blaming circumstances, other people, or external factors. We must own our decisions and their outcomes.\n\n3. **Authenticity and Bad Faith**: Sartre distinguishes between living authentically and living in \"bad faith.\" Authenticity involves acknowledging our freedom and taking responsibility for our choices. Bad faith, on the other hand, is a form of self-deception where we deny our freedom and responsibility, often by conforming to societal expectations or adopting predefined roles.\n\n4. **Existence Precedes Essence**: Sartre's famous dictum \"existence precedes essence\" underscores his view on freedom. Unlike objects that have a predetermined essence or purpose, humans first exist and then define themselves through their choices and actions. This means that we are not born with a fixed nature or destiny; we create our essence through our free actions.\n\n5. **Anguish and Despair**: The realization of our radical freedom can lead to feelings of anguish and despair. Anguish arises from the awareness of our responsibility for our choices, while despair comes from the recognition that we cannot control external events or the actions of others. Despite these feelings, Sartre emphasizes that we must continue to make choices and act in the world.\n\n6. **Freedom in Situations**: While Sartre asserts that we are fundamentally free, he also acknowledges that our freedom is always situated within a specific context. Our choices are made within the constraints of our physical, social, and historical circumstances. However, even within these constraints, we retain the freedom to interpret and respond to our situation in various ways.\n\nIn summary, Sartre's view of freedom is both empowering and daunting. It places the burden of choice and responsibility squarely on the individual, urging us to live authentically and embrace our freedom, even in the face of uncertainty and existential challenges.", class: "answer", user: nil, parent: nil, parents: [], children: [], noted_by: [], deleted: false, compound: nil}], noted_by: [], deleted: false, compound: nil}, user: "tester@example.com", form: %Phoenix.HTML.Form{source: #Ecto.Changeset<action: nil, changes: %{}, errors: [], data: #Dialectic.Graph.Vertex<>, valid?: true, ...>, impl: Phoenix.HTML.FormData.Ecto.Changeset, id: "vertex", name: "vertex", data: %Dialectic.Graph.Vertex{id: "NewNode", content: "", class: "", user: "tester@example.com", parent: nil, parents: [], children: [], noted_by: [], deleted: false, compound: false}, action: nil, hidden: [], params: %{}, errors: [], options: [method: "post"], index: nil}, __changed__: %{}, current_user: #Dialectic.Accounts.User<__meta__: #Ecto.Schema.Metadata<:loaded, "users">, id: 4034, email: "tester@example.com", confirmed_at: nil, graphs: #Ecto.Association.NotLoaded<association :graphs is not loaded>, notes: #Ecto.Association.NotLoaded<association :notes is not loaded>, inserted_at: ~U[2025-08-08 09:36:20Z], updated_at: ~U[2025-08-08 09:36:20Z], ...>, flash: %{}, graph: {:digraph, #Reference<0.3960962147.1597374465.157950>, #Reference<0.3960962147.1597374465.157951>, #Reference<0.3960962147.1597374465.157952>, true}, search_term: "", graph_id: "Satre", key_buffer: "", show_combine: false, graph_struct: %Dialectic.Accounts.Graph{__meta__: #Ecto.Schema.Metadata<:loaded, "graphs">, title: "Satre", data: %{"edges" => [%{"data" => %{"id" => "24", "source" => "2", "target" => "4"}}, %{"data" => %{"id" => "23", "source" => "2", "target" => "3"}}, %{"data" => %{"id" => "12", "source" => "1", "target" => "2"}}, %{"data" => %{"id" => "56", "source" => "5", "target" => "6"}}, %{"data" => %{"id" => "45", "source" => "4", "target" => "5"}}], "nodes" => [%{"class" => "thesis", "content" => "Jean-Paul Sartre's conception of freedom is both profound and transformative, offering a radical rethinking of human existence and agency. His assertion that humans are \"condemned to be free\" captures the essence of his existential philosophy, which emphasizes the inescapable nature of freedom and the profound responsibility it entails. Sartre's view is not merely a philosophical abstraction but a call to action, urging individuals to confront the weight of their choices and the authenticity of their lives.\n\nAt the heart of Sartre's philosophy is the idea of **radical freedom**, which posits that we are free to choose in every moment, regardless of external constraints. This freedom is not a privilege but a fundamental aspect of our being. Even in situations where our options seem limited, we retain the freedom to interpret and respond to our circumstances. This perspective is empowering, as it affirms our capacity to shape our lives through our choices, but it is also daunting, as it places the full burden of responsibility on us. Sartre challenges us to recognize that we cannot blame others, society, or fate for our actions; we alone are accountable for who we become.\n\nThis responsibility is closely tied to the concept of **authenticity**. Sartre argues that to live authentically is to fully embrace our freedom and the responsibility it entails. In contrast, \"bad faith\" represents a denial of this freedom, a retreat into self-deception where we conform to societal roles or external expectations to avoid the anxiety of choice. Sartre's critique of bad faith is a powerful reminder that true freedom requires courage—the courage to confront the uncertainty of existence and to define ourselves through our actions.\n\nSartre's famous dictum, **\"existence precedes essence,\"** further underscores his view of freedom. Unlike objects, which have predetermined purposes, humans are not born with a fixed essence. Instead, we create our essence through our choices and actions. This means that we are not bound by any inherent nature or destiny; we are free to reinvent ourselves continually. This idea is liberating, as it affirms the boundless potential of human agency, but it also demands that we take ownership of our lives and the values we choose to uphold.\n\nThe emotional dimensions of Sartre's philosophy—**anguish and despair**—reveal the existential challenges that accompany radical freedom. Anguish arises from the awareness of our responsibility, while despair stems from the recognition that we cannot control external events or the actions of others. Yet, Sartre does not see these emotions as reasons to retreat from freedom. Instead, he views them as integral to the human condition, urging us to confront them with resolve and to continue makin (truncated)
  * test handle_event/3 KeyBoardInterface with key 'r' triggers answer and resets key_buffer (0.00ms) [L#87]

 12) test handle_event/3 KeyBoardInterface with key 'r' triggers answer and resets key_buffer (DialecticWeb.GraphLiveTest)
     test/dialectic_web/live/graph_live_test.exs:87
     ** (EXIT from #PID<0.1124.0>) an exception was raised:

          ** (FunctionClauseError) no function clause matching in DialecticWeb.GraphLive.handle_event/3

          The following arguments were given to DialecticWeb.GraphLive.handle_event/3:

              # 1
              "KeyBoardInterface"

              # 2
              %{"cmdKey" => true, "key" => "r"}

              # 3
              #Phoenix.LiveView.Socket<id: "phx-GFnBCot8yZPqjhth", endpoint: DialecticWeb.Endpoint, view: DialecticWeb.GraphLive, parent_pid: nil, root_pid: #PID<0.1130.0>, router: DialecticWeb.Router, assigns: %{node: %Dialectic.Graph.Vertex{id: "1", content: "What does Satre think about freedom?", class: "user", user: nil, parent: nil, parents: [], children: [%Dialectic.Graph.Vertex{id: "2", content: "Jean-Paul Sartre, a prominent existentialist philosopher, has a profound and complex view on freedom. Central to his philosophy is the idea that human beings are \"condemned to be free.\" This means that freedom is an inherent and inescapable aspect of human existence. Here are some key points about Sartre's conception of freedom:\n\n1. **Radical Freedom**: Sartre believes that humans have radical freedom, meaning that we are free to choose our actions in every situation. This freedom is not just a possibility but a fundamental aspect of our being. We are constantly faced with choices, and even the refusal to choose is itself a choice.\n\n2. **Responsibility**: With this radical freedom comes immense responsibility. Since we are free to choose, we are also responsible for our choices and their consequences. Sartre argues that we cannot escape this responsibility by blaming circumstances, other people, or external factors. We must own our decisions and their outcomes.\n\n3. **Authenticity and Bad Faith**: Sartre distinguishes between living authentically and living in \"bad faith.\" Authenticity involves acknowledging our freedom and taking responsibility for our choices. Bad faith, on the other hand, is a form of self-deception where we deny our freedom and responsibility, often by conforming to societal expectations or adopting predefined roles.\n\n4. **Existence Precedes Essence**: Sartre's famous dictum \"existence precedes essence\" underscores his view on freedom. Unlike objects that have a predetermined essence or purpose, humans first exist and then define themselves through their choices and actions. This means that we are not born with a fixed nature or destiny; we create our essence through our free actions.\n\n5. **Anguish and Despair**: The realization of our radical freedom can lead to feelings of anguish and despair. Anguish arises from the awareness of our responsibility for our choices, while despair comes from the recognition that we cannot control external events or the actions of others. Despite these feelings, Sartre emphasizes that we must continue to make choices and act in the world.\n\n6. **Freedom in Situations**: While Sartre asserts that we are fundamentally free, he also acknowledges that our freedom is always situated within a specific context. Our choices are made within the constraints of our physical, social, and historical circumstances. However, even within these constraints, we retain the freedom to interpret and respond to our situation in various ways.\n\nIn summary, Sartre's view of freedom is both empowering and daunting. It places the burden of choice and responsibility squarely on the individual, urging us to live authentically and embrace our freedom, even in the face of uncertainty and existential challenges.", class: "answer", user: nil, parent: nil, parents: [], children: [], noted_by: [], deleted: false, compound: nil}], noted_by: [], deleted: false, compound: nil}, user: "tester@example.com", form: %Phoenix.HTML.Form{source: #Ecto.Changeset<action: nil, changes: %{}, errors: [], data: #Dialectic.Graph.Vertex<>, valid?: true, ...>, impl: Phoenix.HTML.FormData.Ecto.Changeset, id: "vertex", name: "vertex", data: %Dialectic.Graph.Vertex{id: "NewNode", content: "", class: "", user: "tester@example.com", parent: nil, parents: [], children: [], noted_by: [], deleted: false, compound: false}, action: nil, hidden: [], params: %{}, errors: [], options: [method: "post"], index: nil}, __changed__: %{}, current_user: #Dialectic.Accounts.User<__meta__: #Ecto.Schema.Metadata<:loaded, "users">, id: 4034, email: "tester@example.com", confirmed_at: nil, graphs: #Ecto.Association.NotLoaded<association :graphs is not loaded>, notes: #Ecto.Association.NotLoaded<association :notes is not loaded>, inserted_at: ~U[2025-08-08 09:36:20Z], updated_at: ~U[2025-08-08 09:36:20Z], ...>, flash: %{}, graph: {:digraph, #Reference<0.3960962147.1597374465.157950>, #Reference<0.3960962147.1597374465.157951>, #Reference<0.3960962147.1597374465.157952>, true}, search_term: "", graph_id: "Satre", key_buffer: "", show_combine: false, graph_struct: %Dialectic.Accounts.Graph{__meta__: #Ecto.Schema.Metadata<:loaded, "graphs">, title: "Satre", data: %{"edges" => [%{"data" => %{"id" => "24", "source" => "2", "target" => "4"}}, %{"data" => %{"id" => "23", "source" => "2", "target" => "3"}}, %{"data" => %{"id" => "12", "source" => "1", "target" => "2"}}, %{"data" => %{"id" => "56", "source" => "5", "target" => "6"}}, %{"data" => %{"id" => "45", "source" => "4", "target" => "5"}}], "nodes" => [%{"class" => "thesis", "content" => "Jean-Paul Sartre's conception of freedom is both profound and transformative, offering a radical rethinking of human existence and agency. His assertion that humans are \"condemned to be free\" captures the essence of his existential philosophy, which emphasizes the inescapable nature of freedom and the profound responsibility it entails. Sartre's view is not merely a philosophical abstraction but a call to action, urging individuals to confront the weight of their choices and the authenticity of their lives.\n\nAt the heart of Sartre's philosophy is the idea of **radical freedom**, which posits that we are free to choose in every moment, regardless of external constraints. This freedom is not a privilege but a fundamental aspect of our being. Even in situations where our options seem limited, we retain the freedom to interpret and respond to our circumstances. This perspective is empowering, as it affirms our capacity to shape our lives through our choices, but it is also daunting, as it places the full burden of responsibility on us. Sartre challenges us to recognize that we cannot blame others, society, or fate for our actions; we alone are accountable for who we become.\n\nThis responsibility is closely tied to the concept of **authenticity**. Sartre argues that to live authentically is to fully embrace our freedom and the responsibility it entails. In contrast, \"bad faith\" represents a denial of this freedom, a retreat into self-deception where we conform to societal roles or external expectations to avoid the anxiety of choice. Sartre's critique of bad faith is a powerful reminder that true freedom requires courage—the courage to confront the uncertainty of existence and to define ourselves through our actions.\n\nSartre's famous dictum, **\"existence precedes essence,\"** further underscores his view of freedom. Unlike objects, which have predetermined purposes, humans are not born with a fixed essence. Instead, we create our essence through our choices and actions. This means that we are not bound by any inherent nature or destiny; we are free to reinvent ourselves continually. This idea is liberating, as it affirms the boundless potential of human agency, but it also demands that we take ownership of our lives and the values we choose to uphold.\n\nThe emotional dimensions of Sartre's philosophy—**anguish and despair**—reveal the existential challenges that accompany radical freedom. Anguish arises from the awareness of our responsibility, while despair stems from the recognition that we cannot control external events or the actions of others. Yet, Sartre does not see these emotions as reasons to retreat from freedom. Instead, he views them as integral to the human condition, urging us to confront them with resolve and to continue making choices despite the inherent uncertainty of life.\n\nFinally, Sartre's acknowledgment of **freedom in situations** adds nuance to his philosophy. While he insists on our fundamental freedom, he also recognizes that our choices are made within specific contexts—physical, social, and historical. These constraints shape the possibilities available to us, but they do not negate our freedom to interpret and respond to our circumstances. This balance between freedom and constraint highlights the complexity of human existence and the ongoing struggle to assert our agency in a world that often seems beyond our control.\n\nIn conclusion, Sartre's view of freedom is both a profound insight and a call to action. It challenges us to embrace our freedom, take responsibility for our choices, and live authentically, even in the face of existential challenges. By doing so, we not only affirm our humanity but also contribute to the ongoing creation of meaning in a world that offers no guarantees. Sartre's philosophy is a reminder that, while freedom may be daunting, it is also the source of our greatest potential.", "deleted" => false, "id" => "3", "noted_by" => [], "user" => nil}, %{"class" => "answer", "content" => "Certainly! Let’s delve deeper into the criticisms of Sartre’s philosophy of radical freedom and explore additional dimensions of the debate, as well as potential responses from a Sartrean perspective.\n\n---\n\n### 6. **The Role of Authenticity and Bad Faith**:\nSartre’s concept of *authenticity*—living in accordance with one’s true self and embracing freedom—is central to his philosophy. However, critics argue that his notion of *bad faith* (self-deception or denying one’s freedom) oversimplifies the complexities of human psychology. For instance, individuals may not always be fully aware of the constraints or influences shaping their decisions, making it difficult to distinguish between authentic choices and those made under duress. Sartre’s binary framework of authenticity versus bad faith may fail to capture the nuanced ways in which people navigate their circumstances.\n\n**Sartrean Response**: Sartre might argue that even in situations of extreme constraint, individuals retain the freedom to interpret and give meaning to their circumstances. For example, a prisoner may not be free to leave their cell, but they can choose how to respond to their imprisonment—whether with defiance, resignation, or creativity. This existentialist perspective emphasizes the subjective dimension of freedom, even in the face of objective limitations.\n\n---\n\n### 7. **The Problem of Intersubjectivity**:\nSartre’s philosophy has been criticized for its limited engagement with *intersubjectivity*—the ways in which individuals relate to and influence one another. In *Being and Nothingness*, Sartre famously describes interpersonal relationships as inherently conflictual, encapsulated in his phrase, “Hell is other people.” This pessimistic view of human relationships can be seen as undermining the potential for mutual understanding, cooperation, and collective freedom.\n\n**Sartrean Response**: Later in his career, Sartre attempted to address this critique by incorporating Marxist ideas into his existentialist framework. In works like *Critique of Dialectical Reason*, he explored how collective action and solidarity could emerge from shared struggles against oppression. While this shift marked a departure from his earlier individualistic focus, some critics argue that it did not fully resolve the tension between existential freedom and collective responsibility.\n\n---\n\n### 8. **Cultural and Historical Specificity**:\nSartre’s philosophy has been criticized for its universalist claims about human freedom, which may not account for the cultural and historical specificity of human experience. For example, the emphasis on individual autonomy and self-creation may reflect a Western, modernist perspective that does not resonate with non-Western or traditional societies, where communal values and collective identities often take precedence.\n\n**Sartrean Response**: Sartre might counter that his philosophy is not meant to prescribe a specific way of life but rather to highlight the universal condition of human freedom. He could argue that even in cultures where collective identities are emphasized, individuals still face existential choices about how to interpret and live within those frameworks.\n\n---\n\n### 9. **Freedom and Privilege**:\nCritics have pointed out that Sartre’s emphasis on radical freedom may inadvertently privilege those who already enjoy significant social and economic advantages. For example, a wealthy individual with access to education and resources may experience their freedom in a way that is qualitatively different from someone struggling to meet basic needs. Sartre’s philosophy risks obscuring these disparities by treating freedom as an abstract, universal condition.\n\n**Sartrean Response**: Sartre might acknowledge this critique and argue that his philosophy is not meant to ignore material conditions but to challenge individuals to confront and transcend them. He could point to his own political activism as evidence of his commitment to addressing systemic inequalities, even as he maintained a focus on individual responsibility.\n\n---\n\n### 10. *" <> ..., "deleted" => false, "id" => "6", "noted_by" => [], "user" => "tester@example.com"}, %{"class" => "user", "content" => "tell me more", "deleted" => false, "id" => "5", "noted_by" => [], "user" => "tester@example.com"}, %{"class" => "user", "content" => "What does Satre think about freedom?", "deleted" => false, "id" => "1", "noted_by" => [], "user" => nil}, %{"class" => "answer", "content" => "Jean-Paul Sartre, a prominent existentialist philosopher, has a profound and complex view on freedom. Central to his philosophy is the idea that human beings are \"condemned to be free.\" This means that freedom is an inherent and inescapable aspect of human existence. Here are some key points about Sartre's conception of freedom:\n\n1. **Radical Freedom**: Sartre believes that humans have radical freedom, meaning that we are free to choose our actions in every situation. This freedom is not just a possibility but a fundamental aspect of our being. We are constantly faced with choices, and even the refusal to choose is itself a choice.\n\n2. **Responsibility**: With this radical freedom comes immense responsibility. Since we are free to choose, we are also responsible for our choices and their consequences. Sartre argues that we cannot escape this responsibility by blaming circumstances, other people, or external factors. We must own our decisions and their outcomes.\n\n3. **Authenticity and Bad Faith**: Sartre distinguishes between living authentically and living in \"bad faith.\" Authenticity involves acknowledging our freedom and taking responsibility for our choices. Bad faith, on the other hand, is a form of self-deception where we deny our freedom and responsibility, often by conforming to societal expectations or adopting predefined roles.\n\n4. **Existence Precedes Essence**: Sartre's famous dictum \"existence precedes essence\" underscores his view on freedom. Unlike objects that have a predetermined essence or purpose, humans first exist and then define themselves through their choices and actions. This means that we are not born with a fixed nature or destiny; we create our essence through our free actions.\n\n5. **Anguish and Despair**: The realization of our radical freedom can lead to feelings of anguish and despair. Anguish arises from the awareness of our responsibility for our choices, while despair comes from the recognition that we cannot control external events or the actions of others. Despite these feelings, Sartre emphasizes that we must continue to make choices and act in the world.\n\n6. **Freedom in Situations**: While Sartre asserts that we are fundamentally free, he also acknowledges that our freedom is always situated within a specific context. Our choices are made within the constraints of our physical, social, and historical circumstances. However, even within these constraints, we retain the freedom to interpret and respond to our situation in various ways.\n\nIn summary, Sartre's view of freedom is both empowering and daunting. It places the burden of choice and responsibility squarely on the individual, urging us to live authentically and embrace our freedom, even in the face of uncertainty and existential challenges.", "deleted" => false, "id" => "2", "noted_by" => [], "user" => nil}, %{"class" => "antithesis", "content" => "While Jean-Paul Sartre's philosophy of radical freedom offers a compelling framework for understanding human agency and responsibility, it is not without significant criticisms. One of the most compelling arguments against Sartre's conception of freedom is that it underestimates the profound influence of external constraints on human decision-making, potentially leading to an overly individualistic and unrealistic view of human existence.\n\n### 1. **Overemphasis on Individual Agency**:\nSartre's notion of radical freedom places an extraordinary emphasis on individual choice, suggesting that we are entirely responsible for our actions and their consequences. However, this view can be criticized for neglecting the ways in which social, economic, and cultural structures shape our choices. For example, individuals born into poverty or oppressive regimes may have severely limited options, making the idea of \"radical freedom\" seem abstract and disconnected from their lived reality. Sartre's philosophy risks blaming individuals for circumstances largely beyond their control, ignoring the systemic forces that constrain their freedom.\n\n### 2. **Neglect of Collective Responsibility**:\nBy focusing so heavily on individual responsibility, Sartre's philosophy downplays the importance of collective responsibility and solidarity. Human beings are deeply interconnected, and many of the challenges we face—such as climate change, systemic inequality, or political oppression—require collective action rather than individual choices. Sartre's existentialist framework, with its emphasis on personal freedom, may inadvertently discourage the kind of communal efforts needed to address these large-scale issues.\n\n### 3. **Psychological Realism**:\nSartre's assertion that we are \"condemned to be free\" and must constantly bear the weight of our choices can be psychologically overwhelming. While he acknowledges the anguish and despair that accompany this realization, his philosophy offers little solace or practical guidance for coping with these feelings. Critics might argue that Sartre's view of freedom is too austere and fails to account for the human need for stability, meaning, and connection. In this sense, his philosophy may be seen as alienating rather than empowering.\n\n### 4. **Freedom Within Constraints**:\nAlthough Sartre acknowledges that freedom is always situated within specific contexts, his emphasis on radical freedom can still be interpreted as downplaying the extent to which these constraints limit our choices. For instance, a person living under a dictatorship may have the \"freedom\" to resist, but the consequences of such resistance (e.g., imprisonment or death) may render this freedom largely theoretical. Sartre's philosophy risks romanticizing freedom by not adequately addressing the ways in which power dynamics and structural inequalities can render certain choices practically impossible.\n\n### 5. **Existentialism and Determinism**:\nSartre's rejection of determinism—the idea that human actions are determined by prior causes—can be seen as overly simplistic. While it is true that humans have the capacity for choice, our decisions are often influenced by biological, psychological, and environmental factors that are not entirely within our control. By dismissing these influences, Sartre's philosophy may fail to provide a nuanced understanding of human behavior, which is often a complex interplay of freedom and determinism.\n\n### Conclusion:\nWhile Sartre's philosophy of radical freedom offers a powerful critique of complacency and conformity, it can be criticized for its overemphasis on individual agency and its neglect of the structural and collective dimensions of human existence. By failing to adequately account for the ways in which external constraints shape our choices, Sartre's view of freedom risks becoming an abstract ideal rather than a practical guide for navigating the complexities of real life. A more balanced approach would recognize both the possibilities and limitations of human freedom, acknowledging the interplay between " <> ..., "deleted" => false, "id" => "4", "noted_by" => [], "user" => nil}]}, is_public: true, is_published: true, is_deleted: false, user_id: nil, user: #Ecto.Association.NotLoaded<association :user is not loaded>, notes: #Ecto.Association.NotLoaded<association :notes is not loaded>, inserted_at: ~U[2025-08-08 09:36:20Z], updated_at: ~U[2025-08-08 09:36:20Z]}, live_action: nil, streams: %{__changed__: MapSet.new([]), presences: %Phoenix.LiveView.LiveStream{name: :presences, dom_id: #Function<3.25360562/1 in Phoenix.LiveView.LiveStream.new/4>, ref: "0", inserts: [], deletes: [], reset?: false, consumable?: false}, __configured__: %{}, __ref__: 1}, graph_topic: "graph_update:Satre", live_view_topic: "graph_update:phx-GFnBCot8yZPqjhth", node_menu_visible: true, can_edit: true, drawer_open: true, ask_question: true, search_results: [], candidate_ids: [], show_group_modal: false, f_graph: "[{\"data\":{\"id\":\"3\",\"parent\":null,\"content\":\"Jean-Paul Sartre's conception of freedom is both profound and transformative, offering a radical rethinking of human existence and agency. His assertion that humans are \\\"condemned to be free\\\" captures the essence of his existential philosophy, which emphasizes the inescapable nature of freedom and the profound responsibility it entails. Sartre's view is not merely a philosophical abstraction but a call to action, urging individuals to confront the weight of their choices and the authenticity of their lives.\\n\\nAt the heart of Sartre's philosophy is the idea of **radical freedom**, which posits that we are free to choose in every moment, regardless of external constraints. This freedom is not a privilege but a fundamental aspect of our being. Even in situations where our options seem limited, we retain the freedom to interpret and respond to our circumstances. This perspective is empowering, as it affirms our capacity to shape our lives through our choices, but it is also daunting, as it places the full burden of responsibility on us. Sartre challenges us to recognize that we cannot blame others, society, or fate for our actions; we alone are accountable for who we become.\\n\\nThis responsibility is closely tied to the concept of **authenticity**. Sartre argues that to live authentically is to fully embrace our freedom and the responsibility it entails. In contrast, \\\"bad faith\\\" represents a denial of this freedom, a retreat into self-deception where we conform to societal roles or external expectations to avoid the anxiety of choice. Sartre's critique of bad faith is a powerful reminder that true freedom requires courage—the courage to confront the uncertainty of existence and to define ourselves through our actions.\\n\\nSartre's famous dictum, **\\\"existence precedes essence,\\\"** further underscores his view of freedom. Unlike objects, which have predetermined purposes, humans are not born with a fixed essence. Instead, we create our essence through our choices and actions. This means that we are not bound by any inherent nature or destiny; we are free to reinvent ourselves continually. This idea is liberating, as it affirms the boundless potential of human agency, but it also demands that we take ownership of our lives and the values we choose to uphold.\\n\\nThe emotional dimensions of Sartre's philosophy—**anguish and despair**—reveal the existential challenges that accompany radical freedom. Anguish arises from the awareness of our responsibility, while despair stems from the recognition that we cannot control external events or the actions of others. Yet, Sartre does not see these emotions as reasons to retreat from freedom. Instead, he views them as integral to the human condition, urging us to confront them with resolve and to continue making choices despite the inherent uncertainty of life.\\n\\nFinally, Sartre's acknowledgment of **freedom in situations** adds nuance to his philosophy. While he insists on our fundamental freedom, he also recognizes that our choices are made within specific contexts—physical, social, and historical. These constraints shape the possibilities available to us, but they do not negate our freedom to interpret and respond to our circumstances. This balance between freedom and constraint highlights the complexity of human existence and the ongoing struggle to assert our agency in a world that often seems beyond our control.\\n\\nIn conclusion, Sartre's view of freedom is both a profound insight and a call to action. It challenges us to embrace our freedom, take responsibility for our choices, and live authentically, even in the face of existential challenges. By doing so, we not only affirm our humanity but also contribute to the ongoing creation of meaning in a world that offers no guarantees. Sartre's philosophy is a reminder that, while freedom may be daunting, it is also the source of our greatest potential.\"},\"classes\":\"thesis\"},{\"data\":{\"id\":\"6\",\"parent\":null,\"content\":\"Certainly! Let’s delve deeper into the criticisms of Sartre’s philosophy " <> ..., group_changeset: %Phoenix.HTML.Form{source: %{"title" => ""}, impl: Phoenix.HTML.FormData.Map, id: nil, name: nil, data: %{}, action: nil, hidden: [], params: %{"title" => ""}, errors: [], options: [], index: nil}, graph_operation: ""}, transport_pid: #PID<0.1129.0>, ...>

          Attempted function clauses (showing 10 out of 22):

              def handle_event(-"nodes_box_selected"-, -%{"ids" => ids}-, socket)
              def handle_event(-"cancel_group"-, _, socket)
              def handle_event(-"group_nodes"-, -%{"title" => t, "ids" => ids}-, socket)
              def handle_event(-"node:join_group"-, -%{"node" => nid, "parent" => gid}-, socket)
              def handle_event(-"node:leave_group"-, -%{"node" => nid}-, socket)
              def handle_event(-"toggle_drawer"-, _, socket)
              def handle_event(-"search_nodes"-, params, socket)
              def handle_event(-"clear_search"-, _, socket)
              def handle_event(-"toggle_ask_question"-, _, socket)
              def handle_event(-"toggle_lock_graph"-, _, socket)
              ...
              (12 clauses not shown)

          stacktrace:
            (dialectic 0.1.0) lib/dialectic_web/live/graph_live.ex:78: DialecticWeb.GraphLive.handle_event/3
            (phoenix_live_view 1.0.3) lib/phoenix_live_view/channel.ex:508: anonymous fn/3 in Phoenix.LiveView.Channel.view_handle_event/3
            (telemetry 1.3.0) /Users/tomberman/Development/dialectic/deps/telemetry/src/telemetry.erl:324: :telemetry.span/3
            (phoenix_live_view 1.0.3) lib/phoenix_live_view/channel.ex:260: Phoenix.LiveView.Channel.handle_info/2
            (stdlib 6.2) gen_server.erl:2345: :gen_server.try_handle_info/3
            (stdlib 6.2) gen_server.erl:2433: :gen_server.handle_msg/6
            (stdlib 6.2) proc_lib.erl:329: :proc_lib.init_p_do_apply/3


  * test handle_event/3 KeyBoardInterface with key 'Control' resets key_buffer [L#44]10:36:20.904 [error] GenServer #PID<0.1141.0> terminating
** (FunctionClauseError) no function clause matching in DialecticWeb.GraphLive.handle_event/3
    (dialectic 0.1.0) lib/dialectic_web/live/graph_live.ex:78: DialecticWeb.GraphLive.handle_event("KeyBoardInterface", %{"cmdKey" => true, "key" => "x"}, #Phoenix.LiveView.Socket<id: "phx-GFnBCo0Y8Z7h2hwB", endpoint: DialecticWeb.Endpoint, view: DialecticWeb.GraphLive, parent_pid: nil, root_pid: #PID<0.1141.0>, router: DialecticWeb.Router, assigns: %{node: %Dialectic.Graph.Vertex{id: "1", content: "What does Satre think about freedom?", class: "user", user: nil, parent: nil, parents: [], children: [%Dialectic.Graph.Vertex{id: "2", content: "Jean-Paul Sartre, a prominent existentialist philosopher, has a profound and complex view on freedom. Central to his philosophy is the idea that human beings are \"condemned to be free.\" This means that freedom is an inherent and inescapable aspect of human existence. Here are some key points about Sartre's conception of freedom:\n\n1. **Radical Freedom**: Sartre believes that humans have radical freedom, meaning that we are free to choose our actions in every situation. This freedom is not just a possibility but a fundamental aspect of our being. We are constantly faced with choices, and even the refusal to choose is itself a choice.\n\n2. **Responsibility**: With this radical freedom comes immense responsibility. Since we are free to choose, we are also responsible for our choices and their consequences. Sartre argues that we cannot escape this responsibility by blaming circumstances, other people, or external factors. We must own our decisions and their outcomes.\n\n3. **Authenticity and Bad Faith**: Sartre distinguishes between living authentically and living in \"bad faith.\" Authenticity involves acknowledging our freedom and taking responsibility for our choices. Bad faith, on the other hand, is a form of self-deception where we deny our freedom and responsibility, often by conforming to societal expectations or adopting predefined roles.\n\n4. **Existence Precedes Essence**: Sartre's famous dictum \"existence precedes essence\" underscores his view on freedom. Unlike objects that have a predetermined essence or purpose, humans first exist and then define themselves through their choices and actions. This means that we are not born with a fixed nature or destiny; we create our essence through our free actions.\n\n5. **Anguish and Despair**: The realization of our radical freedom can lead to feelings of anguish and despair. Anguish arises from the awareness of our responsibility for our choices, while despair comes from the recognition that we cannot control external events or the actions of others. Despite these feelings, Sartre emphasizes that we must continue to make choices and act in the world.\n\n6. **Freedom in Situations**: While Sartre asserts that we are fundamentally free, he also acknowledges that our freedom is always situated within a specific context. Our choices are made within the constraints of our physical, social, and historical circumstances. However, even within these constraints, we retain the freedom to interpret and respond to our situation in various ways.\n\nIn summary, Sartre's view of freedom is both empowering and daunting. It places the burden of choice and responsibility squarely on the individual, urging us to live authentically and embrace our freedom, even in the face of uncertainty and existential challenges.", class: "answer", user: nil, parent: nil, parents: [], children: [], noted_by: [], deleted: false, compound: nil}], noted_by: [], deleted: false, compound: nil}, user: "tester@example.com", form: %Phoenix.HTML.Form{source: #Ecto.Changeset<action: nil, changes: %{}, errors: [], data: #Dialectic.Graph.Vertex<>, valid?: true, ...>, impl: Phoenix.HTML.FormData.Ecto.Changeset, id: "vertex", name: "vertex", data: %Dialectic.Graph.Vertex{id: "NewNode", content: "", class: "", user: "tester@example.com", parent: nil, parents: [], children: [], noted_by: [], deleted: false, compound: false}, action: nil, hidden: [], params: %{}, errors: [], options: [method: "post"], index: nil}, __changed__: %{}, current_user: #Dialectic.Accounts.User<__meta__: #Ecto.Schema.Metadata<:loaded, "users">, id: 4035, email: "tester@example.com", confirmed_at: nil, graphs: #Ecto.Association.NotLoaded<association :graphs is not loaded>, notes: #Ecto.Association.NotLoaded<association :notes is not loaded>, inserted_at: ~U[2025-08-08 09:36:20Z], updated_at: ~U[2025-08-08 09:36:20Z], ...>, flash: %{}, graph: {:digraph, #Reference<0.3960962147.1597374465.157950>, #Reference<0.3960962147.1597374465.157951>, #Reference<0.3960962147.1597374465.157952>, true}, search_term: "", graph_id: "Satre", key_buffer: "", show_combine: false, graph_struct: %Dialectic.Accounts.Graph{__meta__: #Ecto.Schema.Metadata<:loaded, "graphs">, title: "Satre", data: %{"edges" => [%{"data" => %{"id" => "24", "source" => "2", "target" => "4"}}, %{"data" => %{"id" => "23", "source" => "2", "target" => "3"}}, %{"data" => %{"id" => "12", "source" => "1", "target" => "2"}}, %{"data" => %{"id" => "56", "source" => "5", "target" => "6"}}, %{"data" => %{"id" => "45", "source" => "4", "target" => "5"}}], "nodes" => [%{"class" => "thesis", "content" => "Jean-Paul Sartre's conception of freedom is both profound and transformative, offering a radical rethinking of human existence and agency. His assertion that humans are \"condemned to be free\" captures the essence of his existential philosophy, which emphasizes the inescapable nature of freedom and the profound responsibility it entails. Sartre's view is not merely a philosophical abstraction but a call to action, urging individuals to confront the weight of their choices and the authenticity of their lives.\n\nAt the heart of Sartre's philosophy is the idea of **radical freedom**, which posits that we are free to choose in every moment, regardless of external constraints. This freedom is not a privilege but a fundamental aspect of our being. Even in situations where our options seem limited, we retain the freedom to interpret and respond to our circumstances. This perspective is empowering, as it affirms our capacity to shape our lives through our choices, but it is also daunting, as it places the full burden of responsibility on us. Sartre challenges us to recognize that we cannot blame others, society, or fate for our actions; we alone are accountable for who we become.\n\nThis responsibility is closely tied to the concept of **authenticity**. Sartre argues that to live authentically is to fully embrace our freedom and the responsibility it entails. In contrast, \"bad faith\" represents a denial of this freedom, a retreat into self-deception where we conform to societal roles or external expectations to avoid the anxiety of choice. Sartre's critique of bad faith is a powerful reminder that true freedom requires courage—the courage to confront the uncertainty of existence and to define ourselves through our actions.\n\nSartre's famous dictum, **\"existence precedes essence,\"** further underscores his view of freedom. Unlike objects, which have predetermined purposes, humans are not born with a fixed essence. Instead, we create our essence through our choices and actions. This means that we are not bound by any inherent nature or destiny; we are free to reinvent ourselves continually. This idea is liberating, as it affirms the boundless potential of human agency, but it also demands that we take ownership of our lives and the values we choose to uphold.\n\nThe emotional dimensions of Sartre's philosophy—**anguish and despair**—reveal the existential challenges that accompany radical freedom. Anguish arises from the awareness of our responsibility, while despair stems from the recognition that we cannot control external events or the actions of others. Yet, Sartre does not see these emotions as reasons to retreat from freedom. Instead, he views them as integral to the human condition, urging us to confront them with resolve and to continue makin (truncated)
10:36:20.907 [error] GenServer #PID<0.1139.0> terminating
** (FunctionClauseError) no function clause matching in DialecticWeb.GraphLive.handle_event/3
    (dialectic 0.1.0) lib/dialectic_web/live/graph_live.ex:78: DialecticWeb.GraphLive.handle_event("KeyBoardInterface", %{"cmdKey" => true, "key" => "x"}, #Phoenix.LiveView.Socket<id: "phx-GFnBCo0Y8Z7h2hwB", endpoint: DialecticWeb.Endpoint, view: DialecticWeb.GraphLive, parent_pid: nil, root_pid: #PID<0.1141.0>, router: DialecticWeb.Router, assigns: %{node: %Dialectic.Graph.Vertex{id: "1", content: "What does Satre think about freedom?", class: "user", user: nil, parent: nil, parents: [], children: [%Dialectic.Graph.Vertex{id: "2", content: "Jean-Paul Sartre, a prominent existentialist philosopher, has a profound and complex view on freedom. Central to his philosophy is the idea that human beings are \"condemned to be free.\" This means that freedom is an inherent and inescapable aspect of human existence. Here are some key points about Sartre's conception of freedom:\n\n1. **Radical Freedom**: Sartre believes that humans have radical freedom, meaning that we are free to choose our actions in every situation. This freedom is not just a possibility but a fundamental aspect of our being. We are constantly faced with choices, and even the refusal to choose is itself a choice.\n\n2. **Responsibility**: With this radical freedom comes immense responsibility. Since we are free to choose, we are also responsible for our choices and their consequences. Sartre argues that we cannot escape this responsibility by blaming circumstances, other people, or external factors. We must own our decisions and their outcomes.\n\n3. **Authenticity and Bad Faith**: Sartre distinguishes between living authentically and living in \"bad faith.\" Authenticity involves acknowledging our freedom and taking responsibility for our choices. Bad faith, on the other hand, is a form of self-deception where we deny our freedom and responsibility, often by conforming to societal expectations or adopting predefined roles.\n\n4. **Existence Precedes Essence**: Sartre's famous dictum \"existence precedes essence\" underscores his view on freedom. Unlike objects that have a predetermined essence or purpose, humans first exist and then define themselves through their choices and actions. This means that we are not born with a fixed nature or destiny; we create our essence through our free actions.\n\n5. **Anguish and Despair**: The realization of our radical freedom can lead to feelings of anguish and despair. Anguish arises from the awareness of our responsibility for our choices, while despair comes from the recognition that we cannot control external events or the actions of others. Despite these feelings, Sartre emphasizes that we must continue to make choices and act in the world.\n\n6. **Freedom in Situations**: While Sartre asserts that we are fundamentally free, he also acknowledges that our freedom is always situated within a specific context. Our choices are made within the constraints of our physical, social, and historical circumstances. However, even within these constraints, we retain the freedom to interpret and respond to our situation in various ways.\n\nIn summary, Sartre's view of freedom is both empowering and daunting. It places the burden of choice and responsibility squarely on the individual, urging us to live authentically and embrace our freedom, even in the face of uncertainty and existential challenges.", class: "answer", user: nil, parent: nil, parents: [], children: [], noted_by: [], deleted: false, compound: nil}], noted_by: [], deleted: false, compound: nil}, user: "tester@example.com", form: %Phoenix.HTML.Form{source: #Ecto.Changeset<action: nil, changes: %{}, errors: [], data: #Dialectic.Graph.Vertex<>, valid?: true, ...>, impl: Phoenix.HTML.FormData.Ecto.Changeset, id: "vertex", name: "vertex", data: %Dialectic.Graph.Vertex{id: "NewNode", content: "", class: "", user: "tester@example.com", parent: nil, parents: [], children: [], noted_by: [], deleted: false, compound: false}, action: nil, hidden: [], params: %{}, errors: [], options: [method: "post"], index: nil}, __changed__: %{}, current_user: #Dialectic.Accounts.User<__meta__: #Ecto.Schema.Metadata<:loaded, "users">, id: 4035, email: "tester@example.com", confirmed_at: nil, graphs: #Ecto.Association.NotLoaded<association :graphs is not loaded>, notes: #Ecto.Association.NotLoaded<association :notes is not loaded>, inserted_at: ~U[2025-08-08 09:36:20Z], updated_at: ~U[2025-08-08 09:36:20Z], ...>, flash: %{}, graph: {:digraph, #Reference<0.3960962147.1597374465.157950>, #Reference<0.3960962147.1597374465.157951>, #Reference<0.3960962147.1597374465.157952>, true}, search_term: "", graph_id: "Satre", key_buffer: "", show_combine: false, graph_struct: %Dialectic.Accounts.Graph{__meta__: #Ecto.Schema.Metadata<:loaded, "graphs">, title: "Satre", data: %{"edges" => [%{"data" => %{"id" => "24", "source" => "2", "target" => "4"}}, %{"data" => %{"id" => "23", "source" => "2", "target" => "3"}}, %{"data" => %{"id" => "12", "source" => "1", "target" => "2"}}, %{"data" => %{"id" => "56", "source" => "5", "target" => "6"}}, %{"data" => %{"id" => "45", "source" => "4", "target" => "5"}}], "nodes" => [%{"class" => "thesis", "content" => "Jean-Paul Sartre's conception of freedom is both profound and transformative, offering a radical rethinking of human existence and agency. His assertion that humans are \"condemned to be free\" captures the essence of his existential philosophy, which emphasizes the inescapable nature of freedom and the profound responsibility it entails. Sartre's view is not merely a philosophical abstraction but a call to action, urging individuals to confront the weight of their choices and the authenticity of their lives.\n\nAt the heart of Sartre's philosophy is the idea of **radical freedom**, which posits that we are free to choose in every moment, regardless of external constraints. This freedom is not a privilege but a fundamental aspect of our being. Even in situations where our options seem limited, we retain the freedom to interpret and respond to our circumstances. This perspective is empowering, as it affirms our capacity to shape our lives through our choices, but it is also daunting, as it places the full burden of responsibility on us. Sartre challenges us to recognize that we cannot blame others, society, or fate for our actions; we alone are accountable for who we become.\n\nThis responsibility is closely tied to the concept of **authenticity**. Sartre argues that to live authentically is to fully embrace our freedom and the responsibility it entails. In contrast, \"bad faith\" represents a denial of this freedom, a retreat into self-deception where we conform to societal roles or external expectations to avoid the anxiety of choice. Sartre's critique of bad faith is a powerful reminder that true freedom requires courage—the courage to confront the uncertainty of existence and to define ourselves through our actions.\n\nSartre's famous dictum, **\"existence precedes essence,\"** further underscores his view of freedom. Unlike objects, which have predetermined purposes, humans are not born with a fixed essence. Instead, we create our essence through our choices and actions. This means that we are not bound by any inherent nature or destiny; we are free to reinvent ourselves continually. This idea is liberating, as it affirms the boundless potential of human agency, but it also demands that we take ownership of our lives and the values we choose to uphold.\n\nThe emotional dimensions of Sartre's philosophy—**anguish and despair**—reveal the existential challenges that accompany radical freedom. Anguish arises from the awareness of our responsibility, while despair stems from the recognition that we cannot control external events or the actions of others. Yet, Sartre does not see these emotions as reasons to retreat from freedom. Instead, he views them as integral to the human condition, urging us to confront them with resolve and to continue makin (truncated)
  * test handle_event/3 KeyBoardInterface with key 'Control' resets key_buffer (0.00ms) [L#44]

 13) test handle_event/3 KeyBoardInterface with key 'Control' resets key_buffer (DialecticWeb.GraphLiveTest)
     test/dialectic_web/live/graph_live_test.exs:44
     ** (EXIT from #PID<0.1136.0>) an exception was raised:

          ** (FunctionClauseError) no function clause matching in DialecticWeb.GraphLive.handle_event/3

          The following arguments were given to DialecticWeb.GraphLive.handle_event/3:

              # 1
              "KeyBoardInterface"

              # 2
              %{"cmdKey" => true, "key" => "x"}

              # 3
              #Phoenix.LiveView.Socket<id: "phx-GFnBCo0Y8Z7h2hwB", endpoint: DialecticWeb.Endpoint, view: DialecticWeb.GraphLive, parent_pid: nil, root_pid: #PID<0.1141.0>, router: DialecticWeb.Router, assigns: %{node: %Dialectic.Graph.Vertex{id: "1", content: "What does Satre think about freedom?", class: "user", user: nil, parent: nil, parents: [], children: [%Dialectic.Graph.Vertex{id: "2", content: "Jean-Paul Sartre, a prominent existentialist philosopher, has a profound and complex view on freedom. Central to his philosophy is the idea that human beings are \"condemned to be free.\" This means that freedom is an inherent and inescapable aspect of human existence. Here are some key points about Sartre's conception of freedom:\n\n1. **Radical Freedom**: Sartre believes that humans have radical freedom, meaning that we are free to choose our actions in every situation. This freedom is not just a possibility but a fundamental aspect of our being. We are constantly faced with choices, and even the refusal to choose is itself a choice.\n\n2. **Responsibility**: With this radical freedom comes immense responsibility. Since we are free to choose, we are also responsible for our choices and their consequences. Sartre argues that we cannot escape this responsibility by blaming circumstances, other people, or external factors. We must own our decisions and their outcomes.\n\n3. **Authenticity and Bad Faith**: Sartre distinguishes between living authentically and living in \"bad faith.\" Authenticity involves acknowledging our freedom and taking responsibility for our choices. Bad faith, on the other hand, is a form of self-deception where we deny our freedom and responsibility, often by conforming to societal expectations or adopting predefined roles.\n\n4. **Existence Precedes Essence**: Sartre's famous dictum \"existence precedes essence\" underscores his view on freedom. Unlike objects that have a predetermined essence or purpose, humans first exist and then define themselves through their choices and actions. This means that we are not born with a fixed nature or destiny; we create our essence through our free actions.\n\n5. **Anguish and Despair**: The realization of our radical freedom can lead to feelings of anguish and despair. Anguish arises from the awareness of our responsibility for our choices, while despair comes from the recognition that we cannot control external events or the actions of others. Despite these feelings, Sartre emphasizes that we must continue to make choices and act in the world.\n\n6. **Freedom in Situations**: While Sartre asserts that we are fundamentally free, he also acknowledges that our freedom is always situated within a specific context. Our choices are made within the constraints of our physical, social, and historical circumstances. However, even within these constraints, we retain the freedom to interpret and respond to our situation in various ways.\n\nIn summary, Sartre's view of freedom is both empowering and daunting. It places the burden of choice and responsibility squarely on the individual, urging us to live authentically and embrace our freedom, even in the face of uncertainty and existential challenges.", class: "answer", user: nil, parent: nil, parents: [], children: [], noted_by: [], deleted: false, compound: nil}], noted_by: [], deleted: false, compound: nil}, user: "tester@example.com", form: %Phoenix.HTML.Form{source: #Ecto.Changeset<action: nil, changes: %{}, errors: [], data: #Dialectic.Graph.Vertex<>, valid?: true, ...>, impl: Phoenix.HTML.FormData.Ecto.Changeset, id: "vertex", name: "vertex", data: %Dialectic.Graph.Vertex{id: "NewNode", content: "", class: "", user: "tester@example.com", parent: nil, parents: [], children: [], noted_by: [], deleted: false, compound: false}, action: nil, hidden: [], params: %{}, errors: [], options: [method: "post"], index: nil}, __changed__: %{}, current_user: #Dialectic.Accounts.User<__meta__: #Ecto.Schema.Metadata<:loaded, "users">, id: 4035, email: "tester@example.com", confirmed_at: nil, graphs: #Ecto.Association.NotLoaded<association :graphs is not loaded>, notes: #Ecto.Association.NotLoaded<association :notes is not loaded>, inserted_at: ~U[2025-08-08 09:36:20Z], updated_at: ~U[2025-08-08 09:36:20Z], ...>, flash: %{}, graph: {:digraph, #Reference<0.3960962147.1597374465.157950>, #Reference<0.3960962147.1597374465.157951>, #Reference<0.3960962147.1597374465.157952>, true}, search_term: "", graph_id: "Satre", key_buffer: "", show_combine: false, graph_struct: %Dialectic.Accounts.Graph{__meta__: #Ecto.Schema.Metadata<:loaded, "graphs">, title: "Satre", data: %{"edges" => [%{"data" => %{"id" => "24", "source" => "2", "target" => "4"}}, %{"data" => %{"id" => "23", "source" => "2", "target" => "3"}}, %{"data" => %{"id" => "12", "source" => "1", "target" => "2"}}, %{"data" => %{"id" => "56", "source" => "5", "target" => "6"}}, %{"data" => %{"id" => "45", "source" => "4", "target" => "5"}}], "nodes" => [%{"class" => "thesis", "content" => "Jean-Paul Sartre's conception of freedom is both profound and transformative, offering a radical rethinking of human existence and agency. His assertion that humans are \"condemned to be free\" captures the essence of his existential philosophy, which emphasizes the inescapable nature of freedom and the profound responsibility it entails. Sartre's view is not merely a philosophical abstraction but a call to action, urging individuals to confront the weight of their choices and the authenticity of their lives.\n\nAt the heart of Sartre's philosophy is the idea of **radical freedom**, which posits that we are free to choose in every moment, regardless of external constraints. This freedom is not a privilege but a fundamental aspect of our being. Even in situations where our options seem limited, we retain the freedom to interpret and respond to our circumstances. This perspective is empowering, as it affirms our capacity to shape our lives through our choices, but it is also daunting, as it places the full burden of responsibility on us. Sartre challenges us to recognize that we cannot blame others, society, or fate for our actions; we alone are accountable for who we become.\n\nThis responsibility is closely tied to the concept of **authenticity**. Sartre argues that to live authentically is to fully embrace our freedom and the responsibility it entails. In contrast, \"bad faith\" represents a denial of this freedom, a retreat into self-deception where we conform to societal roles or external expectations to avoid the anxiety of choice. Sartre's critique of bad faith is a powerful reminder that true freedom requires courage—the courage to confront the uncertainty of existence and to define ourselves through our actions.\n\nSartre's famous dictum, **\"existence precedes essence,\"** further underscores his view of freedom. Unlike objects, which have predetermined purposes, humans are not born with a fixed essence. Instead, we create our essence through our choices and actions. This means that we are not bound by any inherent nature or destiny; we are free to reinvent ourselves continually. This idea is liberating, as it affirms the boundless potential of human agency, but it also demands that we take ownership of our lives and the values we choose to uphold.\n\nThe emotional dimensions of Sartre's philosophy—**anguish and despair**—reveal the existential challenges that accompany radical freedom. Anguish arises from the awareness of our responsibility, while despair stems from the recognition that we cannot control external events or the actions of others. Yet, Sartre does not see these emotions as reasons to retreat from freedom. Instead, he views them as integral to the human condition, urging us to confront them with resolve and to continue making choices despite the inherent uncertainty of life.\n\nFinally, Sartre's acknowledgment of **freedom in situations** adds nuance to his philosophy. While he insists on our fundamental freedom, he also recognizes that our choices are made within specific contexts—physical, social, and historical. These constraints shape the possibilities available to us, but they do not negate our freedom to interpret and respond to our circumstances. This balance between freedom and constraint highlights the complexity of human existence and the ongoing struggle to assert our agency in a world that often seems beyond our control.\n\nIn conclusion, Sartre's view of freedom is both a profound insight and a call to action. It challenges us to embrace our freedom, take responsibility for our choices, and live authentically, even in the face of existential challenges. By doing so, we not only affirm our humanity but also contribute to the ongoing creation of meaning in a world that offers no guarantees. Sartre's philosophy is a reminder that, while freedom may be daunting, it is also the source of our greatest potential.", "deleted" => false, "id" => "3", "noted_by" => [], "user" => nil}, %{"class" => "answer", "content" => "Certainly! Let’s delve deeper into the criticisms of Sartre’s philosophy of radical freedom and explore additional dimensions of the debate, as well as potential responses from a Sartrean perspective.\n\n---\n\n### 6. **The Role of Authenticity and Bad Faith**:\nSartre’s concept of *authenticity*—living in accordance with one’s true self and embracing freedom—is central to his philosophy. However, critics argue that his notion of *bad faith* (self-deception or denying one’s freedom) oversimplifies the complexities of human psychology. For instance, individuals may not always be fully aware of the constraints or influences shaping their decisions, making it difficult to distinguish between authentic choices and those made under duress. Sartre’s binary framework of authenticity versus bad faith may fail to capture the nuanced ways in which people navigate their circumstances.\n\n**Sartrean Response**: Sartre might argue that even in situations of extreme constraint, individuals retain the freedom to interpret and give meaning to their circumstances. For example, a prisoner may not be free to leave their cell, but they can choose how to respond to their imprisonment—whether with defiance, resignation, or creativity. This existentialist perspective emphasizes the subjective dimension of freedom, even in the face of objective limitations.\n\n---\n\n### 7. **The Problem of Intersubjectivity**:\nSartre’s philosophy has been criticized for its limited engagement with *intersubjectivity*—the ways in which individuals relate to and influence one another. In *Being and Nothingness*, Sartre famously describes interpersonal relationships as inherently conflictual, encapsulated in his phrase, “Hell is other people.” This pessimistic view of human relationships can be seen as undermining the potential for mutual understanding, cooperation, and collective freedom.\n\n**Sartrean Response**: Later in his career, Sartre attempted to address this critique by incorporating Marxist ideas into his existentialist framework. In works like *Critique of Dialectical Reason*, he explored how collective action and solidarity could emerge from shared struggles against oppression. While this shift marked a departure from his earlier individualistic focus, some critics argue that it did not fully resolve the tension between existential freedom and collective responsibility.\n\n---\n\n### 8. **Cultural and Historical Specificity**:\nSartre’s philosophy has been criticized for its universalist claims about human freedom, which may not account for the cultural and historical specificity of human experience. For example, the emphasis on individual autonomy and self-creation may reflect a Western, modernist perspective that does not resonate with non-Western or traditional societies, where communal values and collective identities often take precedence.\n\n**Sartrean Response**: Sartre might counter that his philosophy is not meant to prescribe a specific way of life but rather to highlight the universal condition of human freedom. He could argue that even in cultures where collective identities are emphasized, individuals still face existential choices about how to interpret and live within those frameworks.\n\n---\n\n### 9. **Freedom and Privilege**:\nCritics have pointed out that Sartre’s emphasis on radical freedom may inadvertently privilege those who already enjoy significant social and economic advantages. For example, a wealthy individual with access to education and resources may experience their freedom in a way that is qualitatively different from someone struggling to meet basic needs. Sartre’s philosophy risks obscuring these disparities by treating freedom as an abstract, universal condition.\n\n**Sartrean Response**: Sartre might acknowledge this critique and argue that his philosophy is not meant to ignore material conditions but to challenge individuals to confront and transcend them. He could point to his own political activism as evidence of his commitment to addressing systemic inequalities, even as he maintained a focus on individual responsibility.\n\n---\n\n### 10. *" <> ..., "deleted" => false, "id" => "6", "noted_by" => [], "user" => "tester@example.com"}, %{"class" => "user", "content" => "tell me more", "deleted" => false, "id" => "5", "noted_by" => [], "user" => "tester@example.com"}, %{"class" => "user", "content" => "What does Satre think about freedom?", "deleted" => false, "id" => "1", "noted_by" => [], "user" => nil}, %{"class" => "answer", "content" => "Jean-Paul Sartre, a prominent existentialist philosopher, has a profound and complex view on freedom. Central to his philosophy is the idea that human beings are \"condemned to be free.\" This means that freedom is an inherent and inescapable aspect of human existence. Here are some key points about Sartre's conception of freedom:\n\n1. **Radical Freedom**: Sartre believes that humans have radical freedom, meaning that we are free to choose our actions in every situation. This freedom is not just a possibility but a fundamental aspect of our being. We are constantly faced with choices, and even the refusal to choose is itself a choice.\n\n2. **Responsibility**: With this radical freedom comes immense responsibility. Since we are free to choose, we are also responsible for our choices and their consequences. Sartre argues that we cannot escape this responsibility by blaming circumstances, other people, or external factors. We must own our decisions and their outcomes.\n\n3. **Authenticity and Bad Faith**: Sartre distinguishes between living authentically and living in \"bad faith.\" Authenticity involves acknowledging our freedom and taking responsibility for our choices. Bad faith, on the other hand, is a form of self-deception where we deny our freedom and responsibility, often by conforming to societal expectations or adopting predefined roles.\n\n4. **Existence Precedes Essence**: Sartre's famous dictum \"existence precedes essence\" underscores his view on freedom. Unlike objects that have a predetermined essence or purpose, humans first exist and then define themselves through their choices and actions. This means that we are not born with a fixed nature or destiny; we create our essence through our free actions.\n\n5. **Anguish and Despair**: The realization of our radical freedom can lead to feelings of anguish and despair. Anguish arises from the awareness of our responsibility for our choices, while despair comes from the recognition that we cannot control external events or the actions of others. Despite these feelings, Sartre emphasizes that we must continue to make choices and act in the world.\n\n6. **Freedom in Situations**: While Sartre asserts that we are fundamentally free, he also acknowledges that our freedom is always situated within a specific context. Our choices are made within the constraints of our physical, social, and historical circumstances. However, even within these constraints, we retain the freedom to interpret and respond to our situation in various ways.\n\nIn summary, Sartre's view of freedom is both empowering and daunting. It places the burden of choice and responsibility squarely on the individual, urging us to live authentically and embrace our freedom, even in the face of uncertainty and existential challenges.", "deleted" => false, "id" => "2", "noted_by" => [], "user" => nil}, %{"class" => "antithesis", "content" => "While Jean-Paul Sartre's philosophy of radical freedom offers a compelling framework for understanding human agency and responsibility, it is not without significant criticisms. One of the most compelling arguments against Sartre's conception of freedom is that it underestimates the profound influence of external constraints on human decision-making, potentially leading to an overly individualistic and unrealistic view of human existence.\n\n### 1. **Overemphasis on Individual Agency**:\nSartre's notion of radical freedom places an extraordinary emphasis on individual choice, suggesting that we are entirely responsible for our actions and their consequences. However, this view can be criticized for neglecting the ways in which social, economic, and cultural structures shape our choices. For example, individuals born into poverty or oppressive regimes may have severely limited options, making the idea of \"radical freedom\" seem abstract and disconnected from their lived reality. Sartre's philosophy risks blaming individuals for circumstances largely beyond their control, ignoring the systemic forces that constrain their freedom.\n\n### 2. **Neglect of Collective Responsibility**:\nBy focusing so heavily on individual responsibility, Sartre's philosophy downplays the importance of collective responsibility and solidarity. Human beings are deeply interconnected, and many of the challenges we face—such as climate change, systemic inequality, or political oppression—require collective action rather than individual choices. Sartre's existentialist framework, with its emphasis on personal freedom, may inadvertently discourage the kind of communal efforts needed to address these large-scale issues.\n\n### 3. **Psychological Realism**:\nSartre's assertion that we are \"condemned to be free\" and must constantly bear the weight of our choices can be psychologically overwhelming. While he acknowledges the anguish and despair that accompany this realization, his philosophy offers little solace or practical guidance for coping with these feelings. Critics might argue that Sartre's view of freedom is too austere and fails to account for the human need for stability, meaning, and connection. In this sense, his philosophy may be seen as alienating rather than empowering.\n\n### 4. **Freedom Within Constraints**:\nAlthough Sartre acknowledges that freedom is always situated within specific contexts, his emphasis on radical freedom can still be interpreted as downplaying the extent to which these constraints limit our choices. For instance, a person living under a dictatorship may have the \"freedom\" to resist, but the consequences of such resistance (e.g., imprisonment or death) may render this freedom largely theoretical. Sartre's philosophy risks romanticizing freedom by not adequately addressing the ways in which power dynamics and structural inequalities can render certain choices practically impossible.\n\n### 5. **Existentialism and Determinism**:\nSartre's rejection of determinism—the idea that human actions are determined by prior causes—can be seen as overly simplistic. While it is true that humans have the capacity for choice, our decisions are often influenced by biological, psychological, and environmental factors that are not entirely within our control. By dismissing these influences, Sartre's philosophy may fail to provide a nuanced understanding of human behavior, which is often a complex interplay of freedom and determinism.\n\n### Conclusion:\nWhile Sartre's philosophy of radical freedom offers a powerful critique of complacency and conformity, it can be criticized for its overemphasis on individual agency and its neglect of the structural and collective dimensions of human existence. By failing to adequately account for the ways in which external constraints shape our choices, Sartre's view of freedom risks becoming an abstract ideal rather than a practical guide for navigating the complexities of real life. A more balanced approach would recognize both the possibilities and limitations of human freedom, acknowledging the interplay between " <> ..., "deleted" => false, "id" => "4", "noted_by" => [], "user" => nil}]}, is_public: true, is_published: true, is_deleted: false, user_id: nil, user: #Ecto.Association.NotLoaded<association :user is not loaded>, notes: #Ecto.Association.NotLoaded<association :notes is not loaded>, inserted_at: ~U[2025-08-08 09:36:20Z], updated_at: ~U[2025-08-08 09:36:20Z]}, live_action: nil, streams: %{__changed__: MapSet.new([]), presences: %Phoenix.LiveView.LiveStream{name: :presences, dom_id: #Function<3.25360562/1 in Phoenix.LiveView.LiveStream.new/4>, ref: "0", inserts: [], deletes: [], reset?: false, consumable?: false}, __configured__: %{}, __ref__: 1}, graph_topic: "graph_update:Satre", live_view_topic: "graph_update:phx-GFnBCo0Y8Z7h2hwB", node_menu_visible: true, can_edit: true, drawer_open: true, ask_question: true, search_results: [], candidate_ids: [], show_group_modal: false, f_graph: "[{\"data\":{\"id\":\"3\",\"parent\":null,\"content\":\"Jean-Paul Sartre's conception of freedom is both profound and transformative, offering a radical rethinking of human existence and agency. His assertion that humans are \\\"condemned to be free\\\" captures the essence of his existential philosophy, which emphasizes the inescapable nature of freedom and the profound responsibility it entails. Sartre's view is not merely a philosophical abstraction but a call to action, urging individuals to confront the weight of their choices and the authenticity of their lives.\\n\\nAt the heart of Sartre's philosophy is the idea of **radical freedom**, which posits that we are free to choose in every moment, regardless of external constraints. This freedom is not a privilege but a fundamental aspect of our being. Even in situations where our options seem limited, we retain the freedom to interpret and respond to our circumstances. This perspective is empowering, as it affirms our capacity to shape our lives through our choices, but it is also daunting, as it places the full burden of responsibility on us. Sartre challenges us to recognize that we cannot blame others, society, or fate for our actions; we alone are accountable for who we become.\\n\\nThis responsibility is closely tied to the concept of **authenticity**. Sartre argues that to live authentically is to fully embrace our freedom and the responsibility it entails. In contrast, \\\"bad faith\\\" represents a denial of this freedom, a retreat into self-deception where we conform to societal roles or external expectations to avoid the anxiety of choice. Sartre's critique of bad faith is a powerful reminder that true freedom requires courage—the courage to confront the uncertainty of existence and to define ourselves through our actions.\\n\\nSartre's famous dictum, **\\\"existence precedes essence,\\\"** further underscores his view of freedom. Unlike objects, which have predetermined purposes, humans are not born with a fixed essence. Instead, we create our essence through our choices and actions. This means that we are not bound by any inherent nature or destiny; we are free to reinvent ourselves continually. This idea is liberating, as it affirms the boundless potential of human agency, but it also demands that we take ownership of our lives and the values we choose to uphold.\\n\\nThe emotional dimensions of Sartre's philosophy—**anguish and despair**—reveal the existential challenges that accompany radical freedom. Anguish arises from the awareness of our responsibility, while despair stems from the recognition that we cannot control external events or the actions of others. Yet, Sartre does not see these emotions as reasons to retreat from freedom. Instead, he views them as integral to the human condition, urging us to confront them with resolve and to continue making choices despite the inherent uncertainty of life.\\n\\nFinally, Sartre's acknowledgment of **freedom in situations** adds nuance to his philosophy. While he insists on our fundamental freedom, he also recognizes that our choices are made within specific contexts—physical, social, and historical. These constraints shape the possibilities available to us, but they do not negate our freedom to interpret and respond to our circumstances. This balance between freedom and constraint highlights the complexity of human existence and the ongoing struggle to assert our agency in a world that often seems beyond our control.\\n\\nIn conclusion, Sartre's view of freedom is both a profound insight and a call to action. It challenges us to embrace our freedom, take responsibility for our choices, and live authentically, even in the face of existential challenges. By doing so, we not only affirm our humanity but also contribute to the ongoing creation of meaning in a world that offers no guarantees. Sartre's philosophy is a reminder that, while freedom may be daunting, it is also the source of our greatest potential.\"},\"classes\":\"thesis\"},{\"data\":{\"id\":\"6\",\"parent\":null,\"content\":\"Certainly! Let’s delve deeper into the criticisms of Sartre’s philosophy " <> ..., group_changeset: %Phoenix.HTML.Form{source: %{"title" => ""}, impl: Phoenix.HTML.FormData.Map, id: nil, name: nil, data: %{}, action: nil, hidden: [], params: %{"title" => ""}, errors: [], options: [], index: nil}, graph_operation: ""}, transport_pid: #PID<0.1140.0>, ...>

          Attempted function clauses (showing 10 out of 22):

              def handle_event(-"nodes_box_selected"-, -%{"ids" => ids}-, socket)
              def handle_event(-"cancel_group"-, _, socket)
              def handle_event(-"group_nodes"-, -%{"title" => t, "ids" => ids}-, socket)
              def handle_event(-"node:join_group"-, -%{"node" => nid, "parent" => gid}-, socket)
              def handle_event(-"node:leave_group"-, -%{"node" => nid}-, socket)
              def handle_event(-"toggle_drawer"-, _, socket)
              def handle_event(-"search_nodes"-, params, socket)
              def handle_event(-"clear_search"-, _, socket)
              def handle_event(-"toggle_ask_question"-, _, socket)
              def handle_event(-"toggle_lock_graph"-, _, socket)
              ...
              (12 clauses not shown)

          stacktrace:
            (dialectic 0.1.0) lib/dialectic_web/live/graph_live.ex:78: DialecticWeb.GraphLive.handle_event/3
            (phoenix_live_view 1.0.3) lib/phoenix_live_view/channel.ex:508: anonymous fn/3 in Phoenix.LiveView.Channel.view_handle_event/3
            (telemetry 1.3.0) /Users/tomberman/Development/dialectic/deps/telemetry/src/telemetry.erl:324: :telemetry.span/3
            (phoenix_live_view 1.0.3) lib/phoenix_live_view/channel.ex:260: Phoenix.LiveView.Channel.handle_info/2
            (stdlib 6.2) gen_server.erl:2345: :gen_server.try_handle_info/3
            (stdlib 6.2) gen_server.erl:2433: :gen_server.handle_msg/6
            (stdlib 6.2) proc_lib.erl:329: :proc_lib.init_p_do_apply/3


  * test handle_info/2 stream_chunk info updates the node if node_id matches [L#138]  * test handle_info/2 stream_chunk info updates the node if node_id matches (63.5ms) [L#138]
  * test mount/3 assigns necessary values on mount with a current user [L#21]  * test mount/3 assigns necessary values on mount with a current user (13.0ms) [L#21]
  * test handle_event/3 modal_closed sets show_combine to false [L#58]10:36:20.999 [error] GenServer #PID<0.1174.0> terminating
** (FunctionClauseError) no function clause matching in DialecticWeb.GraphLive.handle_event/3
    (dialectic 0.1.0) lib/dialectic_web/live/graph_live.ex:78: DialecticWeb.GraphLive.handle_event("KeyBoardInterface", %{"cmdKey" => true, "key" => "c"}, #Phoenix.LiveView.Socket<id: "phx-GFnBCpK1Ds2lowMG", endpoint: DialecticWeb.Endpoint, view: DialecticWeb.GraphLive, parent_pid: nil, root_pid: #PID<0.1174.0>, router: DialecticWeb.Router, assigns: %{node: %Dialectic.Graph.Vertex{id: "1", content: "What does Satre think about freedom?", class: "user", user: nil, parent: nil, parents: [], children: [%Dialectic.Graph.Vertex{id: "2", content: "Jean-Paul Sartre, a prominent existentialist philosopher, has a profound and complex view on freedom. Central to his philosophy is the idea that human beings are \"condemned to be free.\" This means that freedom is an inherent and inescapable aspect of human existence. Here are some key points about Sartre's conception of freedom:\n\n1. **Radical Freedom**: Sartre believes that humans have radical freedom, meaning that we are free to choose our actions in every situation. This freedom is not just a possibility but a fundamental aspect of our being. We are constantly faced with choices, and even the refusal to choose is itself a choice.\n\n2. **Responsibility**: With this radical freedom comes immense responsibility. Since we are free to choose, we are also responsible for our choices and their consequences. Sartre argues that we cannot escape this responsibility by blaming circumstances, other people, or external factors. We must own our decisions and their outcomes.\n\n3. **Authenticity and Bad Faith**: Sartre distinguishes between living authentically and living in \"bad faith.\" Authenticity involves acknowledging our freedom and taking responsibility for our choices. Bad faith, on the other hand, is a form of self-deception where we deny our freedom and responsibility, often by conforming to societal expectations or adopting predefined roles.\n\n4. **Existence Precedes Essence**: Sartre's famous dictum \"existence precedes essence\" underscores his view on freedom. Unlike objects that have a predetermined essence or purpose, humans first exist and then define themselves through their choices and actions. This means that we are not born with a fixed nature or destiny; we create our essence through our free actions.\n\n5. **Anguish and Despair**: The realization of our radical freedom can lead to feelings of anguish and despair. Anguish arises from the awareness of our responsibility for our choices, while despair comes from the recognition that we cannot control external events or the actions of others. Despite these feelings, Sartre emphasizes that we must continue to make choices and act in the world.\n\n6. **Freedom in Situations**: While Sartre asserts that we are fundamentally free, he also acknowledges that our freedom is always situated within a specific context. Our choices are made within the constraints of our physical, social, and historical circumstances. However, even within these constraints, we retain the freedom to interpret and respond to our situation in various ways.\n\nIn summary, Sartre's view of freedom is both empowering and daunting. It places the burden of choice and responsibility squarely on the individual, urging us to live authentically and embrace our freedom, even in the face of uncertainty and existential challenges.", class: "answer", user: nil, parent: nil, parents: [], children: [], noted_by: [], deleted: false, compound: nil}], noted_by: [], deleted: false, compound: nil}, user: "tester@example.com", form: %Phoenix.HTML.Form{source: #Ecto.Changeset<action: nil, changes: %{}, errors: [], data: #Dialectic.Graph.Vertex<>, valid?: true, ...>, impl: Phoenix.HTML.FormData.Ecto.Changeset, id: "vertex", name: "vertex", data: %Dialectic.Graph.Vertex{id: "NewNode", content: "", class: "", user: "tester@example.com", parent: nil, parents: [], children: [], noted_by: [], deleted: false, compound: false}, action: nil, hidden: [], params: %{}, errors: [], options: [method: "post"], index: nil}, __changed__: %{}, current_user: #Dialectic.Accounts.User<__meta__: #Ecto.Schema.Metadata<:loaded, "users">, id: 4038, email: "tester@example.com", confirmed_at: nil, graphs: #Ecto.Association.NotLoaded<association :graphs is not loaded>, notes: #Ecto.Association.NotLoaded<association :notes is not loaded>, inserted_at: ~U[2025-08-08 09:36:20Z], updated_at: ~U[2025-08-08 09:36:20Z], ...>, flash: %{}, graph: {:digraph, #Reference<0.3960962147.1597374465.157950>, #Reference<0.3960962147.1597374465.157951>, #Reference<0.3960962147.1597374465.157952>, true}, search_term: "", graph_id: "Satre", key_buffer: "", show_combine: false, graph_struct: %Dialectic.Accounts.Graph{__meta__: #Ecto.Schema.Metadata<:loaded, "graphs">, title: "Satre", data: %{"edges" => [%{"data" => %{"id" => "24", "source" => "2", "target" => "4"}}, %{"data" => %{"id" => "23", "source" => "2", "target" => "3"}}, %{"data" => %{"id" => "12", "source" => "1", "target" => "2"}}, %{"data" => %{"id" => "56", "source" => "5", "target" => "6"}}, %{"data" => %{"id" => "45", "source" => "4", "target" => "5"}}], "nodes" => [%{"class" => "thesis", "content" => "Jean-Paul Sartre's conception of freedom is both profound and transformative, offering a radical rethinking of human existence and agency. His assertion that humans are \"condemned to be free\" captures the essence of his existential philosophy, which emphasizes the inescapable nature of freedom and the profound responsibility it entails. Sartre's view is not merely a philosophical abstraction but a call to action, urging individuals to confront the weight of their choices and the authenticity of their lives.\n\nAt the heart of Sartre's philosophy is the idea of **radical freedom**, which posits that we are free to choose in every moment, regardless of external constraints. This freedom is not a privilege but a fundamental aspect of our being. Even in situations where our options seem limited, we retain the freedom to interpret and respond to our circumstances. This perspective is empowering, as it affirms our capacity to shape our lives through our choices, but it is also daunting, as it places the full burden of responsibility on us. Sartre challenges us to recognize that we cannot blame others, society, or fate for our actions; we alone are accountable for who we become.\n\nThis responsibility is closely tied to the concept of **authenticity**. Sartre argues that to live authentically is to fully embrace our freedom and the responsibility it entails. In contrast, \"bad faith\" represents a denial of this freedom, a retreat into self-deception where we conform to societal roles or external expectations to avoid the anxiety of choice. Sartre's critique of bad faith is a powerful reminder that true freedom requires courage—the courage to confront the uncertainty of existence and to define ourselves through our actions.\n\nSartre's famous dictum, **\"existence precedes essence,\"** further underscores his view of freedom. Unlike objects, which have predetermined purposes, humans are not born with a fixed essence. Instead, we create our essence through our choices and actions. This means that we are not bound by any inherent nature or destiny; we are free to reinvent ourselves continually. This idea is liberating, as it affirms the boundless potential of human agency, but it also demands that we take ownership of our lives and the values we choose to uphold.\n\nThe emotional dimensions of Sartre's philosophy—**anguish and despair**—reveal the existential challenges that accompany radical freedom. Anguish arises from the awareness of our responsibility, while despair stems from the recognition that we cannot control external events or the actions of others. Yet, Sartre does not see these emotions as reasons to retreat from freedom. Instead, he views them as integral to the human condition, urging us to confront them with resolve and to continue makin (truncated)
10:36:21.003 [error] GenServer #PID<0.1172.0> terminating
** (FunctionClauseError) no function clause matching in DialecticWeb.GraphLive.handle_event/3
    (dialectic 0.1.0) lib/dialectic_web/live/graph_live.ex:78: DialecticWeb.GraphLive.handle_event("KeyBoardInterface", %{"cmdKey" => true, "key" => "c"}, #Phoenix.LiveView.Socket<id: "phx-GFnBCpK1Ds2lowMG", endpoint: DialecticWeb.Endpoint, view: DialecticWeb.GraphLive, parent_pid: nil, root_pid: #PID<0.1174.0>, router: DialecticWeb.Router, assigns: %{node: %Dialectic.Graph.Vertex{id: "1", content: "What does Satre think about freedom?", class: "user", user: nil, parent: nil, parents: [], children: [%Dialectic.Graph.Vertex{id: "2", content: "Jean-Paul Sartre, a prominent existentialist philosopher, has a profound and complex view on freedom. Central to his philosophy is the idea that human beings are \"condemned to be free.\" This means that freedom is an inherent and inescapable aspect of human existence. Here are some key points about Sartre's conception of freedom:\n\n1. **Radical Freedom**: Sartre believes that humans have radical freedom, meaning that we are free to choose our actions in every situation. This freedom is not just a possibility but a fundamental aspect of our being. We are constantly faced with choices, and even the refusal to choose is itself a choice.\n\n2. **Responsibility**: With this radical freedom comes immense responsibility. Since we are free to choose, we are also responsible for our choices and their consequences. Sartre argues that we cannot escape this responsibility by blaming circumstances, other people, or external factors. We must own our decisions and their outcomes.\n\n3. **Authenticity and Bad Faith**: Sartre distinguishes between living authentically and living in \"bad faith.\" Authenticity involves acknowledging our freedom and taking responsibility for our choices. Bad faith, on the other hand, is a form of self-deception where we deny our freedom and responsibility, often by conforming to societal expectations or adopting predefined roles.\n\n4. **Existence Precedes Essence**: Sartre's famous dictum \"existence precedes essence\" underscores his view on freedom. Unlike objects that have a predetermined essence or purpose, humans first exist and then define themselves through their choices and actions. This means that we are not born with a fixed nature or destiny; we create our essence through our free actions.\n\n5. **Anguish and Despair**: The realization of our radical freedom can lead to feelings of anguish and despair. Anguish arises from the awareness of our responsibility for our choices, while despair comes from the recognition that we cannot control external events or the actions of others. Despite these feelings, Sartre emphasizes that we must continue to make choices and act in the world.\n\n6. **Freedom in Situations**: While Sartre asserts that we are fundamentally free, he also acknowledges that our freedom is always situated within a specific context. Our choices are made within the constraints of our physical, social, and historical circumstances. However, even within these constraints, we retain the freedom to interpret and respond to our situation in various ways.\n\nIn summary, Sartre's view of freedom is both empowering and daunting. It places the burden of choice and responsibility squarely on the individual, urging us to live authentically and embrace our freedom, even in the face of uncertainty and existential challenges.", class: "answer", user: nil, parent: nil, parents: [], children: [], noted_by: [], deleted: false, compound: nil}], noted_by: [], deleted: false, compound: nil}, user: "tester@example.com", form: %Phoenix.HTML.Form{source: #Ecto.Changeset<action: nil, changes: %{}, errors: [], data: #Dialectic.Graph.Vertex<>, valid?: true, ...>, impl: Phoenix.HTML.FormData.Ecto.Changeset, id: "vertex", name: "vertex", data: %Dialectic.Graph.Vertex{id: "NewNode", content: "", class: "", user: "tester@example.com", parent: nil, parents: [], children: [], noted_by: [], deleted: false, compound: false}, action: nil, hidden: [], params: %{}, errors: [], options: [method: "post"], index: nil}, __changed__: %{}, current_user: #Dialectic.Accounts.User<__meta__: #Ecto.Schema.Metadata<:loaded, "users">, id: 4038, email: "tester@example.com", confirmed_at: nil, graphs: #Ecto.Association.NotLoaded<association :graphs is not loaded>, notes: #Ecto.Association.NotLoaded<association :notes is not loaded>, inserted_at: ~U[2025-08-08 09:36:20Z], updated_at: ~U[2025-08-08 09:36:20Z], ...>, flash: %{}, graph: {:digraph, #Reference<0.3960962147.1597374465.157950>, #Reference<0.3960962147.1597374465.157951>, #Reference<0.3960962147.1597374465.157952>, true}, search_term: "", graph_id: "Satre", key_buffer: "", show_combine: false, graph_struct: %Dialectic.Accounts.Graph{__meta__: #Ecto.Schema.Metadata<:loaded, "graphs">, title: "Satre", data: %{"edges" => [%{"data" => %{"id" => "24", "source" => "2", "target" => "4"}}, %{"data" => %{"id" => "23", "source" => "2", "target" => "3"}}, %{"data" => %{"id" => "12", "source" => "1", "target" => "2"}}, %{"data" => %{"id" => "56", "source" => "5", "target" => "6"}}, %{"data" => %{"id" => "45", "source" => "4", "target" => "5"}}], "nodes" => [%{"class" => "thesis", "content" => "Jean-Paul Sartre's conception of freedom is both profound and transformative, offering a radical rethinking of human existence and agency. His assertion that humans are \"condemned to be free\" captures the essence of his existential philosophy, which emphasizes the inescapable nature of freedom and the profound responsibility it entails. Sartre's view is not merely a philosophical abstraction but a call to action, urging individuals to confront the weight of their choices and the authenticity of their lives.\n\nAt the heart of Sartre's philosophy is the idea of **radical freedom**, which posits that we are free to choose in every moment, regardless of external constraints. This freedom is not a privilege but a fundamental aspect of our being. Even in situations where our options seem limited, we retain the freedom to interpret and respond to our circumstances. This perspective is empowering, as it affirms our capacity to shape our lives through our choices, but it is also daunting, as it places the full burden of responsibility on us. Sartre challenges us to recognize that we cannot blame others, society, or fate for our actions; we alone are accountable for who we become.\n\nThis responsibility is closely tied to the concept of **authenticity**. Sartre argues that to live authentically is to fully embrace our freedom and the responsibility it entails. In contrast, \"bad faith\" represents a denial of this freedom, a retreat into self-deception where we conform to societal roles or external expectations to avoid the anxiety of choice. Sartre's critique of bad faith is a powerful reminder that true freedom requires courage—the courage to confront the uncertainty of existence and to define ourselves through our actions.\n\nSartre's famous dictum, **\"existence precedes essence,\"** further underscores his view of freedom. Unlike objects, which have predetermined purposes, humans are not born with a fixed essence. Instead, we create our essence through our choices and actions. This means that we are not bound by any inherent nature or destiny; we are free to reinvent ourselves continually. This idea is liberating, as it affirms the boundless potential of human agency, but it also demands that we take ownership of our lives and the values we choose to uphold.\n\nThe emotional dimensions of Sartre's philosophy—**anguish and despair**—reveal the existential challenges that accompany radical freedom. Anguish arises from the awareness of our responsibility, while despair stems from the recognition that we cannot control external events or the actions of others. Yet, Sartre does not see these emotions as reasons to retreat from freedom. Instead, he views them as integral to the human condition, urging us to confront them with resolve and to continue makin (truncated)
  * test handle_event/3 modal_closed sets show_combine to false (0.00ms) [L#58]

 14) test handle_event/3 modal_closed sets show_combine to false (DialecticWeb.GraphLiveTest)
     test/dialectic_web/live/graph_live_test.exs:58
     ** (EXIT from #PID<0.1169.0>) an exception was raised:

          ** (FunctionClauseError) no function clause matching in DialecticWeb.GraphLive.handle_event/3

          The following arguments were given to DialecticWeb.GraphLive.handle_event/3:

              # 1
              "KeyBoardInterface"

              # 2
              %{"cmdKey" => true, "key" => "c"}

              # 3
              #Phoenix.LiveView.Socket<id: "phx-GFnBCpK1Ds2lowMG", endpoint: DialecticWeb.Endpoint, view: DialecticWeb.GraphLive, parent_pid: nil, root_pid: #PID<0.1174.0>, router: DialecticWeb.Router, assigns: %{node: %Dialectic.Graph.Vertex{id: "1", content: "What does Satre think about freedom?", class: "user", user: nil, parent: nil, parents: [], children: [%Dialectic.Graph.Vertex{id: "2", content: "Jean-Paul Sartre, a prominent existentialist philosopher, has a profound and complex view on freedom. Central to his philosophy is the idea that human beings are \"condemned to be free.\" This means that freedom is an inherent and inescapable aspect of human existence. Here are some key points about Sartre's conception of freedom:\n\n1. **Radical Freedom**: Sartre believes that humans have radical freedom, meaning that we are free to choose our actions in every situation. This freedom is not just a possibility but a fundamental aspect of our being. We are constantly faced with choices, and even the refusal to choose is itself a choice.\n\n2. **Responsibility**: With this radical freedom comes immense responsibility. Since we are free to choose, we are also responsible for our choices and their consequences. Sartre argues that we cannot escape this responsibility by blaming circumstances, other people, or external factors. We must own our decisions and their outcomes.\n\n3. **Authenticity and Bad Faith**: Sartre distinguishes between living authentically and living in \"bad faith.\" Authenticity involves acknowledging our freedom and taking responsibility for our choices. Bad faith, on the other hand, is a form of self-deception where we deny our freedom and responsibility, often by conforming to societal expectations or adopting predefined roles.\n\n4. **Existence Precedes Essence**: Sartre's famous dictum \"existence precedes essence\" underscores his view on freedom. Unlike objects that have a predetermined essence or purpose, humans first exist and then define themselves through their choices and actions. This means that we are not born with a fixed nature or destiny; we create our essence through our free actions.\n\n5. **Anguish and Despair**: The realization of our radical freedom can lead to feelings of anguish and despair. Anguish arises from the awareness of our responsibility for our choices, while despair comes from the recognition that we cannot control external events or the actions of others. Despite these feelings, Sartre emphasizes that we must continue to make choices and act in the world.\n\n6. **Freedom in Situations**: While Sartre asserts that we are fundamentally free, he also acknowledges that our freedom is always situated within a specific context. Our choices are made within the constraints of our physical, social, and historical circumstances. However, even within these constraints, we retain the freedom to interpret and respond to our situation in various ways.\n\nIn summary, Sartre's view of freedom is both empowering and daunting. It places the burden of choice and responsibility squarely on the individual, urging us to live authentically and embrace our freedom, even in the face of uncertainty and existential challenges.", class: "answer", user: nil, parent: nil, parents: [], children: [], noted_by: [], deleted: false, compound: nil}], noted_by: [], deleted: false, compound: nil}, user: "tester@example.com", form: %Phoenix.HTML.Form{source: #Ecto.Changeset<action: nil, changes: %{}, errors: [], data: #Dialectic.Graph.Vertex<>, valid?: true, ...>, impl: Phoenix.HTML.FormData.Ecto.Changeset, id: "vertex", name: "vertex", data: %Dialectic.Graph.Vertex{id: "NewNode", content: "", class: "", user: "tester@example.com", parent: nil, parents: [], children: [], noted_by: [], deleted: false, compound: false}, action: nil, hidden: [], params: %{}, errors: [], options: [method: "post"], index: nil}, __changed__: %{}, current_user: #Dialectic.Accounts.User<__meta__: #Ecto.Schema.Metadata<:loaded, "users">, id: 4038, email: "tester@example.com", confirmed_at: nil, graphs: #Ecto.Association.NotLoaded<association :graphs is not loaded>, notes: #Ecto.Association.NotLoaded<association :notes is not loaded>, inserted_at: ~U[2025-08-08 09:36:20Z], updated_at: ~U[2025-08-08 09:36:20Z], ...>, flash: %{}, graph: {:digraph, #Reference<0.3960962147.1597374465.157950>, #Reference<0.3960962147.1597374465.157951>, #Reference<0.3960962147.1597374465.157952>, true}, search_term: "", graph_id: "Satre", key_buffer: "", show_combine: false, graph_struct: %Dialectic.Accounts.Graph{__meta__: #Ecto.Schema.Metadata<:loaded, "graphs">, title: "Satre", data: %{"edges" => [%{"data" => %{"id" => "24", "source" => "2", "target" => "4"}}, %{"data" => %{"id" => "23", "source" => "2", "target" => "3"}}, %{"data" => %{"id" => "12", "source" => "1", "target" => "2"}}, %{"data" => %{"id" => "56", "source" => "5", "target" => "6"}}, %{"data" => %{"id" => "45", "source" => "4", "target" => "5"}}], "nodes" => [%{"class" => "thesis", "content" => "Jean-Paul Sartre's conception of freedom is both profound and transformative, offering a radical rethinking of human existence and agency. His assertion that humans are \"condemned to be free\" captures the essence of his existential philosophy, which emphasizes the inescapable nature of freedom and the profound responsibility it entails. Sartre's view is not merely a philosophical abstraction but a call to action, urging individuals to confront the weight of their choices and the authenticity of their lives.\n\nAt the heart of Sartre's philosophy is the idea of **radical freedom**, which posits that we are free to choose in every moment, regardless of external constraints. This freedom is not a privilege but a fundamental aspect of our being. Even in situations where our options seem limited, we retain the freedom to interpret and respond to our circumstances. This perspective is empowering, as it affirms our capacity to shape our lives through our choices, but it is also daunting, as it places the full burden of responsibility on us. Sartre challenges us to recognize that we cannot blame others, society, or fate for our actions; we alone are accountable for who we become.\n\nThis responsibility is closely tied to the concept of **authenticity**. Sartre argues that to live authentically is to fully embrace our freedom and the responsibility it entails. In contrast, \"bad faith\" represents a denial of this freedom, a retreat into self-deception where we conform to societal roles or external expectations to avoid the anxiety of choice. Sartre's critique of bad faith is a powerful reminder that true freedom requires courage—the courage to confront the uncertainty of existence and to define ourselves through our actions.\n\nSartre's famous dictum, **\"existence precedes essence,\"** further underscores his view of freedom. Unlike objects, which have predetermined purposes, humans are not born with a fixed essence. Instead, we create our essence through our choices and actions. This means that we are not bound by any inherent nature or destiny; we are free to reinvent ourselves continually. This idea is liberating, as it affirms the boundless potential of human agency, but it also demands that we take ownership of our lives and the values we choose to uphold.\n\nThe emotional dimensions of Sartre's philosophy—**anguish and despair**—reveal the existential challenges that accompany radical freedom. Anguish arises from the awareness of our responsibility, while despair stems from the recognition that we cannot control external events or the actions of others. Yet, Sartre does not see these emotions as reasons to retreat from freedom. Instead, he views them as integral to the human condition, urging us to confront them with resolve and to continue making choices despite the inherent uncertainty of life.\n\nFinally, Sartre's acknowledgment of **freedom in situations** adds nuance to his philosophy. While he insists on our fundamental freedom, he also recognizes that our choices are made within specific contexts—physical, social, and historical. These constraints shape the possibilities available to us, but they do not negate our freedom to interpret and respond to our circumstances. This balance between freedom and constraint highlights the complexity of human existence and the ongoing struggle to assert our agency in a world that often seems beyond our control.\n\nIn conclusion, Sartre's view of freedom is both a profound insight and a call to action. It challenges us to embrace our freedom, take responsibility for our choices, and live authentically, even in the face of existential challenges. By doing so, we not only affirm our humanity but also contribute to the ongoing creation of meaning in a world that offers no guarantees. Sartre's philosophy is a reminder that, while freedom may be daunting, it is also the source of our greatest potential.", "deleted" => false, "id" => "3", "noted_by" => [], "user" => nil}, %{"class" => "answer", "content" => "Certainly! Let’s delve deeper into the criticisms of Sartre’s philosophy of radical freedom and explore additional dimensions of the debate, as well as potential responses from a Sartrean perspective.\n\n---\n\n### 6. **The Role of Authenticity and Bad Faith**:\nSartre’s concept of *authenticity*—living in accordance with one’s true self and embracing freedom—is central to his philosophy. However, critics argue that his notion of *bad faith* (self-deception or denying one’s freedom) oversimplifies the complexities of human psychology. For instance, individuals may not always be fully aware of the constraints or influences shaping their decisions, making it difficult to distinguish between authentic choices and those made under duress. Sartre’s binary framework of authenticity versus bad faith may fail to capture the nuanced ways in which people navigate their circumstances.\n\n**Sartrean Response**: Sartre might argue that even in situations of extreme constraint, individuals retain the freedom to interpret and give meaning to their circumstances. For example, a prisoner may not be free to leave their cell, but they can choose how to respond to their imprisonment—whether with defiance, resignation, or creativity. This existentialist perspective emphasizes the subjective dimension of freedom, even in the face of objective limitations.\n\n---\n\n### 7. **The Problem of Intersubjectivity**:\nSartre’s philosophy has been criticized for its limited engagement with *intersubjectivity*—the ways in which individuals relate to and influence one another. In *Being and Nothingness*, Sartre famously describes interpersonal relationships as inherently conflictual, encapsulated in his phrase, “Hell is other people.” This pessimistic view of human relationships can be seen as undermining the potential for mutual understanding, cooperation, and collective freedom.\n\n**Sartrean Response**: Later in his career, Sartre attempted to address this critique by incorporating Marxist ideas into his existentialist framework. In works like *Critique of Dialectical Reason*, he explored how collective action and solidarity could emerge from shared struggles against oppression. While this shift marked a departure from his earlier individualistic focus, some critics argue that it did not fully resolve the tension between existential freedom and collective responsibility.\n\n---\n\n### 8. **Cultural and Historical Specificity**:\nSartre’s philosophy has been criticized for its universalist claims about human freedom, which may not account for the cultural and historical specificity of human experience. For example, the emphasis on individual autonomy and self-creation may reflect a Western, modernist perspective that does not resonate with non-Western or traditional societies, where communal values and collective identities often take precedence.\n\n**Sartrean Response**: Sartre might counter that his philosophy is not meant to prescribe a specific way of life but rather to highlight the universal condition of human freedom. He could argue that even in cultures where collective identities are emphasized, individuals still face existential choices about how to interpret and live within those frameworks.\n\n---\n\n### 9. **Freedom and Privilege**:\nCritics have pointed out that Sartre’s emphasis on radical freedom may inadvertently privilege those who already enjoy significant social and economic advantages. For example, a wealthy individual with access to education and resources may experience their freedom in a way that is qualitatively different from someone struggling to meet basic needs. Sartre’s philosophy risks obscuring these disparities by treating freedom as an abstract, universal condition.\n\n**Sartrean Response**: Sartre might acknowledge this critique and argue that his philosophy is not meant to ignore material conditions but to challenge individuals to confront and transcend them. He could point to his own political activism as evidence of his commitment to addressing systemic inequalities, even as he maintained a focus on individual responsibility.\n\n---\n\n### 10. *" <> ..., "deleted" => false, "id" => "6", "noted_by" => [], "user" => "tester@example.com"}, %{"class" => "user", "content" => "tell me more", "deleted" => false, "id" => "5", "noted_by" => [], "user" => "tester@example.com"}, %{"class" => "user", "content" => "What does Satre think about freedom?", "deleted" => false, "id" => "1", "noted_by" => [], "user" => nil}, %{"class" => "answer", "content" => "Jean-Paul Sartre, a prominent existentialist philosopher, has a profound and complex view on freedom. Central to his philosophy is the idea that human beings are \"condemned to be free.\" This means that freedom is an inherent and inescapable aspect of human existence. Here are some key points about Sartre's conception of freedom:\n\n1. **Radical Freedom**: Sartre believes that humans have radical freedom, meaning that we are free to choose our actions in every situation. This freedom is not just a possibility but a fundamental aspect of our being. We are constantly faced with choices, and even the refusal to choose is itself a choice.\n\n2. **Responsibility**: With this radical freedom comes immense responsibility. Since we are free to choose, we are also responsible for our choices and their consequences. Sartre argues that we cannot escape this responsibility by blaming circumstances, other people, or external factors. We must own our decisions and their outcomes.\n\n3. **Authenticity and Bad Faith**: Sartre distinguishes between living authentically and living in \"bad faith.\" Authenticity involves acknowledging our freedom and taking responsibility for our choices. Bad faith, on the other hand, is a form of self-deception where we deny our freedom and responsibility, often by conforming to societal expectations or adopting predefined roles.\n\n4. **Existence Precedes Essence**: Sartre's famous dictum \"existence precedes essence\" underscores his view on freedom. Unlike objects that have a predetermined essence or purpose, humans first exist and then define themselves through their choices and actions. This means that we are not born with a fixed nature or destiny; we create our essence through our free actions.\n\n5. **Anguish and Despair**: The realization of our radical freedom can lead to feelings of anguish and despair. Anguish arises from the awareness of our responsibility for our choices, while despair comes from the recognition that we cannot control external events or the actions of others. Despite these feelings, Sartre emphasizes that we must continue to make choices and act in the world.\n\n6. **Freedom in Situations**: While Sartre asserts that we are fundamentally free, he also acknowledges that our freedom is always situated within a specific context. Our choices are made within the constraints of our physical, social, and historical circumstances. However, even within these constraints, we retain the freedom to interpret and respond to our situation in various ways.\n\nIn summary, Sartre's view of freedom is both empowering and daunting. It places the burden of choice and responsibility squarely on the individual, urging us to live authentically and embrace our freedom, even in the face of uncertainty and existential challenges.", "deleted" => false, "id" => "2", "noted_by" => [], "user" => nil}, %{"class" => "antithesis", "content" => "While Jean-Paul Sartre's philosophy of radical freedom offers a compelling framework for understanding human agency and responsibility, it is not without significant criticisms. One of the most compelling arguments against Sartre's conception of freedom is that it underestimates the profound influence of external constraints on human decision-making, potentially leading to an overly individualistic and unrealistic view of human existence.\n\n### 1. **Overemphasis on Individual Agency**:\nSartre's notion of radical freedom places an extraordinary emphasis on individual choice, suggesting that we are entirely responsible for our actions and their consequences. However, this view can be criticized for neglecting the ways in which social, economic, and cultural structures shape our choices. For example, individuals born into poverty or oppressive regimes may have severely limited options, making the idea of \"radical freedom\" seem abstract and disconnected from their lived reality. Sartre's philosophy risks blaming individuals for circumstances largely beyond their control, ignoring the systemic forces that constrain their freedom.\n\n### 2. **Neglect of Collective Responsibility**:\nBy focusing so heavily on individual responsibility, Sartre's philosophy downplays the importance of collective responsibility and solidarity. Human beings are deeply interconnected, and many of the challenges we face—such as climate change, systemic inequality, or political oppression—require collective action rather than individual choices. Sartre's existentialist framework, with its emphasis on personal freedom, may inadvertently discourage the kind of communal efforts needed to address these large-scale issues.\n\n### 3. **Psychological Realism**:\nSartre's assertion that we are \"condemned to be free\" and must constantly bear the weight of our choices can be psychologically overwhelming. While he acknowledges the anguish and despair that accompany this realization, his philosophy offers little solace or practical guidance for coping with these feelings. Critics might argue that Sartre's view of freedom is too austere and fails to account for the human need for stability, meaning, and connection. In this sense, his philosophy may be seen as alienating rather than empowering.\n\n### 4. **Freedom Within Constraints**:\nAlthough Sartre acknowledges that freedom is always situated within specific contexts, his emphasis on radical freedom can still be interpreted as downplaying the extent to which these constraints limit our choices. For instance, a person living under a dictatorship may have the \"freedom\" to resist, but the consequences of such resistance (e.g., imprisonment or death) may render this freedom largely theoretical. Sartre's philosophy risks romanticizing freedom by not adequately addressing the ways in which power dynamics and structural inequalities can render certain choices practically impossible.\n\n### 5. **Existentialism and Determinism**:\nSartre's rejection of determinism—the idea that human actions are determined by prior causes—can be seen as overly simplistic. While it is true that humans have the capacity for choice, our decisions are often influenced by biological, psychological, and environmental factors that are not entirely within our control. By dismissing these influences, Sartre's philosophy may fail to provide a nuanced understanding of human behavior, which is often a complex interplay of freedom and determinism.\n\n### Conclusion:\nWhile Sartre's philosophy of radical freedom offers a powerful critique of complacency and conformity, it can be criticized for its overemphasis on individual agency and its neglect of the structural and collective dimensions of human existence. By failing to adequately account for the ways in which external constraints shape our choices, Sartre's view of freedom risks becoming an abstract ideal rather than a practical guide for navigating the complexities of real life. A more balanced approach would recognize both the possibilities and limitations of human freedom, acknowledging the interplay between " <> ..., "deleted" => false, "id" => "4", "noted_by" => [], "user" => nil}]}, is_public: true, is_published: true, is_deleted: false, user_id: nil, user: #Ecto.Association.NotLoaded<association :user is not loaded>, notes: #Ecto.Association.NotLoaded<association :notes is not loaded>, inserted_at: ~U[2025-08-08 09:36:20Z], updated_at: ~U[2025-08-08 09:36:20Z]}, live_action: nil, streams: %{__changed__: MapSet.new([]), presences: %Phoenix.LiveView.LiveStream{name: :presences, dom_id: #Function<3.25360562/1 in Phoenix.LiveView.LiveStream.new/4>, ref: "0", inserts: [], deletes: [], reset?: false, consumable?: false}, __configured__: %{}, __ref__: 1}, graph_topic: "graph_update:Satre", live_view_topic: "graph_update:phx-GFnBCpK1Ds2lowMG", node_menu_visible: true, can_edit: true, drawer_open: true, ask_question: true, search_results: [], candidate_ids: [], show_group_modal: false, f_graph: "[{\"data\":{\"id\":\"3\",\"parent\":null,\"content\":\"Jean-Paul Sartre's conception of freedom is both profound and transformative, offering a radical rethinking of human existence and agency. His assertion that humans are \\\"condemned to be free\\\" captures the essence of his existential philosophy, which emphasizes the inescapable nature of freedom and the profound responsibility it entails. Sartre's view is not merely a philosophical abstraction but a call to action, urging individuals to confront the weight of their choices and the authenticity of their lives.\\n\\nAt the heart of Sartre's philosophy is the idea of **radical freedom**, which posits that we are free to choose in every moment, regardless of external constraints. This freedom is not a privilege but a fundamental aspect of our being. Even in situations where our options seem limited, we retain the freedom to interpret and respond to our circumstances. This perspective is empowering, as it affirms our capacity to shape our lives through our choices, but it is also daunting, as it places the full burden of responsibility on us. Sartre challenges us to recognize that we cannot blame others, society, or fate for our actions; we alone are accountable for who we become.\\n\\nThis responsibility is closely tied to the concept of **authenticity**. Sartre argues that to live authentically is to fully embrace our freedom and the responsibility it entails. In contrast, \\\"bad faith\\\" represents a denial of this freedom, a retreat into self-deception where we conform to societal roles or external expectations to avoid the anxiety of choice. Sartre's critique of bad faith is a powerful reminder that true freedom requires courage—the courage to confront the uncertainty of existence and to define ourselves through our actions.\\n\\nSartre's famous dictum, **\\\"existence precedes essence,\\\"** further underscores his view of freedom. Unlike objects, which have predetermined purposes, humans are not born with a fixed essence. Instead, we create our essence through our choices and actions. This means that we are not bound by any inherent nature or destiny; we are free to reinvent ourselves continually. This idea is liberating, as it affirms the boundless potential of human agency, but it also demands that we take ownership of our lives and the values we choose to uphold.\\n\\nThe emotional dimensions of Sartre's philosophy—**anguish and despair**—reveal the existential challenges that accompany radical freedom. Anguish arises from the awareness of our responsibility, while despair stems from the recognition that we cannot control external events or the actions of others. Yet, Sartre does not see these emotions as reasons to retreat from freedom. Instead, he views them as integral to the human condition, urging us to confront them with resolve and to continue making choices despite the inherent uncertainty of life.\\n\\nFinally, Sartre's acknowledgment of **freedom in situations** adds nuance to his philosophy. While he insists on our fundamental freedom, he also recognizes that our choices are made within specific contexts—physical, social, and historical. These constraints shape the possibilities available to us, but they do not negate our freedom to interpret and respond to our circumstances. This balance between freedom and constraint highlights the complexity of human existence and the ongoing struggle to assert our agency in a world that often seems beyond our control.\\n\\nIn conclusion, Sartre's view of freedom is both a profound insight and a call to action. It challenges us to embrace our freedom, take responsibility for our choices, and live authentically, even in the face of existential challenges. By doing so, we not only affirm our humanity but also contribute to the ongoing creation of meaning in a world that offers no guarantees. Sartre's philosophy is a reminder that, while freedom may be daunting, it is also the source of our greatest potential.\"},\"classes\":\"thesis\"},{\"data\":{\"id\":\"6\",\"parent\":null,\"content\":\"Certainly! Let’s delve deeper into the criticisms of Sartre’s philosophy " <> ..., group_changeset: %Phoenix.HTML.Form{source: %{"title" => ""}, impl: Phoenix.HTML.FormData.Map, id: nil, name: nil, data: %{}, action: nil, hidden: [], params: %{"title" => ""}, errors: [], options: [], index: nil}, graph_operation: ""}, transport_pid: #PID<0.1173.0>, ...>

          Attempted function clauses (showing 10 out of 22):

              def handle_event(-"nodes_box_selected"-, -%{"ids" => ids}-, socket)
              def handle_event(-"cancel_group"-, _, socket)
              def handle_event(-"group_nodes"-, -%{"title" => t, "ids" => ids}-, socket)
              def handle_event(-"node:join_group"-, -%{"node" => nid, "parent" => gid}-, socket)
              def handle_event(-"node:leave_group"-, -%{"node" => nid}-, socket)
              def handle_event(-"toggle_drawer"-, _, socket)
              def handle_event(-"search_nodes"-, params, socket)
              def handle_event(-"clear_search"-, _, socket)
              def handle_event(-"toggle_ask_question"-, _, socket)
              def handle_event(-"toggle_lock_graph"-, _, socket)
              ...
              (12 clauses not shown)

          stacktrace:
            (dialectic 0.1.0) lib/dialectic_web/live/graph_live.ex:78: DialecticWeb.GraphLive.handle_event/3
            (phoenix_live_view 1.0.3) lib/phoenix_live_view/channel.ex:508: anonymous fn/3 in Phoenix.LiveView.Channel.view_handle_event/3
            (telemetry 1.3.0) /Users/tomberman/Development/dialectic/deps/telemetry/src/telemetry.erl:324: :telemetry.span/3
            (phoenix_live_view 1.0.3) lib/phoenix_live_view/channel.ex:260: Phoenix.LiveView.Channel.handle_info/2
            (stdlib 6.2) gen_server.erl:2345: :gen_server.try_handle_info/3
            (stdlib 6.2) gen_server.erl:2433: :gen_server.handle_msg/6
            (stdlib 6.2) proc_lib.erl:329: :proc_lib.init_p_do_apply/3


  * test handle_event/3 KeyBoardInterface with key 'b' triggers branch and resets key_buffer [L#79]10:36:21.017 [error] GenServer #PID<0.1185.0> terminating
** (FunctionClauseError) no function clause matching in DialecticWeb.GraphLive.handle_event/3
    (dialectic 0.1.0) lib/dialectic_web/live/graph_live.ex:78: DialecticWeb.GraphLive.handle_event("KeyBoardInterface", %{"cmdKey" => true, "key" => "b"}, #Phoenix.LiveView.Socket<id: "phx-GFnBCpPMXbuYhgsk", endpoint: DialecticWeb.Endpoint, view: DialecticWeb.GraphLive, parent_pid: nil, root_pid: #PID<0.1185.0>, router: DialecticWeb.Router, assigns: %{node: %Dialectic.Graph.Vertex{id: "1", content: "What does Satre think about freedom?", class: "user", user: nil, parent: nil, parents: [], children: [%Dialectic.Graph.Vertex{id: "2", content: "Jean-Paul Sartre, a prominent existentialist philosopher, has a profound and complex view on freedom. Central to his philosophy is the idea that human beings are \"condemned to be free.\" This means that freedom is an inherent and inescapable aspect of human existence. Here are some key points about Sartre's conception of freedom:\n\n1. **Radical Freedom**: Sartre believes that humans have radical freedom, meaning that we are free to choose our actions in every situation. This freedom is not just a possibility but a fundamental aspect of our being. We are constantly faced with choices, and even the refusal to choose is itself a choice.\n\n2. **Responsibility**: With this radical freedom comes immense responsibility. Since we are free to choose, we are also responsible for our choices and their consequences. Sartre argues that we cannot escape this responsibility by blaming circumstances, other people, or external factors. We must own our decisions and their outcomes.\n\n3. **Authenticity and Bad Faith**: Sartre distinguishes between living authentically and living in \"bad faith.\" Authenticity involves acknowledging our freedom and taking responsibility for our choices. Bad faith, on the other hand, is a form of self-deception where we deny our freedom and responsibility, often by conforming to societal expectations or adopting predefined roles.\n\n4. **Existence Precedes Essence**: Sartre's famous dictum \"existence precedes essence\" underscores his view on freedom. Unlike objects that have a predetermined essence or purpose, humans first exist and then define themselves through their choices and actions. This means that we are not born with a fixed nature or destiny; we create our essence through our free actions.\n\n5. **Anguish and Despair**: The realization of our radical freedom can lead to feelings of anguish and despair. Anguish arises from the awareness of our responsibility for our choices, while despair comes from the recognition that we cannot control external events or the actions of others. Despite these feelings, Sartre emphasizes that we must continue to make choices and act in the world.\n\n6. **Freedom in Situations**: While Sartre asserts that we are fundamentally free, he also acknowledges that our freedom is always situated within a specific context. Our choices are made within the constraints of our physical, social, and historical circumstances. However, even within these constraints, we retain the freedom to interpret and respond to our situation in various ways.\n\nIn summary, Sartre's view of freedom is both empowering and daunting. It places the burden of choice and responsibility squarely on the individual, urging us to live authentically and embrace our freedom, even in the face of uncertainty and existential challenges.", class: "answer", user: nil, parent: nil, parents: [], children: [], noted_by: [], deleted: false, compound: nil}], noted_by: [], deleted: false, compound: nil}, user: "tester@example.com", form: %Phoenix.HTML.Form{source: #Ecto.Changeset<action: nil, changes: %{}, errors: [], data: #Dialectic.Graph.Vertex<>, valid?: true, ...>, impl: Phoenix.HTML.FormData.Ecto.Changeset, id: "vertex", name: "vertex", data: %Dialectic.Graph.Vertex{id: "NewNode", content: "", class: "", user: "tester@example.com", parent: nil, parents: [], children: [], noted_by: [], deleted: false, compound: false}, action: nil, hidden: [], params: %{}, errors: [], options: [method: "post"], index: nil}, __changed__: %{}, current_user: #Dialectic.Accounts.User<__meta__: #Ecto.Schema.Metadata<:loaded, "users">, id: 4039, email: "tester@example.com", confirmed_at: nil, graphs: #Ecto.Association.NotLoaded<association :graphs is not loaded>, notes: #Ecto.Association.NotLoaded<association :notes is not loaded>, inserted_at: ~U[2025-08-08 09:36:21Z], updated_at: ~U[2025-08-08 09:36:21Z], ...>, flash: %{}, graph: {:digraph, #Reference<0.3960962147.1597374465.157950>, #Reference<0.3960962147.1597374465.157951>, #Reference<0.3960962147.1597374465.157952>, true}, search_term: "", graph_id: "Satre", key_buffer: "", show_combine: false, graph_struct: %Dialectic.Accounts.Graph{__meta__: #Ecto.Schema.Metadata<:loaded, "graphs">, title: "Satre", data: %{"edges" => [%{"data" => %{"id" => "24", "source" => "2", "target" => "4"}}, %{"data" => %{"id" => "23", "source" => "2", "target" => "3"}}, %{"data" => %{"id" => "12", "source" => "1", "target" => "2"}}, %{"data" => %{"id" => "56", "source" => "5", "target" => "6"}}, %{"data" => %{"id" => "45", "source" => "4", "target" => "5"}}], "nodes" => [%{"class" => "thesis", "content" => "Jean-Paul Sartre's conception of freedom is both profound and transformative, offering a radical rethinking of human existence and agency. His assertion that humans are \"condemned to be free\" captures the essence of his existential philosophy, which emphasizes the inescapable nature of freedom and the profound responsibility it entails. Sartre's view is not merely a philosophical abstraction but a call to action, urging individuals to confront the weight of their choices and the authenticity of their lives.\n\nAt the heart of Sartre's philosophy is the idea of **radical freedom**, which posits that we are free to choose in every moment, regardless of external constraints. This freedom is not a privilege but a fundamental aspect of our being. Even in situations where our options seem limited, we retain the freedom to interpret and respond to our circumstances. This perspective is empowering, as it affirms our capacity to shape our lives through our choices, but it is also daunting, as it places the full burden of responsibility on us. Sartre challenges us to recognize that we cannot blame others, society, or fate for our actions; we alone are accountable for who we become.\n\nThis responsibility is closely tied to the concept of **authenticity**. Sartre argues that to live authentically is to fully embrace our freedom and the responsibility it entails. In contrast, \"bad faith\" represents a denial of this freedom, a retreat into self-deception where we conform to societal roles or external expectations to avoid the anxiety of choice. Sartre's critique of bad faith is a powerful reminder that true freedom requires courage—the courage to confront the uncertainty of existence and to define ourselves through our actions.\n\nSartre's famous dictum, **\"existence precedes essence,\"** further underscores his view of freedom. Unlike objects, which have predetermined purposes, humans are not born with a fixed essence. Instead, we create our essence through our choices and actions. This means that we are not bound by any inherent nature or destiny; we are free to reinvent ourselves continually. This idea is liberating, as it affirms the boundless potential of human agency, but it also demands that we take ownership of our lives and the values we choose to uphold.\n\nThe emotional dimensions of Sartre's philosophy—**anguish and despair**—reveal the existential challenges that accompany radical freedom. Anguish arises from the awareness of our responsibility, while despair stems from the recognition that we cannot control external events or the actions of others. Yet, Sartre does not see these emotions as reasons to retreat from freedom. Instead, he views them as integral to the human condition, urging us to confront them with resolve and to continue makin (truncated)
10:36:21.020 [error] GenServer #PID<0.1183.0> terminating
** (FunctionClauseError) no function clause matching in DialecticWeb.GraphLive.handle_event/3
    (dialectic 0.1.0) lib/dialectic_web/live/graph_live.ex:78: DialecticWeb.GraphLive.handle_event("KeyBoardInterface", %{"cmdKey" => true, "key" => "b"}, #Phoenix.LiveView.Socket<id: "phx-GFnBCpPMXbuYhgsk", endpoint: DialecticWeb.Endpoint, view: DialecticWeb.GraphLive, parent_pid: nil, root_pid: #PID<0.1185.0>, router: DialecticWeb.Router, assigns: %{node: %Dialectic.Graph.Vertex{id: "1", content: "What does Satre think about freedom?", class: "user", user: nil, parent: nil, parents: [], children: [%Dialectic.Graph.Vertex{id: "2", content: "Jean-Paul Sartre, a prominent existentialist philosopher, has a profound and complex view on freedom. Central to his philosophy is the idea that human beings are \"condemned to be free.\" This means that freedom is an inherent and inescapable aspect of human existence. Here are some key points about Sartre's conception of freedom:\n\n1. **Radical Freedom**: Sartre believes that humans have radical freedom, meaning that we are free to choose our actions in every situation. This freedom is not just a possibility but a fundamental aspect of our being. We are constantly faced with choices, and even the refusal to choose is itself a choice.\n\n2. **Responsibility**: With this radical freedom comes immense responsibility. Since we are free to choose, we are also responsible for our choices and their consequences. Sartre argues that we cannot escape this responsibility by blaming circumstances, other people, or external factors. We must own our decisions and their outcomes.\n\n3. **Authenticity and Bad Faith**: Sartre distinguishes between living authentically and living in \"bad faith.\" Authenticity involves acknowledging our freedom and taking responsibility for our choices. Bad faith, on the other hand, is a form of self-deception where we deny our freedom and responsibility, often by conforming to societal expectations or adopting predefined roles.\n\n4. **Existence Precedes Essence**: Sartre's famous dictum \"existence precedes essence\" underscores his view on freedom. Unlike objects that have a predetermined essence or purpose, humans first exist and then define themselves through their choices and actions. This means that we are not born with a fixed nature or destiny; we create our essence through our free actions.\n\n5. **Anguish and Despair**: The realization of our radical freedom can lead to feelings of anguish and despair. Anguish arises from the awareness of our responsibility for our choices, while despair comes from the recognition that we cannot control external events or the actions of others. Despite these feelings, Sartre emphasizes that we must continue to make choices and act in the world.\n\n6. **Freedom in Situations**: While Sartre asserts that we are fundamentally free, he also acknowledges that our freedom is always situated within a specific context. Our choices are made within the constraints of our physical, social, and historical circumstances. However, even within these constraints, we retain the freedom to interpret and respond to our situation in various ways.\n\nIn summary, Sartre's view of freedom is both empowering and daunting. It places the burden of choice and responsibility squarely on the individual, urging us to live authentically and embrace our freedom, even in the face of uncertainty and existential challenges.", class: "answer", user: nil, parent: nil, parents: [], children: [], noted_by: [], deleted: false, compound: nil}], noted_by: [], deleted: false, compound: nil}, user: "tester@example.com", form: %Phoenix.HTML.Form{source: #Ecto.Changeset<action: nil, changes: %{}, errors: [], data: #Dialectic.Graph.Vertex<>, valid?: true, ...>, impl: Phoenix.HTML.FormData.Ecto.Changeset, id: "vertex", name: "vertex", data: %Dialectic.Graph.Vertex{id: "NewNode", content: "", class: "", user: "tester@example.com", parent: nil, parents: [], children: [], noted_by: [], deleted: false, compound: false}, action: nil, hidden: [], params: %{}, errors: [], options: [method: "post"], index: nil}, __changed__: %{}, current_user: #Dialectic.Accounts.User<__meta__: #Ecto.Schema.Metadata<:loaded, "users">, id: 4039, email: "tester@example.com", confirmed_at: nil, graphs: #Ecto.Association.NotLoaded<association :graphs is not loaded>, notes: #Ecto.Association.NotLoaded<association :notes is not loaded>, inserted_at: ~U[2025-08-08 09:36:21Z], updated_at: ~U[2025-08-08 09:36:21Z], ...>, flash: %{}, graph: {:digraph, #Reference<0.3960962147.1597374465.157950>, #Reference<0.3960962147.1597374465.157951>, #Reference<0.3960962147.1597374465.157952>, true}, search_term: "", graph_id: "Satre", key_buffer: "", show_combine: false, graph_struct: %Dialectic.Accounts.Graph{__meta__: #Ecto.Schema.Metadata<:loaded, "graphs">, title: "Satre", data: %{"edges" => [%{"data" => %{"id" => "24", "source" => "2", "target" => "4"}}, %{"data" => %{"id" => "23", "source" => "2", "target" => "3"}}, %{"data" => %{"id" => "12", "source" => "1", "target" => "2"}}, %{"data" => %{"id" => "56", "source" => "5", "target" => "6"}}, %{"data" => %{"id" => "45", "source" => "4", "target" => "5"}}], "nodes" => [%{"class" => "thesis", "content" => "Jean-Paul Sartre's conception of freedom is both profound and transformative, offering a radical rethinking of human existence and agency. His assertion that humans are \"condemned to be free\" captures the essence of his existential philosophy, which emphasizes the inescapable nature of freedom and the profound responsibility it entails. Sartre's view is not merely a philosophical abstraction but a call to action, urging individuals to confront the weight of their choices and the authenticity of their lives.\n\nAt the heart of Sartre's philosophy is the idea of **radical freedom**, which posits that we are free to choose in every moment, regardless of external constraints. This freedom is not a privilege but a fundamental aspect of our being. Even in situations where our options seem limited, we retain the freedom to interpret and respond to our circumstances. This perspective is empowering, as it affirms our capacity to shape our lives through our choices, but it is also daunting, as it places the full burden of responsibility on us. Sartre challenges us to recognize that we cannot blame others, society, or fate for our actions; we alone are accountable for who we become.\n\nThis responsibility is closely tied to the concept of **authenticity**. Sartre argues that to live authentically is to fully embrace our freedom and the responsibility it entails. In contrast, \"bad faith\" represents a denial of this freedom, a retreat into self-deception where we conform to societal roles or external expectations to avoid the anxiety of choice. Sartre's critique of bad faith is a powerful reminder that true freedom requires courage—the courage to confront the uncertainty of existence and to define ourselves through our actions.\n\nSartre's famous dictum, **\"existence precedes essence,\"** further underscores his view of freedom. Unlike objects, which have predetermined purposes, humans are not born with a fixed essence. Instead, we create our essence through our choices and actions. This means that we are not bound by any inherent nature or destiny; we are free to reinvent ourselves continually. This idea is liberating, as it affirms the boundless potential of human agency, but it also demands that we take ownership of our lives and the values we choose to uphold.\n\nThe emotional dimensions of Sartre's philosophy—**anguish and despair**—reveal the existential challenges that accompany radical freedom. Anguish arises from the awareness of our responsibility, while despair stems from the recognition that we cannot control external events or the actions of others. Yet, Sartre does not see these emotions as reasons to retreat from freedom. Instead, he views them as integral to the human condition, urging us to confront them with resolve and to continue makin (truncated)
  * test handle_event/3 KeyBoardInterface with key 'b' triggers branch and resets key_buffer (0.00ms) [L#79]

 15) test handle_event/3 KeyBoardInterface with key 'b' triggers branch and resets key_buffer (DialecticWeb.GraphLiveTest)
     test/dialectic_web/live/graph_live_test.exs:79
     ** (EXIT from #PID<0.1180.0>) an exception was raised:

          ** (FunctionClauseError) no function clause matching in DialecticWeb.GraphLive.handle_event/3

          The following arguments were given to DialecticWeb.GraphLive.handle_event/3:

              # 1
              "KeyBoardInterface"

              # 2
              %{"cmdKey" => true, "key" => "b"}

              # 3
              #Phoenix.LiveView.Socket<id: "phx-GFnBCpPMXbuYhgsk", endpoint: DialecticWeb.Endpoint, view: DialecticWeb.GraphLive, parent_pid: nil, root_pid: #PID<0.1185.0>, router: DialecticWeb.Router, assigns: %{node: %Dialectic.Graph.Vertex{id: "1", content: "What does Satre think about freedom?", class: "user", user: nil, parent: nil, parents: [], children: [%Dialectic.Graph.Vertex{id: "2", content: "Jean-Paul Sartre, a prominent existentialist philosopher, has a profound and complex view on freedom. Central to his philosophy is the idea that human beings are \"condemned to be free.\" This means that freedom is an inherent and inescapable aspect of human existence. Here are some key points about Sartre's conception of freedom:\n\n1. **Radical Freedom**: Sartre believes that humans have radical freedom, meaning that we are free to choose our actions in every situation. This freedom is not just a possibility but a fundamental aspect of our being. We are constantly faced with choices, and even the refusal to choose is itself a choice.\n\n2. **Responsibility**: With this radical freedom comes immense responsibility. Since we are free to choose, we are also responsible for our choices and their consequences. Sartre argues that we cannot escape this responsibility by blaming circumstances, other people, or external factors. We must own our decisions and their outcomes.\n\n3. **Authenticity and Bad Faith**: Sartre distinguishes between living authentically and living in \"bad faith.\" Authenticity involves acknowledging our freedom and taking responsibility for our choices. Bad faith, on the other hand, is a form of self-deception where we deny our freedom and responsibility, often by conforming to societal expectations or adopting predefined roles.\n\n4. **Existence Precedes Essence**: Sartre's famous dictum \"existence precedes essence\" underscores his view on freedom. Unlike objects that have a predetermined essence or purpose, humans first exist and then define themselves through their choices and actions. This means that we are not born with a fixed nature or destiny; we create our essence through our free actions.\n\n5. **Anguish and Despair**: The realization of our radical freedom can lead to feelings of anguish and despair. Anguish arises from the awareness of our responsibility for our choices, while despair comes from the recognition that we cannot control external events or the actions of others. Despite these feelings, Sartre emphasizes that we must continue to make choices and act in the world.\n\n6. **Freedom in Situations**: While Sartre asserts that we are fundamentally free, he also acknowledges that our freedom is always situated within a specific context. Our choices are made within the constraints of our physical, social, and historical circumstances. However, even within these constraints, we retain the freedom to interpret and respond to our situation in various ways.\n\nIn summary, Sartre's view of freedom is both empowering and daunting. It places the burden of choice and responsibility squarely on the individual, urging us to live authentically and embrace our freedom, even in the face of uncertainty and existential challenges.", class: "answer", user: nil, parent: nil, parents: [], children: [], noted_by: [], deleted: false, compound: nil}], noted_by: [], deleted: false, compound: nil}, user: "tester@example.com", form: %Phoenix.HTML.Form{source: #Ecto.Changeset<action: nil, changes: %{}, errors: [], data: #Dialectic.Graph.Vertex<>, valid?: true, ...>, impl: Phoenix.HTML.FormData.Ecto.Changeset, id: "vertex", name: "vertex", data: %Dialectic.Graph.Vertex{id: "NewNode", content: "", class: "", user: "tester@example.com", parent: nil, parents: [], children: [], noted_by: [], deleted: false, compound: false}, action: nil, hidden: [], params: %{}, errors: [], options: [method: "post"], index: nil}, __changed__: %{}, current_user: #Dialectic.Accounts.User<__meta__: #Ecto.Schema.Metadata<:loaded, "users">, id: 4039, email: "tester@example.com", confirmed_at: nil, graphs: #Ecto.Association.NotLoaded<association :graphs is not loaded>, notes: #Ecto.Association.NotLoaded<association :notes is not loaded>, inserted_at: ~U[2025-08-08 09:36:21Z], updated_at: ~U[2025-08-08 09:36:21Z], ...>, flash: %{}, graph: {:digraph, #Reference<0.3960962147.1597374465.157950>, #Reference<0.3960962147.1597374465.157951>, #Reference<0.3960962147.1597374465.157952>, true}, search_term: "", graph_id: "Satre", key_buffer: "", show_combine: false, graph_struct: %Dialectic.Accounts.Graph{__meta__: #Ecto.Schema.Metadata<:loaded, "graphs">, title: "Satre", data: %{"edges" => [%{"data" => %{"id" => "24", "source" => "2", "target" => "4"}}, %{"data" => %{"id" => "23", "source" => "2", "target" => "3"}}, %{"data" => %{"id" => "12", "source" => "1", "target" => "2"}}, %{"data" => %{"id" => "56", "source" => "5", "target" => "6"}}, %{"data" => %{"id" => "45", "source" => "4", "target" => "5"}}], "nodes" => [%{"class" => "thesis", "content" => "Jean-Paul Sartre's conception of freedom is both profound and transformative, offering a radical rethinking of human existence and agency. His assertion that humans are \"condemned to be free\" captures the essence of his existential philosophy, which emphasizes the inescapable nature of freedom and the profound responsibility it entails. Sartre's view is not merely a philosophical abstraction but a call to action, urging individuals to confront the weight of their choices and the authenticity of their lives.\n\nAt the heart of Sartre's philosophy is the idea of **radical freedom**, which posits that we are free to choose in every moment, regardless of external constraints. This freedom is not a privilege but a fundamental aspect of our being. Even in situations where our options seem limited, we retain the freedom to interpret and respond to our circumstances. This perspective is empowering, as it affirms our capacity to shape our lives through our choices, but it is also daunting, as it places the full burden of responsibility on us. Sartre challenges us to recognize that we cannot blame others, society, or fate for our actions; we alone are accountable for who we become.\n\nThis responsibility is closely tied to the concept of **authenticity**. Sartre argues that to live authentically is to fully embrace our freedom and the responsibility it entails. In contrast, \"bad faith\" represents a denial of this freedom, a retreat into self-deception where we conform to societal roles or external expectations to avoid the anxiety of choice. Sartre's critique of bad faith is a powerful reminder that true freedom requires courage—the courage to confront the uncertainty of existence and to define ourselves through our actions.\n\nSartre's famous dictum, **\"existence precedes essence,\"** further underscores his view of freedom. Unlike objects, which have predetermined purposes, humans are not born with a fixed essence. Instead, we create our essence through our choices and actions. This means that we are not bound by any inherent nature or destiny; we are free to reinvent ourselves continually. This idea is liberating, as it affirms the boundless potential of human agency, but it also demands that we take ownership of our lives and the values we choose to uphold.\n\nThe emotional dimensions of Sartre's philosophy—**anguish and despair**—reveal the existential challenges that accompany radical freedom. Anguish arises from the awareness of our responsibility, while despair stems from the recognition that we cannot control external events or the actions of others. Yet, Sartre does not see these emotions as reasons to retreat from freedom. Instead, he views them as integral to the human condition, urging us to confront them with resolve and to continue making choices despite the inherent uncertainty of life.\n\nFinally, Sartre's acknowledgment of **freedom in situations** adds nuance to his philosophy. While he insists on our fundamental freedom, he also recognizes that our choices are made within specific contexts—physical, social, and historical. These constraints shape the possibilities available to us, but they do not negate our freedom to interpret and respond to our circumstances. This balance between freedom and constraint highlights the complexity of human existence and the ongoing struggle to assert our agency in a world that often seems beyond our control.\n\nIn conclusion, Sartre's view of freedom is both a profound insight and a call to action. It challenges us to embrace our freedom, take responsibility for our choices, and live authentically, even in the face of existential challenges. By doing so, we not only affirm our humanity but also contribute to the ongoing creation of meaning in a world that offers no guarantees. Sartre's philosophy is a reminder that, while freedom may be daunting, it is also the source of our greatest potential.", "deleted" => false, "id" => "3", "noted_by" => [], "user" => nil}, %{"class" => "answer", "content" => "Certainly! Let’s delve deeper into the criticisms of Sartre’s philosophy of radical freedom and explore additional dimensions of the debate, as well as potential responses from a Sartrean perspective.\n\n---\n\n### 6. **The Role of Authenticity and Bad Faith**:\nSartre’s concept of *authenticity*—living in accordance with one’s true self and embracing freedom—is central to his philosophy. However, critics argue that his notion of *bad faith* (self-deception or denying one’s freedom) oversimplifies the complexities of human psychology. For instance, individuals may not always be fully aware of the constraints or influences shaping their decisions, making it difficult to distinguish between authentic choices and those made under duress. Sartre’s binary framework of authenticity versus bad faith may fail to capture the nuanced ways in which people navigate their circumstances.\n\n**Sartrean Response**: Sartre might argue that even in situations of extreme constraint, individuals retain the freedom to interpret and give meaning to their circumstances. For example, a prisoner may not be free to leave their cell, but they can choose how to respond to their imprisonment—whether with defiance, resignation, or creativity. This existentialist perspective emphasizes the subjective dimension of freedom, even in the face of objective limitations.\n\n---\n\n### 7. **The Problem of Intersubjectivity**:\nSartre’s philosophy has been criticized for its limited engagement with *intersubjectivity*—the ways in which individuals relate to and influence one another. In *Being and Nothingness*, Sartre famously describes interpersonal relationships as inherently conflictual, encapsulated in his phrase, “Hell is other people.” This pessimistic view of human relationships can be seen as undermining the potential for mutual understanding, cooperation, and collective freedom.\n\n**Sartrean Response**: Later in his career, Sartre attempted to address this critique by incorporating Marxist ideas into his existentialist framework. In works like *Critique of Dialectical Reason*, he explored how collective action and solidarity could emerge from shared struggles against oppression. While this shift marked a departure from his earlier individualistic focus, some critics argue that it did not fully resolve the tension between existential freedom and collective responsibility.\n\n---\n\n### 8. **Cultural and Historical Specificity**:\nSartre’s philosophy has been criticized for its universalist claims about human freedom, which may not account for the cultural and historical specificity of human experience. For example, the emphasis on individual autonomy and self-creation may reflect a Western, modernist perspective that does not resonate with non-Western or traditional societies, where communal values and collective identities often take precedence.\n\n**Sartrean Response**: Sartre might counter that his philosophy is not meant to prescribe a specific way of life but rather to highlight the universal condition of human freedom. He could argue that even in cultures where collective identities are emphasized, individuals still face existential choices about how to interpret and live within those frameworks.\n\n---\n\n### 9. **Freedom and Privilege**:\nCritics have pointed out that Sartre’s emphasis on radical freedom may inadvertently privilege those who already enjoy significant social and economic advantages. For example, a wealthy individual with access to education and resources may experience their freedom in a way that is qualitatively different from someone struggling to meet basic needs. Sartre’s philosophy risks obscuring these disparities by treating freedom as an abstract, universal condition.\n\n**Sartrean Response**: Sartre might acknowledge this critique and argue that his philosophy is not meant to ignore material conditions but to challenge individuals to confront and transcend them. He could point to his own political activism as evidence of his commitment to addressing systemic inequalities, even as he maintained a focus on individual responsibility.\n\n---\n\n### 10. *" <> ..., "deleted" => false, "id" => "6", "noted_by" => [], "user" => "tester@example.com"}, %{"class" => "user", "content" => "tell me more", "deleted" => false, "id" => "5", "noted_by" => [], "user" => "tester@example.com"}, %{"class" => "user", "content" => "What does Satre think about freedom?", "deleted" => false, "id" => "1", "noted_by" => [], "user" => nil}, %{"class" => "answer", "content" => "Jean-Paul Sartre, a prominent existentialist philosopher, has a profound and complex view on freedom. Central to his philosophy is the idea that human beings are \"condemned to be free.\" This means that freedom is an inherent and inescapable aspect of human existence. Here are some key points about Sartre's conception of freedom:\n\n1. **Radical Freedom**: Sartre believes that humans have radical freedom, meaning that we are free to choose our actions in every situation. This freedom is not just a possibility but a fundamental aspect of our being. We are constantly faced with choices, and even the refusal to choose is itself a choice.\n\n2. **Responsibility**: With this radical freedom comes immense responsibility. Since we are free to choose, we are also responsible for our choices and their consequences. Sartre argues that we cannot escape this responsibility by blaming circumstances, other people, or external factors. We must own our decisions and their outcomes.\n\n3. **Authenticity and Bad Faith**: Sartre distinguishes between living authentically and living in \"bad faith.\" Authenticity involves acknowledging our freedom and taking responsibility for our choices. Bad faith, on the other hand, is a form of self-deception where we deny our freedom and responsibility, often by conforming to societal expectations or adopting predefined roles.\n\n4. **Existence Precedes Essence**: Sartre's famous dictum \"existence precedes essence\" underscores his view on freedom. Unlike objects that have a predetermined essence or purpose, humans first exist and then define themselves through their choices and actions. This means that we are not born with a fixed nature or destiny; we create our essence through our free actions.\n\n5. **Anguish and Despair**: The realization of our radical freedom can lead to feelings of anguish and despair. Anguish arises from the awareness of our responsibility for our choices, while despair comes from the recognition that we cannot control external events or the actions of others. Despite these feelings, Sartre emphasizes that we must continue to make choices and act in the world.\n\n6. **Freedom in Situations**: While Sartre asserts that we are fundamentally free, he also acknowledges that our freedom is always situated within a specific context. Our choices are made within the constraints of our physical, social, and historical circumstances. However, even within these constraints, we retain the freedom to interpret and respond to our situation in various ways.\n\nIn summary, Sartre's view of freedom is both empowering and daunting. It places the burden of choice and responsibility squarely on the individual, urging us to live authentically and embrace our freedom, even in the face of uncertainty and existential challenges.", "deleted" => false, "id" => "2", "noted_by" => [], "user" => nil}, %{"class" => "antithesis", "content" => "While Jean-Paul Sartre's philosophy of radical freedom offers a compelling framework for understanding human agency and responsibility, it is not without significant criticisms. One of the most compelling arguments against Sartre's conception of freedom is that it underestimates the profound influence of external constraints on human decision-making, potentially leading to an overly individualistic and unrealistic view of human existence.\n\n### 1. **Overemphasis on Individual Agency**:\nSartre's notion of radical freedom places an extraordinary emphasis on individual choice, suggesting that we are entirely responsible for our actions and their consequences. However, this view can be criticized for neglecting the ways in which social, economic, and cultural structures shape our choices. For example, individuals born into poverty or oppressive regimes may have severely limited options, making the idea of \"radical freedom\" seem abstract and disconnected from their lived reality. Sartre's philosophy risks blaming individuals for circumstances largely beyond their control, ignoring the systemic forces that constrain their freedom.\n\n### 2. **Neglect of Collective Responsibility**:\nBy focusing so heavily on individual responsibility, Sartre's philosophy downplays the importance of collective responsibility and solidarity. Human beings are deeply interconnected, and many of the challenges we face—such as climate change, systemic inequality, or political oppression—require collective action rather than individual choices. Sartre's existentialist framework, with its emphasis on personal freedom, may inadvertently discourage the kind of communal efforts needed to address these large-scale issues.\n\n### 3. **Psychological Realism**:\nSartre's assertion that we are \"condemned to be free\" and must constantly bear the weight of our choices can be psychologically overwhelming. While he acknowledges the anguish and despair that accompany this realization, his philosophy offers little solace or practical guidance for coping with these feelings. Critics might argue that Sartre's view of freedom is too austere and fails to account for the human need for stability, meaning, and connection. In this sense, his philosophy may be seen as alienating rather than empowering.\n\n### 4. **Freedom Within Constraints**:\nAlthough Sartre acknowledges that freedom is always situated within specific contexts, his emphasis on radical freedom can still be interpreted as downplaying the extent to which these constraints limit our choices. For instance, a person living under a dictatorship may have the \"freedom\" to resist, but the consequences of such resistance (e.g., imprisonment or death) may render this freedom largely theoretical. Sartre's philosophy risks romanticizing freedom by not adequately addressing the ways in which power dynamics and structural inequalities can render certain choices practically impossible.\n\n### 5. **Existentialism and Determinism**:\nSartre's rejection of determinism—the idea that human actions are determined by prior causes—can be seen as overly simplistic. While it is true that humans have the capacity for choice, our decisions are often influenced by biological, psychological, and environmental factors that are not entirely within our control. By dismissing these influences, Sartre's philosophy may fail to provide a nuanced understanding of human behavior, which is often a complex interplay of freedom and determinism.\n\n### Conclusion:\nWhile Sartre's philosophy of radical freedom offers a powerful critique of complacency and conformity, it can be criticized for its overemphasis on individual agency and its neglect of the structural and collective dimensions of human existence. By failing to adequately account for the ways in which external constraints shape our choices, Sartre's view of freedom risks becoming an abstract ideal rather than a practical guide for navigating the complexities of real life. A more balanced approach would recognize both the possibilities and limitations of human freedom, acknowledging the interplay between " <> ..., "deleted" => false, "id" => "4", "noted_by" => [], "user" => nil}]}, is_public: true, is_published: true, is_deleted: false, user_id: nil, user: #Ecto.Association.NotLoaded<association :user is not loaded>, notes: #Ecto.Association.NotLoaded<association :notes is not loaded>, inserted_at: ~U[2025-08-08 09:36:20Z], updated_at: ~U[2025-08-08 09:36:20Z]}, live_action: nil, streams: %{__changed__: MapSet.new([]), presences: %Phoenix.LiveView.LiveStream{name: :presences, dom_id: #Function<3.25360562/1 in Phoenix.LiveView.LiveStream.new/4>, ref: "0", inserts: [], deletes: [], reset?: false, consumable?: false}, __configured__: %{}, __ref__: 1}, graph_topic: "graph_update:Satre", live_view_topic: "graph_update:phx-GFnBCpPMXbuYhgsk", node_menu_visible: true, can_edit: true, drawer_open: true, ask_question: true, search_results: [], candidate_ids: [], show_group_modal: false, f_graph: "[{\"data\":{\"id\":\"3\",\"parent\":null,\"content\":\"Jean-Paul Sartre's conception of freedom is both profound and transformative, offering a radical rethinking of human existence and agency. His assertion that humans are \\\"condemned to be free\\\" captures the essence of his existential philosophy, which emphasizes the inescapable nature of freedom and the profound responsibility it entails. Sartre's view is not merely a philosophical abstraction but a call to action, urging individuals to confront the weight of their choices and the authenticity of their lives.\\n\\nAt the heart of Sartre's philosophy is the idea of **radical freedom**, which posits that we are free to choose in every moment, regardless of external constraints. This freedom is not a privilege but a fundamental aspect of our being. Even in situations where our options seem limited, we retain the freedom to interpret and respond to our circumstances. This perspective is empowering, as it affirms our capacity to shape our lives through our choices, but it is also daunting, as it places the full burden of responsibility on us. Sartre challenges us to recognize that we cannot blame others, society, or fate for our actions; we alone are accountable for who we become.\\n\\nThis responsibility is closely tied to the concept of **authenticity**. Sartre argues that to live authentically is to fully embrace our freedom and the responsibility it entails. In contrast, \\\"bad faith\\\" represents a denial of this freedom, a retreat into self-deception where we conform to societal roles or external expectations to avoid the anxiety of choice. Sartre's critique of bad faith is a powerful reminder that true freedom requires courage—the courage to confront the uncertainty of existence and to define ourselves through our actions.\\n\\nSartre's famous dictum, **\\\"existence precedes essence,\\\"** further underscores his view of freedom. Unlike objects, which have predetermined purposes, humans are not born with a fixed essence. Instead, we create our essence through our choices and actions. This means that we are not bound by any inherent nature or destiny; we are free to reinvent ourselves continually. This idea is liberating, as it affirms the boundless potential of human agency, but it also demands that we take ownership of our lives and the values we choose to uphold.\\n\\nThe emotional dimensions of Sartre's philosophy—**anguish and despair**—reveal the existential challenges that accompany radical freedom. Anguish arises from the awareness of our responsibility, while despair stems from the recognition that we cannot control external events or the actions of others. Yet, Sartre does not see these emotions as reasons to retreat from freedom. Instead, he views them as integral to the human condition, urging us to confront them with resolve and to continue making choices despite the inherent uncertainty of life.\\n\\nFinally, Sartre's acknowledgment of **freedom in situations** adds nuance to his philosophy. While he insists on our fundamental freedom, he also recognizes that our choices are made within specific contexts—physical, social, and historical. These constraints shape the possibilities available to us, but they do not negate our freedom to interpret and respond to our circumstances. This balance between freedom and constraint highlights the complexity of human existence and the ongoing struggle to assert our agency in a world that often seems beyond our control.\\n\\nIn conclusion, Sartre's view of freedom is both a profound insight and a call to action. It challenges us to embrace our freedom, take responsibility for our choices, and live authentically, even in the face of existential challenges. By doing so, we not only affirm our humanity but also contribute to the ongoing creation of meaning in a world that offers no guarantees. Sartre's philosophy is a reminder that, while freedom may be daunting, it is also the source of our greatest potential.\"},\"classes\":\"thesis\"},{\"data\":{\"id\":\"6\",\"parent\":null,\"content\":\"Certainly! Let’s delve deeper into the criticisms of Sartre’s philosophy " <> ..., group_changeset: %Phoenix.HTML.Form{source: %{"title" => ""}, impl: Phoenix.HTML.FormData.Map, id: nil, name: nil, data: %{}, action: nil, hidden: [], params: %{"title" => ""}, errors: [], options: [], index: nil}, graph_operation: ""}, transport_pid: #PID<0.1184.0>, ...>

          Attempted function clauses (showing 10 out of 22):

              def handle_event(-"nodes_box_selected"-, -%{"ids" => ids}-, socket)
              def handle_event(-"cancel_group"-, _, socket)
              def handle_event(-"group_nodes"-, -%{"title" => t, "ids" => ids}-, socket)
              def handle_event(-"node:join_group"-, -%{"node" => nid, "parent" => gid}-, socket)
              def handle_event(-"node:leave_group"-, -%{"node" => nid}-, socket)
              def handle_event(-"toggle_drawer"-, _, socket)
              def handle_event(-"search_nodes"-, params, socket)
              def handle_event(-"clear_search"-, _, socket)
              def handle_event(-"toggle_ask_question"-, _, socket)
              def handle_event(-"toggle_lock_graph"-, _, socket)
              ...
              (12 clauses not shown)

          stacktrace:
            (dialectic 0.1.0) lib/dialectic_web/live/graph_live.ex:78: DialecticWeb.GraphLive.handle_event/3
            (phoenix_live_view 1.0.3) lib/phoenix_live_view/channel.ex:508: anonymous fn/3 in Phoenix.LiveView.Channel.view_handle_event/3
            (telemetry 1.3.0) /Users/tomberman/Development/dialectic/deps/telemetry/src/telemetry.erl:324: :telemetry.span/3
            (phoenix_live_view 1.0.3) lib/phoenix_live_view/channel.ex:260: Phoenix.LiveView.Channel.handle_info/2
            (stdlib 6.2) gen_server.erl:2345: :gen_server.try_handle_info/3
            (stdlib 6.2) gen_server.erl:2433: :gen_server.handle_msg/6
            (stdlib 6.2) proc_lib.erl:329: :proc_lib.init_p_do_apply/3


  * test handle_event node_clicked node_clicked updates the graph and node (via update_graph) [L#123]  * test handle_event node_clicked node_clicked updates the graph and node (via update_graph) (13.8ms) [L#123]
  * test handle_event/3 answer event with content calls GraphActions.comment and updates assigns [L#108]  * test handle_event/3 answer event with content calls GraphActions.comment and updates assigns (14.8ms) [L#108]
  * test handle_event "note" note event updates the graph and resets key_buffer [L#216]  * test handle_event "note" note event updates the graph and resets key_buffer (18.5ms) [L#216]
  * test handle_event/3 answer event with empty content does nothing [L#95]  * test handle_event/3 answer event with empty content does nothing (12.8ms) [L#95]
  * test handle_info/2 presence join and leave info are handled without error [L#191]  * test handle_info/2 presence join and leave info are handled without error (116.3ms) [L#191]
  * test handle_event "unnote" unnote event updates the graph and resets key_buffer [L#232]  * test handle_event "unnote" unnote event updates the graph and resets key_buffer (19.8ms) [L#232]
  * test handle_event/3 KeyBoardInterface with key 'c' toggles show_combine [L#71]10:36:21.235 [error] GenServer #PID<0.1263.0> terminating
** (FunctionClauseError) no function clause matching in DialecticWeb.GraphLive.handle_event/3
    (dialectic 0.1.0) lib/dialectic_web/live/graph_live.ex:78: DialecticWeb.GraphLive.handle_event("KeyBoardInterface", %{"cmdKey" => true, "key" => "c"}, #Phoenix.LiveView.Socket<id: "phx-GFnBCqC4CmEypQ2k", endpoint: DialecticWeb.Endpoint, view: DialecticWeb.GraphLive, parent_pid: nil, root_pid: #PID<0.1263.0>, router: DialecticWeb.Router, assigns: %{node: %Dialectic.Graph.Vertex{id: "1", content: "What does Satre think about freedom?", class: "user", user: nil, parent: nil, parents: [], children: [%Dialectic.Graph.Vertex{id: "2", content: "Jean-Paul Sartre, a prominent existentialist philosopher, has a profound and complex view on freedom. Central to his philosophy is the idea that human beings are \"condemned to be free.\" This means that freedom is an inherent and inescapable aspect of human existence. Here are some key points about Sartre's conception of freedom:\n\n1. **Radical Freedom**: Sartre believes that humans have radical freedom, meaning that we are free to choose our actions in every situation. This freedom is not just a possibility but a fundamental aspect of our being. We are constantly faced with choices, and even the refusal to choose is itself a choice.\n\n2. **Responsibility**: With this radical freedom comes immense responsibility. Since we are free to choose, we are also responsible for our choices and their consequences. Sartre argues that we cannot escape this responsibility by blaming circumstances, other people, or external factors. We must own our decisions and their outcomes.\n\n3. **Authenticity and Bad Faith**: Sartre distinguishes between living authentically and living in \"bad faith.\" Authenticity involves acknowledging our freedom and taking responsibility for our choices. Bad faith, on the other hand, is a form of self-deception where we deny our freedom and responsibility, often by conforming to societal expectations or adopting predefined roles.\n\n4. **Existence Precedes Essence**: Sartre's famous dictum \"existence precedes essence\" underscores his view on freedom. Unlike objects that have a predetermined essence or purpose, humans first exist and then define themselves through their choices and actions. This means that we are not born with a fixed nature or destiny; we create our essence through our free actions.\n\n5. **Anguish and Despair**: The realization of our radical freedom can lead to feelings of anguish and despair. Anguish arises from the awareness of our responsibility for our choices, while despair comes from the recognition that we cannot control external events or the actions of others. Despite these feelings, Sartre emphasizes that we must continue to make choices and act in the world.\n\n6. **Freedom in Situations**: While Sartre asserts that we are fundamentally free, he also acknowledges that our freedom is always situated within a specific context. Our choices are made within the constraints of our physical, social, and historical circumstances. However, even within these constraints, we retain the freedom to interpret and respond to our situation in various ways.\n\nIn summary, Sartre's view of freedom is both empowering and daunting. It places the burden of choice and responsibility squarely on the individual, urging us to live authentically and embrace our freedom, even in the face of uncertainty and existential challenges.", class: "answer", user: nil, parent: nil, parents: [], children: [], noted_by: [], deleted: false, compound: nil}, %Dialectic.Graph.Vertex{id: "7", content: "A non-empty answer", class: "user", user: "tester@example.com", parent: nil, parents: [], children: [], noted_by: [], deleted: false, compound: false}], noted_by: [], deleted: false, compound: nil}, user: "tester@example.com", form: %Phoenix.HTML.Form{source: #Ecto.Changeset<action: nil, changes: %{}, errors: [], data: #Dialectic.Graph.Vertex<>, valid?: true, ...>, impl: Phoenix.HTML.FormData.Ecto.Changeset, id: "vertex", name: "vertex", data: %Dialectic.Graph.Vertex{id: "NewNode", content: "", class: "", user: "tester@example.com", parent: nil, parents: [], children: [], noted_by: [], deleted: false, compound: false}, action: nil, hidden: [], params: %{}, errors: [], options: [method: "post"], index: nil}, __changed__: %{}, current_user: #Dialectic.Accounts.User<__meta__: #Ecto.Schema.Metadata<:loaded, "users">, id: 4046, email: "tester@example.com", confirmed_at: nil, graphs: #Ecto.Association.NotLoaded<association :graphs is not loaded>, notes: #Ecto.Association.NotLoaded<association :notes is not loaded>, inserted_at: ~U[2025-08-08 09:36:21Z], updated_at: ~U[2025-08-08 09:36:21Z], ...>, flash: %{}, graph: {:digraph, #Reference<0.3960962147.1597374465.157950>, #Reference<0.3960962147.1597374465.157951>, #Reference<0.3960962147.1597374465.157952>, true}, search_term: "", graph_id: "Satre", key_buffer: "", show_combine: false, graph_struct: %Dialectic.Accounts.Graph{__meta__: #Ecto.Schema.Metadata<:loaded, "graphs">, title: "Satre", data: %{"edges" => [%{"data" => %{"id" => "24", "source" => "2", "target" => "4"}}, %{"data" => %{"id" => "23", "source" => "2", "target" => "3"}}, %{"data" => %{"id" => "12", "source" => "1", "target" => "2"}}, %{"data" => %{"id" => "56", "source" => "5", "target" => "6"}}, %{"data" => %{"id" => "45", "source" => "4", "target" => "5"}}], "nodes" => [%{"class" => "thesis", "content" => "Jean-Paul Sartre's conception of freedom is both profound and transformative, offering a radical rethinking of human existence and agency. His assertion that humans are \"condemned to be free\" captures the essence of his existential philosophy, which emphasizes the inescapable nature of freedom and the profound responsibility it entails. Sartre's view is not merely a philosophical abstraction but a call to action, urging individuals to confront the weight of their choices and the authenticity of their lives.\n\nAt the heart of Sartre's philosophy is the idea of **radical freedom**, which posits that we are free to choose in every moment, regardless of external constraints. This freedom is not a privilege but a fundamental aspect of our being. Even in situations where our options seem limited, we retain the freedom to interpret and respond to our circumstances. This perspective is empowering, as it affirms our capacity to shape our lives through our choices, but it is also daunting, as it places the full burden of responsibility on us. Sartre challenges us to recognize that we cannot blame others, society, or fate for our actions; we alone are accountable for who we become.\n\nThis responsibility is closely tied to the concept of **authenticity**. Sartre argues that to live authentically is to fully embrace our freedom and the responsibility it entails. In contrast, \"bad faith\" represents a denial of this freedom, a retreat into self-deception where we conform to societal roles or external expectations to avoid the anxiety of choice. Sartre's critique of bad faith is a powerful reminder that true freedom requires courage—the courage to confront the uncertainty of existence and to define ourselves through our actions.\n\nSartre's famous dictum, **\"existence precedes essence,\"** further underscores his view of freedom. Unlike objects, which have predetermined purposes, humans are not born with a fixed essence. Instead, we create our essence through our choices and actions. This means that we are not bound by any inherent nature or destiny; we are free to reinvent ourselves continually. This idea is liberating, as it affirms the boundless potential of human agency, but it also demands that we take ownership of our lives and the values we choose to uphold.\n\nThe emotional dimensions of Sartre's philosophy—**anguish and despair**—reveal the existential challenges that accompany radical freedom. Anguish arises from the awareness of our responsibility, while despair stems from the recognition that we cannot control external events or the actions of others. Y (truncated)
10:36:21.240 [error] GenServer #PID<0.1261.0> terminating
** (FunctionClauseError) no function clause matching in DialecticWeb.GraphLive.handle_event/3
    (dialectic 0.1.0) lib/dialectic_web/live/graph_live.ex:78: DialecticWeb.GraphLive.handle_event("KeyBoardInterface", %{"cmdKey" => true, "key" => "c"}, #Phoenix.LiveView.Socket<id: "phx-GFnBCqC4CmEypQ2k", endpoint: DialecticWeb.Endpoint, view: DialecticWeb.GraphLive, parent_pid: nil, root_pid: #PID<0.1263.0>, router: DialecticWeb.Router, assigns: %{node: %Dialectic.Graph.Vertex{id: "1", content: "What does Satre think about freedom?", class: "user", user: nil, parent: nil, parents: [], children: [%Dialectic.Graph.Vertex{id: "2", content: "Jean-Paul Sartre, a prominent existentialist philosopher, has a profound and complex view on freedom. Central to his philosophy is the idea that human beings are \"condemned to be free.\" This means that freedom is an inherent and inescapable aspect of human existence. Here are some key points about Sartre's conception of freedom:\n\n1. **Radical Freedom**: Sartre believes that humans have radical freedom, meaning that we are free to choose our actions in every situation. This freedom is not just a possibility but a fundamental aspect of our being. We are constantly faced with choices, and even the refusal to choose is itself a choice.\n\n2. **Responsibility**: With this radical freedom comes immense responsibility. Since we are free to choose, we are also responsible for our choices and their consequences. Sartre argues that we cannot escape this responsibility by blaming circumstances, other people, or external factors. We must own our decisions and their outcomes.\n\n3. **Authenticity and Bad Faith**: Sartre distinguishes between living authentically and living in \"bad faith.\" Authenticity involves acknowledging our freedom and taking responsibility for our choices. Bad faith, on the other hand, is a form of self-deception where we deny our freedom and responsibility, often by conforming to societal expectations or adopting predefined roles.\n\n4. **Existence Precedes Essence**: Sartre's famous dictum \"existence precedes essence\" underscores his view on freedom. Unlike objects that have a predetermined essence or purpose, humans first exist and then define themselves through their choices and actions. This means that we are not born with a fixed nature or destiny; we create our essence through our free actions.\n\n5. **Anguish and Despair**: The realization of our radical freedom can lead to feelings of anguish and despair. Anguish arises from the awareness of our responsibility for our choices, while despair comes from the recognition that we cannot control external events or the actions of others. Despite these feelings, Sartre emphasizes that we must continue to make choices and act in the world.\n\n6. **Freedom in Situations**: While Sartre asserts that we are fundamentally free, he also acknowledges that our freedom is always situated within a specific context. Our choices are made within the constraints of our physical, social, and historical circumstances. However, even within these constraints, we retain the freedom to interpret and respond to our situation in various ways.\n\nIn summary, Sartre's view of freedom is both empowering and daunting. It places the burden of choice and responsibility squarely on the individual, urging us to live authentically and embrace our freedom, even in the face of uncertainty and existential challenges.", class: "answer", user: nil, parent: nil, parents: [], children: [], noted_by: [], deleted: false, compound: nil}, %Dialectic.Graph.Vertex{id: "7", content: "A non-empty answer", class: "user", user: "tester@example.com", parent: nil, parents: [], children: [], noted_by: [], deleted: false, compound: false}], noted_by: [], deleted: false, compound: nil}, user: "tester@example.com", form: %Phoenix.HTML.Form{source: #Ecto.Changeset<action: nil, changes: %{}, errors: [], data: #Dialectic.Graph.Vertex<>, valid?: true, ...>, impl: Phoenix.HTML.FormData.Ecto.Changeset, id: "vertex", name: "vertex", data: %Dialectic.Graph.Vertex{id: "NewNode", content: "", class: "", user: "tester@example.com", parent: nil, parents: [], children: [], noted_by: [], deleted: false, compound: false}, action: nil, hidden: [], params: %{}, errors: [], options: [method: "post"], index: nil}, __changed__: %{}, current_user: #Dialectic.Accounts.User<__meta__: #Ecto.Schema.Metadata<:loaded, "users">, id: 4046, email: "tester@example.com", confirmed_at: nil, graphs: #Ecto.Association.NotLoaded<association :graphs is not loaded>, notes: #Ecto.Association.NotLoaded<association :notes is not loaded>, inserted_at: ~U[2025-08-08 09:36:21Z], updated_at: ~U[2025-08-08 09:36:21Z], ...>, flash: %{}, graph: {:digraph, #Reference<0.3960962147.1597374465.157950>, #Reference<0.3960962147.1597374465.157951>, #Reference<0.3960962147.1597374465.157952>, true}, search_term: "", graph_id: "Satre", key_buffer: "", show_combine: false, graph_struct: %Dialectic.Accounts.Graph{__meta__: #Ecto.Schema.Metadata<:loaded, "graphs">, title: "Satre", data: %{"edges" => [%{"data" => %{"id" => "24", "source" => "2", "target" => "4"}}, %{"data" => %{"id" => "23", "source" => "2", "target" => "3"}}, %{"data" => %{"id" => "12", "source" => "1", "target" => "2"}}, %{"data" => %{"id" => "56", "source" => "5", "target" => "6"}}, %{"data" => %{"id" => "45", "source" => "4", "target" => "5"}}], "nodes" => [%{"class" => "thesis", "content" => "Jean-Paul Sartre's conception of freedom is both profound and transformative, offering a radical rethinking of human existence and agency. His assertion that humans are \"condemned to be free\" captures the essence of his existential philosophy, which emphasizes the inescapable nature of freedom and the profound responsibility it entails. Sartre's view is not merely a philosophical abstraction but a call to action, urging individuals to confront the weight of their choices and the authenticity of their lives.\n\nAt the heart of Sartre's philosophy is the idea of **radical freedom**, which posits that we are free to choose in every moment, regardless of external constraints. This freedom is not a privilege but a fundamental aspect of our being. Even in situations where our options seem limited, we retain the freedom to interpret and respond to our circumstances. This perspective is empowering, as it affirms our capacity to shape our lives through our choices, but it is also daunting, as it places the full burden of responsibility on us. Sartre challenges us to recognize that we cannot blame others, society, or fate for our actions; we alone are accountable for who we become.\n\nThis responsibility is closely tied to the concept of **authenticity**. Sartre argues that to live authentically is to fully embrace our freedom and the responsibility it entails. In contrast, \"bad faith\" represents a denial of this freedom, a retreat into self-deception where we conform to societal roles or external expectations to avoid the anxiety of choice. Sartre's critique of bad faith is a powerful reminder that true freedom requires courage—the courage to confront the uncertainty of existence and to define ourselves through our actions.\n\nSartre's famous dictum, **\"existence precedes essence,\"** further underscores his view of freedom. Unlike objects, which have predetermined purposes, humans are not born with a fixed essence. Instead, we create our essence through our choices and actions. This means that we are not bound by any inherent nature or destiny; we are free to reinvent ourselves continually. This idea is liberating, as it affirms the boundless potential of human agency, but it also demands that we take ownership of our lives and the values we choose to uphold.\n\nThe emotional dimensions of Sartre's philosophy—**anguish and despair**—reveal the existential challenges that accompany radical freedom. Anguish arises from the awareness of our responsibility, while despair stems from the recognition that we cannot control external events or the actions of others. Y (truncated)
  * test handle_event/3 KeyBoardInterface with key 'c' toggles show_combine (0.00ms) [L#71]

 16) test handle_event/3 KeyBoardInterface with key 'c' toggles show_combine (DialecticWeb.GraphLiveTest)
     test/dialectic_web/live/graph_live_test.exs:71
     ** (EXIT from #PID<0.1258.0>) an exception was raised:

          ** (FunctionClauseError) no function clause matching in DialecticWeb.GraphLive.handle_event/3

          The following arguments were given to DialecticWeb.GraphLive.handle_event/3:

              # 1
              "KeyBoardInterface"

              # 2
              %{"cmdKey" => true, "key" => "c"}

              # 3
              #Phoenix.LiveView.Socket<id: "phx-GFnBCqC4CmEypQ2k", endpoint: DialecticWeb.Endpoint, view: DialecticWeb.GraphLive, parent_pid: nil, root_pid: #PID<0.1263.0>, router: DialecticWeb.Router, assigns: %{node: %Dialectic.Graph.Vertex{id: "1", content: "What does Satre think about freedom?", class: "user", user: nil, parent: nil, parents: [], children: [%Dialectic.Graph.Vertex{id: "2", content: "Jean-Paul Sartre, a prominent existentialist philosopher, has a profound and complex view on freedom. Central to his philosophy is the idea that human beings are \"condemned to be free.\" This means that freedom is an inherent and inescapable aspect of human existence. Here are some key points about Sartre's conception of freedom:\n\n1. **Radical Freedom**: Sartre believes that humans have radical freedom, meaning that we are free to choose our actions in every situation. This freedom is not just a possibility but a fundamental aspect of our being. We are constantly faced with choices, and even the refusal to choose is itself a choice.\n\n2. **Responsibility**: With this radical freedom comes immense responsibility. Since we are free to choose, we are also responsible for our choices and their consequences. Sartre argues that we cannot escape this responsibility by blaming circumstances, other people, or external factors. We must own our decisions and their outcomes.\n\n3. **Authenticity and Bad Faith**: Sartre distinguishes between living authentically and living in \"bad faith.\" Authenticity involves acknowledging our freedom and taking responsibility for our choices. Bad faith, on the other hand, is a form of self-deception where we deny our freedom and responsibility, often by conforming to societal expectations or adopting predefined roles.\n\n4. **Existence Precedes Essence**: Sartre's famous dictum \"existence precedes essence\" underscores his view on freedom. Unlike objects that have a predetermined essence or purpose, humans first exist and then define themselves through their choices and actions. This means that we are not born with a fixed nature or destiny; we create our essence through our free actions.\n\n5. **Anguish and Despair**: The realization of our radical freedom can lead to feelings of anguish and despair. Anguish arises from the awareness of our responsibility for our choices, while despair comes from the recognition that we cannot control external events or the actions of others. Despite these feelings, Sartre emphasizes that we must continue to make choices and act in the world.\n\n6. **Freedom in Situations**: While Sartre asserts that we are fundamentally free, he also acknowledges that our freedom is always situated within a specific context. Our choices are made within the constraints of our physical, social, and historical circumstances. However, even within these constraints, we retain the freedom to interpret and respond to our situation in various ways.\n\nIn summary, Sartre's view of freedom is both empowering and daunting. It places the burden of choice and responsibility squarely on the individual, urging us to live authentically and embrace our freedom, even in the face of uncertainty and existential challenges.", class: "answer", user: nil, parent: nil, parents: [], children: [], noted_by: [], deleted: false, compound: nil}, %Dialectic.Graph.Vertex{id: "7", content: "A non-empty answer", class: "user", user: "tester@example.com", parent: nil, parents: [], children: [], noted_by: [], deleted: false, compound: false}], noted_by: [], deleted: false, compound: nil}, user: "tester@example.com", form: %Phoenix.HTML.Form{source: #Ecto.Changeset<action: nil, changes: %{}, errors: [], data: #Dialectic.Graph.Vertex<>, valid?: true, ...>, impl: Phoenix.HTML.FormData.Ecto.Changeset, id: "vertex", name: "vertex", data: %Dialectic.Graph.Vertex{id: "NewNode", content: "", class: "", user: "tester@example.com", parent: nil, parents: [], children: [], noted_by: [], deleted: false, compound: false}, action: nil, hidden: [], params: %{}, errors: [], options: [method: "post"], index: nil}, __changed__: %{}, current_user: #Dialectic.Accounts.User<__meta__: #Ecto.Schema.Metadata<:loaded, "users">, id: 4046, email: "tester@example.com", confirmed_at: nil, graphs: #Ecto.Association.NotLoaded<association :graphs is not loaded>, notes: #Ecto.Association.NotLoaded<association :notes is not loaded>, inserted_at: ~U[2025-08-08 09:36:21Z], updated_at: ~U[2025-08-08 09:36:21Z], ...>, flash: %{}, graph: {:digraph, #Reference<0.3960962147.1597374465.157950>, #Reference<0.3960962147.1597374465.157951>, #Reference<0.3960962147.1597374465.157952>, true}, search_term: "", graph_id: "Satre", key_buffer: "", show_combine: false, graph_struct: %Dialectic.Accounts.Graph{__meta__: #Ecto.Schema.Metadata<:loaded, "graphs">, title: "Satre", data: %{"edges" => [%{"data" => %{"id" => "24", "source" => "2", "target" => "4"}}, %{"data" => %{"id" => "23", "source" => "2", "target" => "3"}}, %{"data" => %{"id" => "12", "source" => "1", "target" => "2"}}, %{"data" => %{"id" => "56", "source" => "5", "target" => "6"}}, %{"data" => %{"id" => "45", "source" => "4", "target" => "5"}}], "nodes" => [%{"class" => "thesis", "content" => "Jean-Paul Sartre's conception of freedom is both profound and transformative, offering a radical rethinking of human existence and agency. His assertion that humans are \"condemned to be free\" captures the essence of his existential philosophy, which emphasizes the inescapable nature of freedom and the profound responsibility it entails. Sartre's view is not merely a philosophical abstraction but a call to action, urging individuals to confront the weight of their choices and the authenticity of their lives.\n\nAt the heart of Sartre's philosophy is the idea of **radical freedom**, which posits that we are free to choose in every moment, regardless of external constraints. This freedom is not a privilege but a fundamental aspect of our being. Even in situations where our options seem limited, we retain the freedom to interpret and respond to our circumstances. This perspective is empowering, as it affirms our capacity to shape our lives through our choices, but it is also daunting, as it places the full burden of responsibility on us. Sartre challenges us to recognize that we cannot blame others, society, or fate for our actions; we alone are accountable for who we become.\n\nThis responsibility is closely tied to the concept of **authenticity**. Sartre argues that to live authentically is to fully embrace our freedom and the responsibility it entails. In contrast, \"bad faith\" represents a denial of this freedom, a retreat into self-deception where we conform to societal roles or external expectations to avoid the anxiety of choice. Sartre's critique of bad faith is a powerful reminder that true freedom requires courage—the courage to confront the uncertainty of existence and to define ourselves through our actions.\n\nSartre's famous dictum, **\"existence precedes essence,\"** further underscores his view of freedom. Unlike objects, which have predetermined purposes, humans are not born with a fixed essence. Instead, we create our essence through our choices and actions. This means that we are not bound by any inherent nature or destiny; we are free to reinvent ourselves continually. This idea is liberating, as it affirms the boundless potential of human agency, but it also demands that we take ownership of our lives and the values we choose to uphold.\n\nThe emotional dimensions of Sartre's philosophy—**anguish and despair**—reveal the existential challenges that accompany radical freedom. Anguish arises from the awareness of our responsibility, while despair stems from the recognition that we cannot control external events or the actions of others. Yet, Sartre does not see these emotions as reasons to retreat from freedom. Instead, he views them as integral to the human condition, urging us to confront them with resolve and to continue making choices despite the inherent uncertainty of life.\n\nFinally, Sartre's acknowledgment of **freedom in situations** adds nuance to his philosophy. While he insists on our fundamental freedom, he also recognizes that our choices are made within specific contexts—physical, social, and historical. These constraints shape the possibilities available to us, but they do not negate our freedom to interpret and respond to our circumstances. This balance between freedom and constraint highlights the complexity of human existence and the ongoing struggle to assert our agency in a world that often seems beyond our control.\n\nIn conclusion, Sartre's view of freedom is both a profound insight and a call to action. It challenges us to embrace our freedom, take responsibility for our choices, and live authentically, even in the face of existential challenges. By doing so, we not only affirm our humanity but also contribute to the ongoing creation of meaning in a world that offers no guarantees. Sartre's philosophy is a reminder that, while freedom may be daunting, it is also the source of our greatest potential.", "deleted" => false, "id" => "3", "noted_by" => [], "user" => nil}, %{"class" => "answer", "content" => "Certainly! Let’s delve deeper into the criticisms of Sartre’s philosophy of radical freedom and explore additional dimensions of the debate, as well as potential responses from a Sartrean perspective.\n\n---\n\n### 6. **The Role of Authenticity and Bad Faith**:\nSartre’s concept of *authenticity*—living in accordance with one’s true self and embracing freedom—is central to his philosophy. However, critics argue that his notion of *bad faith* (self-deception or denying one’s freedom) oversimplifies the complexities of human psychology. For instance, individuals may not always be fully aware of the constraints or influences shaping their decisions, making it difficult to distinguish between authentic choices and those made under duress. Sartre’s binary framework of authenticity versus bad faith may fail to capture the nuanced ways in which people navigate their circumstances.\n\n**Sartrean Response**: Sartre might argue that even in situations of extreme constraint, individuals retain the freedom to interpret and give meaning to their circumstances. For example, a prisoner may not be free to leave their cell, but they can choose how to respond to their imprisonment—whether with defiance, resignation, or creativity. This existentialist perspective emphasizes the subjective dimension of freedom, even in the face of objective limitations.\n\n---\n\n### 7. **The Problem of Intersubjectivity**:\nSartre’s philosophy has been criticized for its limited engagement with *intersubjectivity*—the ways in which individuals relate to and influence one another. In *Being and Nothingness*, Sartre famously describes interpersonal relationships as inherently conflictual, encapsulated in his phrase, “Hell is other people.” This pessimistic view of human relationships can be seen as undermining the potential for mutual understanding, cooperation, and collective freedom.\n\n**Sartrean Response**: Later in his career, Sartre attempted to address this critique by incorporating Marxist ideas into his existentialist framework. In works like *Critique of Dialectical Reason*, he explored how collective action and solidarity could emerge from shared struggles against oppression. While this shift marked a departure from his earlier individualistic focus, some critics argue that it did not fully resolve the tension between existential freedom and collective responsibility.\n\n---\n\n### 8. **Cultural and Historical Specificity**:\nSartre’s philosophy has been criticized for its universalist claims about human freedom, which may not account for the cultural and historical specificity of human experience. For example, the emphasis on individual autonomy and self-creation may reflect a Western, modernist perspective that does not resonate with non-Western or traditional societies, where communal values and collective identities often take precedence.\n\n**Sartrean Response**: Sartre might counter that his philosophy is not meant to prescribe a specific way of life but rather to highlight the universal condition of human freedom. He could argue that even in cultures where collective identities are emphasized, individuals still face existential choices about how to interpret and live within those frameworks.\n\n---\n\n### 9. **Freedom and Privilege**:\nCritics have pointed out that Sartre’s emphasis on radical freedom may inadvertently privilege those who already enjoy significant social and economic advantages. For example, a wealthy individual with access to education and resources may experience their freedom in a way that is qualitatively different from someone struggling to meet basic needs. Sartre’s philosophy risks obscuring these disparities by treating freedom as an abstract, universal condition.\n\n**Sartrean Response**: Sartre might acknowledge this critique and argue that his philosophy is not meant to ignore material conditions but to challenge individuals to confront and transcend them. He could point to his own political activism as evidence of his commitment to addressing systemic inequalities, even as he maintained a focus on individual responsibility.\n\n---\n\n### 10. *" <> ..., "deleted" => false, "id" => "6", "noted_by" => [], "user" => "tester@example.com"}, %{"class" => "user", "content" => "tell me more", "deleted" => false, "id" => "5", "noted_by" => [], "user" => "tester@example.com"}, %{"class" => "user", "content" => "What does Satre think about freedom?", "deleted" => false, "id" => "1", "noted_by" => [], "user" => nil}, %{"class" => "answer", "content" => "Jean-Paul Sartre, a prominent existentialist philosopher, has a profound and complex view on freedom. Central to his philosophy is the idea that human beings are \"condemned to be free.\" This means that freedom is an inherent and inescapable aspect of human existence. Here are some key points about Sartre's conception of freedom:\n\n1. **Radical Freedom**: Sartre believes that humans have radical freedom, meaning that we are free to choose our actions in every situation. This freedom is not just a possibility but a fundamental aspect of our being. We are constantly faced with choices, and even the refusal to choose is itself a choice.\n\n2. **Responsibility**: With this radical freedom comes immense responsibility. Since we are free to choose, we are also responsible for our choices and their consequences. Sartre argues that we cannot escape this responsibility by blaming circumstances, other people, or external factors. We must own our decisions and their outcomes.\n\n3. **Authenticity and Bad Faith**: Sartre distinguishes between living authentically and living in \"bad faith.\" Authenticity involves acknowledging our freedom and taking responsibility for our choices. Bad faith, on the other hand, is a form of self-deception where we deny our freedom and responsibility, often by conforming to societal expectations or adopting predefined roles.\n\n4. **Existence Precedes Essence**: Sartre's famous dictum \"existence precedes essence\" underscores his view on freedom. Unlike objects that have a predetermined essence or purpose, humans first exist and then define themselves through their choices and actions. This means that we are not born with a fixed nature or destiny; we create our essence through our free actions.\n\n5. **Anguish and Despair**: The realization of our radical freedom can lead to feelings of anguish and despair. Anguish arises from the awareness of our responsibility for our choices, while despair comes from the recognition that we cannot control external events or the actions of others. Despite these feelings, Sartre emphasizes that we must continue to make choices and act in the world.\n\n6. **Freedom in Situations**: While Sartre asserts that we are fundamentally free, he also acknowledges that our freedom is always situated within a specific context. Our choices are made within the constraints of our physical, social, and historical circumstances. However, even within these constraints, we retain the freedom to interpret and respond to our situation in various ways.\n\nIn summary, Sartre's view of freedom is both empowering and daunting. It places the burden of choice and responsibility squarely on the individual, urging us to live authentically and embrace our freedom, even in the face of uncertainty and existential challenges.", "deleted" => false, "id" => "2", "noted_by" => [], "user" => nil}, %{"class" => "antithesis", "content" => "While Jean-Paul Sartre's philosophy of radical freedom offers a compelling framework for understanding human agency and responsibility, it is not without significant criticisms. One of the most compelling arguments against Sartre's conception of freedom is that it underestimates the profound influence of external constraints on human decision-making, potentially leading to an overly individualistic and unrealistic view of human existence.\n\n### 1. **Overemphasis on Individual Agency**:\nSartre's notion of radical freedom places an extraordinary emphasis on individual choice, suggesting that we are entirely responsible for our actions and their consequences. However, this view can be criticized for neglecting the ways in which social, economic, and cultural structures shape our choices. For example, individuals born into poverty or oppressive regimes may have severely limited options, making the idea of \"radical freedom\" seem abstract and disconnected from their lived reality. Sartre's philosophy risks blaming individuals for circumstances largely beyond their control, ignoring the systemic forces that constrain their freedom.\n\n### 2. **Neglect of Collective Responsibility**:\nBy focusing so heavily on individual responsibility, Sartre's philosophy downplays the importance of collective responsibility and solidarity. Human beings are deeply interconnected, and many of the challenges we face—such as climate change, systemic inequality, or political oppression—require collective action rather than individual choices. Sartre's existentialist framework, with its emphasis on personal freedom, may inadvertently discourage the kind of communal efforts needed to address these large-scale issues.\n\n### 3. **Psychological Realism**:\nSartre's assertion that we are \"condemned to be free\" and must constantly bear the weight of our choices can be psychologically overwhelming. While he acknowledges the anguish and despair that accompany this realization, his philosophy offers little solace or practical guidance for coping with these feelings. Critics might argue that Sartre's view of freedom is too austere and fails to account for the human need for stability, meaning, and connection. In this sense, his philosophy may be seen as alienating rather than empowering.\n\n### 4. **Freedom Within Constraints**:\nAlthough Sartre acknowledges that freedom is always situated within specific contexts, his emphasis on radical freedom can still be interpreted as downplaying the extent to which these constraints limit our choices. For instance, a person living under a dictatorship may have the \"freedom\" to resist, but the consequences of such resistance (e.g., imprisonment or death) may render this freedom largely theoretical. Sartre's philosophy risks romanticizing freedom by not adequately addressing the ways in which power dynamics and structural inequalities can render certain choices practically impossible.\n\n### 5. **Existentialism and Determinism**:\nSartre's rejection of determinism—the idea that human actions are determined by prior causes—can be seen as overly simplistic. While it is true that humans have the capacity for choice, our decisions are often influenced by biological, psychological, and environmental factors that are not entirely within our control. By dismissing these influences, Sartre's philosophy may fail to provide a nuanced understanding of human behavior, which is often a complex interplay of freedom and determinism.\n\n### Conclusion:\nWhile Sartre's philosophy of radical freedom offers a powerful critique of complacency and conformity, it can be criticized for its overemphasis on individual agency and its neglect of the structural and collective dimensions of human existence. By failing to adequately account for the ways in which external constraints shape our choices, Sartre's view of freedom risks becoming an abstract ideal rather than a practical guide for navigating the complexities of real life. A more balanced approach would recognize both the possibilities and limitations of human freedom, acknowledging the interplay between " <> ..., "deleted" => false, "id" => "4", "noted_by" => [], "user" => nil}]}, is_public: true, is_published: true, is_deleted: false, user_id: nil, user: #Ecto.Association.NotLoaded<association :user is not loaded>, notes: #Ecto.Association.NotLoaded<association :notes is not loaded>, inserted_at: ~U[2025-08-08 09:36:20Z], updated_at: ~U[2025-08-08 09:36:20Z]}, live_action: nil, streams: %{__changed__: MapSet.new([]), presences: %Phoenix.LiveView.LiveStream{name: :presences, dom_id: #Function<3.25360562/1 in Phoenix.LiveView.LiveStream.new/4>, ref: "0", inserts: [], deletes: [], reset?: false, consumable?: false}, __configured__: %{}, __ref__: 1}, graph_topic: "graph_update:Satre", live_view_topic: "graph_update:phx-GFnBCqC4CmEypQ2k", node_menu_visible: true, can_edit: true, drawer_open: true, ask_question: true, search_results: [], candidate_ids: [], show_group_modal: false, f_graph: "[{\"data\":{\"id\":\"3\",\"parent\":null,\"content\":\"Jean-Paul Sartre's conception of freedom is both profound and transformative, offering a radical rethinking of human existence and agency. His assertion that humans are \\\"condemned to be free\\\" captures the essence of his existential philosophy, which emphasizes the inescapable nature of freedom and the profound responsibility it entails. Sartre's view is not merely a philosophical abstraction but a call to action, urging individuals to confront the weight of their choices and the authenticity of their lives.\\n\\nAt the heart of Sartre's philosophy is the idea of **radical freedom**, which posits that we are free to choose in every moment, regardless of external constraints. This freedom is not a privilege but a fundamental aspect of our being. Even in situations where our options seem limited, we retain the freedom to interpret and respond to our circumstances. This perspective is empowering, as it affirms our capacity to shape our lives through our choices, but it is also daunting, as it places the full burden of responsibility on us. Sartre challenges us to recognize that we cannot blame others, society, or fate for our actions; we alone are accountable for who we become.\\n\\nThis responsibility is closely tied to the concept of **authenticity**. Sartre argues that to live authentically is to fully embrace our freedom and the responsibility it entails. In contrast, \\\"bad faith\\\" represents a denial of this freedom, a retreat into self-deception where we conform to societal roles or external expectations to avoid the anxiety of choice. Sartre's critique of bad faith is a powerful reminder that true freedom requires courage—the courage to confront the uncertainty of existence and to define ourselves through our actions.\\n\\nSartre's famous dictum, **\\\"existence precedes essence,\\\"** further underscores his view of freedom. Unlike objects, which have predetermined purposes, humans are not born with a fixed essence. Instead, we create our essence through our choices and actions. This means that we are not bound by any inherent nature or destiny; we are free to reinvent ourselves continually. This idea is liberating, as it affirms the boundless potential of human agency, but it also demands that we take ownership of our lives and the values we choose to uphold.\\n\\nThe emotional dimensions of Sartre's philosophy—**anguish and despair**—reveal the existential challenges that accompany radical freedom. Anguish arises from the awareness of our responsibility, while despair stems from the recognition that we cannot control external events or the actions of others. Yet, Sartre does not see these emotions as reasons to retreat from freedom. Instead, he views them as integral to the human condition, urging us to confront them with resolve and to continue making choices despite the inherent uncertainty of life.\\n\\nFinally, Sartre's acknowledgment of **freedom in situations** adds nuance to his philosophy. While he insists on our fundamental freedom, he also recognizes that our choices are made within specific contexts—physical, social, and historical. These constraints shape the possibilities available to us, but they do not negate our freedom to interpret and respond to our circumstances. This balance between freedom and constraint highlights the complexity of human existence and the ongoing struggle to assert our agency in a world that often seems beyond our control.\\n\\nIn conclusion, Sartre's view of freedom is both a profound insight and a call to action. It challenges us to embrace our freedom, take responsibility for our choices, and live authentically, even in the face of existential challenges. By doing so, we not only affirm our humanity but also contribute to the ongoing creation of meaning in a world that offers no guarantees. Sartre's philosophy is a reminder that, while freedom may be daunting, it is also the source of our greatest potential.\"},\"classes\":\"thesis\"},{\"data\":{\"id\":\"6\",\"parent\":null,\"content\":\"Certainly! Let’s delve deeper into the criticisms of Sartre’s philosophy " <> ..., group_changeset: %Phoenix.HTML.Form{source: %{"title" => ""}, impl: Phoenix.HTML.FormData.Map, id: nil, name: nil, data: %{}, action: nil, hidden: [], params: %{"title" => ""}, errors: [], options: [], index: nil}, graph_operation: ""}, transport_pid: #PID<0.1262.0>, ...>

          Attempted function clauses (showing 10 out of 22):

              def handle_event(-"nodes_box_selected"-, -%{"ids" => ids}-, socket)
              def handle_event(-"cancel_group"-, _, socket)
              def handle_event(-"group_nodes"-, -%{"title" => t, "ids" => ids}-, socket)
              def handle_event(-"node:join_group"-, -%{"node" => nid, "parent" => gid}-, socket)
              def handle_event(-"node:leave_group"-, -%{"node" => nid}-, socket)
              def handle_event(-"toggle_drawer"-, _, socket)
              def handle_event(-"search_nodes"-, params, socket)
              def handle_event(-"clear_search"-, _, socket)
              def handle_event(-"toggle_ask_question"-, _, socket)
              def handle_event(-"toggle_lock_graph"-, _, socket)
              ...
              (12 clauses not shown)

          stacktrace:
            (dialectic 0.1.0) lib/dialectic_web/live/graph_live.ex:78: DialecticWeb.GraphLive.handle_event/3
            (phoenix_live_view 1.0.3) lib/phoenix_live_view/channel.ex:508: anonymous fn/3 in Phoenix.LiveView.Channel.view_handle_event/3
            (telemetry 1.3.0) /Users/tomberman/Development/dialectic/deps/telemetry/src/telemetry.erl:324: :telemetry.span/3
            (phoenix_live_view 1.0.3) lib/phoenix_live_view/channel.ex:260: Phoenix.LiveView.Channel.handle_info/2
            (stdlib 6.2) gen_server.erl:2345: :gen_server.try_handle_info/3
            (stdlib 6.2) gen_server.erl:2433: :gen_server.handle_msg/6
            (stdlib 6.2) proc_lib.erl:329: :proc_lib.init_p_do_apply/3


  * test handle_event/3 KeyBoardInterface does nothing when cmdKey is false [L#34]10:36:21.257 [error] GenServer #PID<0.1274.0> terminating
** (FunctionClauseError) no function clause matching in DialecticWeb.GraphLive.handle_event/3
    (dialectic 0.1.0) lib/dialectic_web/live/graph_live.ex:78: DialecticWeb.GraphLive.handle_event("KeyBoardInterface", %{"cmdKey" => false, "key" => "x"}, #Phoenix.LiveView.Socket<id: "phx-GFnBCqIHagOjOg5k", endpoint: DialecticWeb.Endpoint, view: DialecticWeb.GraphLive, parent_pid: nil, root_pid: #PID<0.1274.0>, router: DialecticWeb.Router, assigns: %{node: %Dialectic.Graph.Vertex{id: "1", content: "What does Satre think about freedom?", class: "user", user: nil, parent: nil, parents: [], children: [%Dialectic.Graph.Vertex{id: "2", content: "Jean-Paul Sartre, a prominent existentialist philosopher, has a profound and complex view on freedom. Central to his philosophy is the idea that human beings are \"condemned to be free.\" This means that freedom is an inherent and inescapable aspect of human existence. Here are some key points about Sartre's conception of freedom:\n\n1. **Radical Freedom**: Sartre believes that humans have radical freedom, meaning that we are free to choose our actions in every situation. This freedom is not just a possibility but a fundamental aspect of our being. We are constantly faced with choices, and even the refusal to choose is itself a choice.\n\n2. **Responsibility**: With this radical freedom comes immense responsibility. Since we are free to choose, we are also responsible for our choices and their consequences. Sartre argues that we cannot escape this responsibility by blaming circumstances, other people, or external factors. We must own our decisions and their outcomes.\n\n3. **Authenticity and Bad Faith**: Sartre distinguishes between living authentically and living in \"bad faith.\" Authenticity involves acknowledging our freedom and taking responsibility for our choices. Bad faith, on the other hand, is a form of self-deception where we deny our freedom and responsibility, often by conforming to societal expectations or adopting predefined roles.\n\n4. **Existence Precedes Essence**: Sartre's famous dictum \"existence precedes essence\" underscores his view on freedom. Unlike objects that have a predetermined essence or purpose, humans first exist and then define themselves through their choices and actions. This means that we are not born with a fixed nature or destiny; we create our essence through our free actions.\n\n5. **Anguish and Despair**: The realization of our radical freedom can lead to feelings of anguish and despair. Anguish arises from the awareness of our responsibility for our choices, while despair comes from the recognition that we cannot control external events or the actions of others. Despite these feelings, Sartre emphasizes that we must continue to make choices and act in the world.\n\n6. **Freedom in Situations**: While Sartre asserts that we are fundamentally free, he also acknowledges that our freedom is always situated within a specific context. Our choices are made within the constraints of our physical, social, and historical circumstances. However, even within these constraints, we retain the freedom to interpret and respond to our situation in various ways.\n\nIn summary, Sartre's view of freedom is both empowering and daunting. It places the burden of choice and responsibility squarely on the individual, urging us to live authentically and embrace our freedom, even in the face of uncertainty and existential challenges.", class: "answer", user: nil, parent: nil, parents: [], children: [], noted_by: [], deleted: false, compound: nil}, %Dialectic.Graph.Vertex{id: "7", content: "A non-empty answer", class: "user", user: "tester@example.com", parent: nil, parents: [], children: [], noted_by: [], deleted: false, compound: false}], noted_by: [], deleted: false, compound: nil}, user: "tester@example.com", form: %Phoenix.HTML.Form{source: #Ecto.Changeset<action: nil, changes: %{}, errors: [], data: #Dialectic.Graph.Vertex<>, valid?: true, ...>, impl: Phoenix.HTML.FormData.Ecto.Changeset, id: "vertex", name: "vertex", data: %Dialectic.Graph.Vertex{id: "NewNode", content: "", class: "", user: "tester@example.com", parent: nil, parents: [], children: [], noted_by: [], deleted: false, compound: false}, action: nil, hidden: [], params: %{}, errors: [], options: [method: "post"], index: nil}, __changed__: %{}, current_user: #Dialectic.Accounts.User<__meta__: #Ecto.Schema.Metadata<:loaded, "users">, id: 4047, email: "tester@example.com", confirmed_at: nil, graphs: #Ecto.Association.NotLoaded<association :graphs is not loaded>, notes: #Ecto.Association.NotLoaded<association :notes is not loaded>, inserted_at: ~U[2025-08-08 09:36:21Z], updated_at: ~U[2025-08-08 09:36:21Z], ...>, flash: %{}, graph: {:digraph, #Reference<0.3960962147.1597374465.157950>, #Reference<0.3960962147.1597374465.157951>, #Reference<0.3960962147.1597374465.157952>, true}, search_term: "", graph_id: "Satre", key_buffer: "", show_combine: false, graph_struct: %Dialectic.Accounts.Graph{__meta__: #Ecto.Schema.Metadata<:loaded, "graphs">, title: "Satre", data: %{"edges" => [%{"data" => %{"id" => "24", "source" => "2", "target" => "4"}}, %{"data" => %{"id" => "23", "source" => "2", "target" => "3"}}, %{"data" => %{"id" => "12", "source" => "1", "target" => "2"}}, %{"data" => %{"id" => "56", "source" => "5", "target" => "6"}}, %{"data" => %{"id" => "45", "source" => "4", "target" => "5"}}], "nodes" => [%{"class" => "thesis", "content" => "Jean-Paul Sartre's conception of freedom is both profound and transformative, offering a radical rethinking of human existence and agency. His assertion that humans are \"condemned to be free\" captures the essence of his existential philosophy, which emphasizes the inescapable nature of freedom and the profound responsibility it entails. Sartre's view is not merely a philosophical abstraction but a call to action, urging individuals to confront the weight of their choices and the authenticity of their lives.\n\nAt the heart of Sartre's philosophy is the idea of **radical freedom**, which posits that we are free to choose in every moment, regardless of external constraints. This freedom is not a privilege but a fundamental aspect of our being. Even in situations where our options seem limited, we retain the freedom to interpret and respond to our circumstances. This perspective is empowering, as it affirms our capacity to shape our lives through our choices, but it is also daunting, as it places the full burden of responsibility on us. Sartre challenges us to recognize that we cannot blame others, society, or fate for our actions; we alone are accountable for who we become.\n\nThis responsibility is closely tied to the concept of **authenticity**. Sartre argues that to live authentically is to fully embrace our freedom and the responsibility it entails. In contrast, \"bad faith\" represents a denial of this freedom, a retreat into self-deception where we conform to societal roles or external expectations to avoid the anxiety of choice. Sartre's critique of bad faith is a powerful reminder that true freedom requires courage—the courage to confront the uncertainty of existence and to define ourselves through our actions.\n\nSartre's famous dictum, **\"existence precedes essence,\"** further underscores his view of freedom. Unlike objects, which have predetermined purposes, humans are not born with a fixed essence. Instead, we create our essence through our choices and actions. This means that we are not bound by any inherent nature or destiny; we are free to reinvent ourselves continually. This idea is liberating, as it affirms the boundless potential of human agency, but it also demands that we take ownership of our lives and the values we choose to uphold.\n\nThe emotional dimensions of Sartre's philosophy—**anguish and despair**—reveal the existential challenges that accompany radical freedom. Anguish arises from the awareness of our responsibility, while despair stems from the recognition that we cannot control external events or the actions of others.  (truncated)
10:36:21.261 [error] GenServer #PID<0.1272.0> terminating
** (FunctionClauseError) no function clause matching in DialecticWeb.GraphLive.handle_event/3
    (dialectic 0.1.0) lib/dialectic_web/live/graph_live.ex:78: DialecticWeb.GraphLive.handle_event("KeyBoardInterface", %{"cmdKey" => false, "key" => "x"}, #Phoenix.LiveView.Socket<id: "phx-GFnBCqIHagOjOg5k", endpoint: DialecticWeb.Endpoint, view: DialecticWeb.GraphLive, parent_pid: nil, root_pid: #PID<0.1274.0>, router: DialecticWeb.Router, assigns: %{node: %Dialectic.Graph.Vertex{id: "1", content: "What does Satre think about freedom?", class: "user", user: nil, parent: nil, parents: [], children: [%Dialectic.Graph.Vertex{id: "2", content: "Jean-Paul Sartre, a prominent existentialist philosopher, has a profound and complex view on freedom. Central to his philosophy is the idea that human beings are \"condemned to be free.\" This means that freedom is an inherent and inescapable aspect of human existence. Here are some key points about Sartre's conception of freedom:\n\n1. **Radical Freedom**: Sartre believes that humans have radical freedom, meaning that we are free to choose our actions in every situation. This freedom is not just a possibility but a fundamental aspect of our being. We are constantly faced with choices, and even the refusal to choose is itself a choice.\n\n2. **Responsibility**: With this radical freedom comes immense responsibility. Since we are free to choose, we are also responsible for our choices and their consequences. Sartre argues that we cannot escape this responsibility by blaming circumstances, other people, or external factors. We must own our decisions and their outcomes.\n\n3. **Authenticity and Bad Faith**: Sartre distinguishes between living authentically and living in \"bad faith.\" Authenticity involves acknowledging our freedom and taking responsibility for our choices. Bad faith, on the other hand, is a form of self-deception where we deny our freedom and responsibility, often by conforming to societal expectations or adopting predefined roles.\n\n4. **Existence Precedes Essence**: Sartre's famous dictum \"existence precedes essence\" underscores his view on freedom. Unlike objects that have a predetermined essence or purpose, humans first exist and then define themselves through their choices and actions. This means that we are not born with a fixed nature or destiny; we create our essence through our free actions.\n\n5. **Anguish and Despair**: The realization of our radical freedom can lead to feelings of anguish and despair. Anguish arises from the awareness of our responsibility for our choices, while despair comes from the recognition that we cannot control external events or the actions of others. Despite these feelings, Sartre emphasizes that we must continue to make choices and act in the world.\n\n6. **Freedom in Situations**: While Sartre asserts that we are fundamentally free, he also acknowledges that our freedom is always situated within a specific context. Our choices are made within the constraints of our physical, social, and historical circumstances. However, even within these constraints, we retain the freedom to interpret and respond to our situation in various ways.\n\nIn summary, Sartre's view of freedom is both empowering and daunting. It places the burden of choice and responsibility squarely on the individual, urging us to live authentically and embrace our freedom, even in the face of uncertainty and existential challenges.", class: "answer", user: nil, parent: nil, parents: [], children: [], noted_by: [], deleted: false, compound: nil}, %Dialectic.Graph.Vertex{id: "7", content: "A non-empty answer", class: "user", user: "tester@example.com", parent: nil, parents: [], children: [], noted_by: [], deleted: false, compound: false}], noted_by: [], deleted: false, compound: nil}, user: "tester@example.com", form: %Phoenix.HTML.Form{source: #Ecto.Changeset<action: nil, changes: %{}, errors: [], data: #Dialectic.Graph.Vertex<>, valid?: true, ...>, impl: Phoenix.HTML.FormData.Ecto.Changeset, id: "vertex", name: "vertex", data: %Dialectic.Graph.Vertex{id: "NewNode", content: "", class: "", user: "tester@example.com", parent: nil, parents: [], children: [], noted_by: [], deleted: false, compound: false}, action: nil, hidden: [], params: %{}, errors: [], options: [method: "post"], index: nil}, __changed__: %{}, current_user: #Dialectic.Accounts.User<__meta__: #Ecto.Schema.Metadata<:loaded, "users">, id: 4047, email: "tester@example.com", confirmed_at: nil, graphs: #Ecto.Association.NotLoaded<association :graphs is not loaded>, notes: #Ecto.Association.NotLoaded<association :notes is not loaded>, inserted_at: ~U[2025-08-08 09:36:21Z], updated_at: ~U[2025-08-08 09:36:21Z], ...>, flash: %{}, graph: {:digraph, #Reference<0.3960962147.1597374465.157950>, #Reference<0.3960962147.1597374465.157951>, #Reference<0.3960962147.1597374465.157952>, true}, search_term: "", graph_id: "Satre", key_buffer: "", show_combine: false, graph_struct: %Dialectic.Accounts.Graph{__meta__: #Ecto.Schema.Metadata<:loaded, "graphs">, title: "Satre", data: %{"edges" => [%{"data" => %{"id" => "24", "source" => "2", "target" => "4"}}, %{"data" => %{"id" => "23", "source" => "2", "target" => "3"}}, %{"data" => %{"id" => "12", "source" => "1", "target" => "2"}}, %{"data" => %{"id" => "56", "source" => "5", "target" => "6"}}, %{"data" => %{"id" => "45", "source" => "4", "target" => "5"}}], "nodes" => [%{"class" => "thesis", "content" => "Jean-Paul Sartre's conception of freedom is both profound and transformative, offering a radical rethinking of human existence and agency. His assertion that humans are \"condemned to be free\" captures the essence of his existential philosophy, which emphasizes the inescapable nature of freedom and the profound responsibility it entails. Sartre's view is not merely a philosophical abstraction but a call to action, urging individuals to confront the weight of their choices and the authenticity of their lives.\n\nAt the heart of Sartre's philosophy is the idea of **radical freedom**, which posits that we are free to choose in every moment, regardless of external constraints. This freedom is not a privilege but a fundamental aspect of our being. Even in situations where our options seem limited, we retain the freedom to interpret and respond to our circumstances. This perspective is empowering, as it affirms our capacity to shape our lives through our choices, but it is also daunting, as it places the full burden of responsibility on us. Sartre challenges us to recognize that we cannot blame others, society, or fate for our actions; we alone are accountable for who we become.\n\nThis responsibility is closely tied to the concept of **authenticity**. Sartre argues that to live authentically is to fully embrace our freedom and the responsibility it entails. In contrast, \"bad faith\" represents a denial of this freedom, a retreat into self-deception where we conform to societal roles or external expectations to avoid the anxiety of choice. Sartre's critique of bad faith is a powerful reminder that true freedom requires courage—the courage to confront the uncertainty of existence and to define ourselves through our actions.\n\nSartre's famous dictum, **\"existence precedes essence,\"** further underscores his view of freedom. Unlike objects, which have predetermined purposes, humans are not born with a fixed essence. Instead, we create our essence through our choices and actions. This means that we are not bound by any inherent nature or destiny; we are free to reinvent ourselves continually. This idea is liberating, as it affirms the boundless potential of human agency, but it also demands that we take ownership of our lives and the values we choose to uphold.\n\nThe emotional dimensions of Sartre's philosophy—**anguish and despair**—reveal the existential challenges that accompany radical freedom. Anguish arises from the awareness of our responsibility, while despair stems from the recognition that we cannot control external events or the actions of others.  (truncated)
  * test handle_event/3 KeyBoardInterface does nothing when cmdKey is false (0.00ms) [L#34]

 17) test handle_event/3 KeyBoardInterface does nothing when cmdKey is false (DialecticWeb.GraphLiveTest)
     test/dialectic_web/live/graph_live_test.exs:34
     ** (EXIT from #PID<0.1269.0>) an exception was raised:

          ** (FunctionClauseError) no function clause matching in DialecticWeb.GraphLive.handle_event/3

          The following arguments were given to DialecticWeb.GraphLive.handle_event/3:

              # 1
              "KeyBoardInterface"

              # 2
              %{"cmdKey" => false, "key" => "x"}

              # 3
              #Phoenix.LiveView.Socket<id: "phx-GFnBCqIHagOjOg5k", endpoint: DialecticWeb.Endpoint, view: DialecticWeb.GraphLive, parent_pid: nil, root_pid: #PID<0.1274.0>, router: DialecticWeb.Router, assigns: %{node: %Dialectic.Graph.Vertex{id: "1", content: "What does Satre think about freedom?", class: "user", user: nil, parent: nil, parents: [], children: [%Dialectic.Graph.Vertex{id: "2", content: "Jean-Paul Sartre, a prominent existentialist philosopher, has a profound and complex view on freedom. Central to his philosophy is the idea that human beings are \"condemned to be free.\" This means that freedom is an inherent and inescapable aspect of human existence. Here are some key points about Sartre's conception of freedom:\n\n1. **Radical Freedom**: Sartre believes that humans have radical freedom, meaning that we are free to choose our actions in every situation. This freedom is not just a possibility but a fundamental aspect of our being. We are constantly faced with choices, and even the refusal to choose is itself a choice.\n\n2. **Responsibility**: With this radical freedom comes immense responsibility. Since we are free to choose, we are also responsible for our choices and their consequences. Sartre argues that we cannot escape this responsibility by blaming circumstances, other people, or external factors. We must own our decisions and their outcomes.\n\n3. **Authenticity and Bad Faith**: Sartre distinguishes between living authentically and living in \"bad faith.\" Authenticity involves acknowledging our freedom and taking responsibility for our choices. Bad faith, on the other hand, is a form of self-deception where we deny our freedom and responsibility, often by conforming to societal expectations or adopting predefined roles.\n\n4. **Existence Precedes Essence**: Sartre's famous dictum \"existence precedes essence\" underscores his view on freedom. Unlike objects that have a predetermined essence or purpose, humans first exist and then define themselves through their choices and actions. This means that we are not born with a fixed nature or destiny; we create our essence through our free actions.\n\n5. **Anguish and Despair**: The realization of our radical freedom can lead to feelings of anguish and despair. Anguish arises from the awareness of our responsibility for our choices, while despair comes from the recognition that we cannot control external events or the actions of others. Despite these feelings, Sartre emphasizes that we must continue to make choices and act in the world.\n\n6. **Freedom in Situations**: While Sartre asserts that we are fundamentally free, he also acknowledges that our freedom is always situated within a specific context. Our choices are made within the constraints of our physical, social, and historical circumstances. However, even within these constraints, we retain the freedom to interpret and respond to our situation in various ways.\n\nIn summary, Sartre's view of freedom is both empowering and daunting. It places the burden of choice and responsibility squarely on the individual, urging us to live authentically and embrace our freedom, even in the face of uncertainty and existential challenges.", class: "answer", user: nil, parent: nil, parents: [], children: [], noted_by: [], deleted: false, compound: nil}, %Dialectic.Graph.Vertex{id: "7", content: "A non-empty answer", class: "user", user: "tester@example.com", parent: nil, parents: [], children: [], noted_by: [], deleted: false, compound: false}], noted_by: [], deleted: false, compound: nil}, user: "tester@example.com", form: %Phoenix.HTML.Form{source: #Ecto.Changeset<action: nil, changes: %{}, errors: [], data: #Dialectic.Graph.Vertex<>, valid?: true, ...>, impl: Phoenix.HTML.FormData.Ecto.Changeset, id: "vertex", name: "vertex", data: %Dialectic.Graph.Vertex{id: "NewNode", content: "", class: "", user: "tester@example.com", parent: nil, parents: [], children: [], noted_by: [], deleted: false, compound: false}, action: nil, hidden: [], params: %{}, errors: [], options: [method: "post"], index: nil}, __changed__: %{}, current_user: #Dialectic.Accounts.User<__meta__: #Ecto.Schema.Metadata<:loaded, "users">, id: 4047, email: "tester@example.com", confirmed_at: nil, graphs: #Ecto.Association.NotLoaded<association :graphs is not loaded>, notes: #Ecto.Association.NotLoaded<association :notes is not loaded>, inserted_at: ~U[2025-08-08 09:36:21Z], updated_at: ~U[2025-08-08 09:36:21Z], ...>, flash: %{}, graph: {:digraph, #Reference<0.3960962147.1597374465.157950>, #Reference<0.3960962147.1597374465.157951>, #Reference<0.3960962147.1597374465.157952>, true}, search_term: "", graph_id: "Satre", key_buffer: "", show_combine: false, graph_struct: %Dialectic.Accounts.Graph{__meta__: #Ecto.Schema.Metadata<:loaded, "graphs">, title: "Satre", data: %{"edges" => [%{"data" => %{"id" => "24", "source" => "2", "target" => "4"}}, %{"data" => %{"id" => "23", "source" => "2", "target" => "3"}}, %{"data" => %{"id" => "12", "source" => "1", "target" => "2"}}, %{"data" => %{"id" => "56", "source" => "5", "target" => "6"}}, %{"data" => %{"id" => "45", "source" => "4", "target" => "5"}}], "nodes" => [%{"class" => "thesis", "content" => "Jean-Paul Sartre's conception of freedom is both profound and transformative, offering a radical rethinking of human existence and agency. His assertion that humans are \"condemned to be free\" captures the essence of his existential philosophy, which emphasizes the inescapable nature of freedom and the profound responsibility it entails. Sartre's view is not merely a philosophical abstraction but a call to action, urging individuals to confront the weight of their choices and the authenticity of their lives.\n\nAt the heart of Sartre's philosophy is the idea of **radical freedom**, which posits that we are free to choose in every moment, regardless of external constraints. This freedom is not a privilege but a fundamental aspect of our being. Even in situations where our options seem limited, we retain the freedom to interpret and respond to our circumstances. This perspective is empowering, as it affirms our capacity to shape our lives through our choices, but it is also daunting, as it places the full burden of responsibility on us. Sartre challenges us to recognize that we cannot blame others, society, or fate for our actions; we alone are accountable for who we become.\n\nThis responsibility is closely tied to the concept of **authenticity**. Sartre argues that to live authentically is to fully embrace our freedom and the responsibility it entails. In contrast, \"bad faith\" represents a denial of this freedom, a retreat into self-deception where we conform to societal roles or external expectations to avoid the anxiety of choice. Sartre's critique of bad faith is a powerful reminder that true freedom requires courage—the courage to confront the uncertainty of existence and to define ourselves through our actions.\n\nSartre's famous dictum, **\"existence precedes essence,\"** further underscores his view of freedom. Unlike objects, which have predetermined purposes, humans are not born with a fixed essence. Instead, we create our essence through our choices and actions. This means that we are not bound by any inherent nature or destiny; we are free to reinvent ourselves continually. This idea is liberating, as it affirms the boundless potential of human agency, but it also demands that we take ownership of our lives and the values we choose to uphold.\n\nThe emotional dimensions of Sartre's philosophy—**anguish and despair**—reveal the existential challenges that accompany radical freedom. Anguish arises from the awareness of our responsibility, while despair stems from the recognition that we cannot control external events or the actions of others. Yet, Sartre does not see these emotions as reasons to retreat from freedom. Instead, he views them as integral to the human condition, urging us to confront them with resolve and to continue making choices despite the inherent uncertainty of life.\n\nFinally, Sartre's acknowledgment of **freedom in situations** adds nuance to his philosophy. While he insists on our fundamental freedom, he also recognizes that our choices are made within specific contexts—physical, social, and historical. These constraints shape the possibilities available to us, but they do not negate our freedom to interpret and respond to our circumstances. This balance between freedom and constraint highlights the complexity of human existence and the ongoing struggle to assert our agency in a world that often seems beyond our control.\n\nIn conclusion, Sartre's view of freedom is both a profound insight and a call to action. It challenges us to embrace our freedom, take responsibility for our choices, and live authentically, even in the face of existential challenges. By doing so, we not only affirm our humanity but also contribute to the ongoing creation of meaning in a world that offers no guarantees. Sartre's philosophy is a reminder that, while freedom may be daunting, it is also the source of our greatest potential.", "deleted" => false, "id" => "3", "noted_by" => [], "user" => nil}, %{"class" => "answer", "content" => "Certainly! Let’s delve deeper into the criticisms of Sartre’s philosophy of radical freedom and explore additional dimensions of the debate, as well as potential responses from a Sartrean perspective.\n\n---\n\n### 6. **The Role of Authenticity and Bad Faith**:\nSartre’s concept of *authenticity*—living in accordance with one’s true self and embracing freedom—is central to his philosophy. However, critics argue that his notion of *bad faith* (self-deception or denying one’s freedom) oversimplifies the complexities of human psychology. For instance, individuals may not always be fully aware of the constraints or influences shaping their decisions, making it difficult to distinguish between authentic choices and those made under duress. Sartre’s binary framework of authenticity versus bad faith may fail to capture the nuanced ways in which people navigate their circumstances.\n\n**Sartrean Response**: Sartre might argue that even in situations of extreme constraint, individuals retain the freedom to interpret and give meaning to their circumstances. For example, a prisoner may not be free to leave their cell, but they can choose how to respond to their imprisonment—whether with defiance, resignation, or creativity. This existentialist perspective emphasizes the subjective dimension of freedom, even in the face of objective limitations.\n\n---\n\n### 7. **The Problem of Intersubjectivity**:\nSartre’s philosophy has been criticized for its limited engagement with *intersubjectivity*—the ways in which individuals relate to and influence one another. In *Being and Nothingness*, Sartre famously describes interpersonal relationships as inherently conflictual, encapsulated in his phrase, “Hell is other people.” This pessimistic view of human relationships can be seen as undermining the potential for mutual understanding, cooperation, and collective freedom.\n\n**Sartrean Response**: Later in his career, Sartre attempted to address this critique by incorporating Marxist ideas into his existentialist framework. In works like *Critique of Dialectical Reason*, he explored how collective action and solidarity could emerge from shared struggles against oppression. While this shift marked a departure from his earlier individualistic focus, some critics argue that it did not fully resolve the tension between existential freedom and collective responsibility.\n\n---\n\n### 8. **Cultural and Historical Specificity**:\nSartre’s philosophy has been criticized for its universalist claims about human freedom, which may not account for the cultural and historical specificity of human experience. For example, the emphasis on individual autonomy and self-creation may reflect a Western, modernist perspective that does not resonate with non-Western or traditional societies, where communal values and collective identities often take precedence.\n\n**Sartrean Response**: Sartre might counter that his philosophy is not meant to prescribe a specific way of life but rather to highlight the universal condition of human freedom. He could argue that even in cultures where collective identities are emphasized, individuals still face existential choices about how to interpret and live within those frameworks.\n\n---\n\n### 9. **Freedom and Privilege**:\nCritics have pointed out that Sartre’s emphasis on radical freedom may inadvertently privilege those who already enjoy significant social and economic advantages. For example, a wealthy individual with access to education and resources may experience their freedom in a way that is qualitatively different from someone struggling to meet basic needs. Sartre’s philosophy risks obscuring these disparities by treating freedom as an abstract, universal condition.\n\n**Sartrean Response**: Sartre might acknowledge this critique and argue that his philosophy is not meant to ignore material conditions but to challenge individuals to confront and transcend them. He could point to his own political activism as evidence of his commitment to addressing systemic inequalities, even as he maintained a focus on individual responsibility.\n\n---\n\n### 10. *" <> ..., "deleted" => false, "id" => "6", "noted_by" => [], "user" => "tester@example.com"}, %{"class" => "user", "content" => "tell me more", "deleted" => false, "id" => "5", "noted_by" => [], "user" => "tester@example.com"}, %{"class" => "user", "content" => "What does Satre think about freedom?", "deleted" => false, "id" => "1", "noted_by" => [], "user" => nil}, %{"class" => "answer", "content" => "Jean-Paul Sartre, a prominent existentialist philosopher, has a profound and complex view on freedom. Central to his philosophy is the idea that human beings are \"condemned to be free.\" This means that freedom is an inherent and inescapable aspect of human existence. Here are some key points about Sartre's conception of freedom:\n\n1. **Radical Freedom**: Sartre believes that humans have radical freedom, meaning that we are free to choose our actions in every situation. This freedom is not just a possibility but a fundamental aspect of our being. We are constantly faced with choices, and even the refusal to choose is itself a choice.\n\n2. **Responsibility**: With this radical freedom comes immense responsibility. Since we are free to choose, we are also responsible for our choices and their consequences. Sartre argues that we cannot escape this responsibility by blaming circumstances, other people, or external factors. We must own our decisions and their outcomes.\n\n3. **Authenticity and Bad Faith**: Sartre distinguishes between living authentically and living in \"bad faith.\" Authenticity involves acknowledging our freedom and taking responsibility for our choices. Bad faith, on the other hand, is a form of self-deception where we deny our freedom and responsibility, often by conforming to societal expectations or adopting predefined roles.\n\n4. **Existence Precedes Essence**: Sartre's famous dictum \"existence precedes essence\" underscores his view on freedom. Unlike objects that have a predetermined essence or purpose, humans first exist and then define themselves through their choices and actions. This means that we are not born with a fixed nature or destiny; we create our essence through our free actions.\n\n5. **Anguish and Despair**: The realization of our radical freedom can lead to feelings of anguish and despair. Anguish arises from the awareness of our responsibility for our choices, while despair comes from the recognition that we cannot control external events or the actions of others. Despite these feelings, Sartre emphasizes that we must continue to make choices and act in the world.\n\n6. **Freedom in Situations**: While Sartre asserts that we are fundamentally free, he also acknowledges that our freedom is always situated within a specific context. Our choices are made within the constraints of our physical, social, and historical circumstances. However, even within these constraints, we retain the freedom to interpret and respond to our situation in various ways.\n\nIn summary, Sartre's view of freedom is both empowering and daunting. It places the burden of choice and responsibility squarely on the individual, urging us to live authentically and embrace our freedom, even in the face of uncertainty and existential challenges.", "deleted" => false, "id" => "2", "noted_by" => [], "user" => nil}, %{"class" => "antithesis", "content" => "While Jean-Paul Sartre's philosophy of radical freedom offers a compelling framework for understanding human agency and responsibility, it is not without significant criticisms. One of the most compelling arguments against Sartre's conception of freedom is that it underestimates the profound influence of external constraints on human decision-making, potentially leading to an overly individualistic and unrealistic view of human existence.\n\n### 1. **Overemphasis on Individual Agency**:\nSartre's notion of radical freedom places an extraordinary emphasis on individual choice, suggesting that we are entirely responsible for our actions and their consequences. However, this view can be criticized for neglecting the ways in which social, economic, and cultural structures shape our choices. For example, individuals born into poverty or oppressive regimes may have severely limited options, making the idea of \"radical freedom\" seem abstract and disconnected from their lived reality. Sartre's philosophy risks blaming individuals for circumstances largely beyond their control, ignoring the systemic forces that constrain their freedom.\n\n### 2. **Neglect of Collective Responsibility**:\nBy focusing so heavily on individual responsibility, Sartre's philosophy downplays the importance of collective responsibility and solidarity. Human beings are deeply interconnected, and many of the challenges we face—such as climate change, systemic inequality, or political oppression—require collective action rather than individual choices. Sartre's existentialist framework, with its emphasis on personal freedom, may inadvertently discourage the kind of communal efforts needed to address these large-scale issues.\n\n### 3. **Psychological Realism**:\nSartre's assertion that we are \"condemned to be free\" and must constantly bear the weight of our choices can be psychologically overwhelming. While he acknowledges the anguish and despair that accompany this realization, his philosophy offers little solace or practical guidance for coping with these feelings. Critics might argue that Sartre's view of freedom is too austere and fails to account for the human need for stability, meaning, and connection. In this sense, his philosophy may be seen as alienating rather than empowering.\n\n### 4. **Freedom Within Constraints**:\nAlthough Sartre acknowledges that freedom is always situated within specific contexts, his emphasis on radical freedom can still be interpreted as downplaying the extent to which these constraints limit our choices. For instance, a person living under a dictatorship may have the \"freedom\" to resist, but the consequences of such resistance (e.g., imprisonment or death) may render this freedom largely theoretical. Sartre's philosophy risks romanticizing freedom by not adequately addressing the ways in which power dynamics and structural inequalities can render certain choices practically impossible.\n\n### 5. **Existentialism and Determinism**:\nSartre's rejection of determinism—the idea that human actions are determined by prior causes—can be seen as overly simplistic. While it is true that humans have the capacity for choice, our decisions are often influenced by biological, psychological, and environmental factors that are not entirely within our control. By dismissing these influences, Sartre's philosophy may fail to provide a nuanced understanding of human behavior, which is often a complex interplay of freedom and determinism.\n\n### Conclusion:\nWhile Sartre's philosophy of radical freedom offers a powerful critique of complacency and conformity, it can be criticized for its overemphasis on individual agency and its neglect of the structural and collective dimensions of human existence. By failing to adequately account for the ways in which external constraints shape our choices, Sartre's view of freedom risks becoming an abstract ideal rather than a practical guide for navigating the complexities of real life. A more balanced approach would recognize both the possibilities and limitations of human freedom, acknowledging the interplay between " <> ..., "deleted" => false, "id" => "4", "noted_by" => [], "user" => nil}]}, is_public: true, is_published: true, is_deleted: false, user_id: nil, user: #Ecto.Association.NotLoaded<association :user is not loaded>, notes: #Ecto.Association.NotLoaded<association :notes is not loaded>, inserted_at: ~U[2025-08-08 09:36:20Z], updated_at: ~U[2025-08-08 09:36:20Z]}, live_action: nil, streams: %{__changed__: MapSet.new([]), presences: %Phoenix.LiveView.LiveStream{name: :presences, dom_id: #Function<3.25360562/1 in Phoenix.LiveView.LiveStream.new/4>, ref: "0", inserts: [], deletes: [], reset?: false, consumable?: false}, __configured__: %{}, __ref__: 1}, graph_topic: "graph_update:Satre", live_view_topic: "graph_update:phx-GFnBCqIHagOjOg5k", node_menu_visible: true, can_edit: true, drawer_open: true, ask_question: true, search_results: [], candidate_ids: [], show_group_modal: false, f_graph: "[{\"data\":{\"id\":\"3\",\"parent\":null,\"content\":\"Jean-Paul Sartre's conception of freedom is both profound and transformative, offering a radical rethinking of human existence and agency. His assertion that humans are \\\"condemned to be free\\\" captures the essence of his existential philosophy, which emphasizes the inescapable nature of freedom and the profound responsibility it entails. Sartre's view is not merely a philosophical abstraction but a call to action, urging individuals to confront the weight of their choices and the authenticity of their lives.\\n\\nAt the heart of Sartre's philosophy is the idea of **radical freedom**, which posits that we are free to choose in every moment, regardless of external constraints. This freedom is not a privilege but a fundamental aspect of our being. Even in situations where our options seem limited, we retain the freedom to interpret and respond to our circumstances. This perspective is empowering, as it affirms our capacity to shape our lives through our choices, but it is also daunting, as it places the full burden of responsibility on us. Sartre challenges us to recognize that we cannot blame others, society, or fate for our actions; we alone are accountable for who we become.\\n\\nThis responsibility is closely tied to the concept of **authenticity**. Sartre argues that to live authentically is to fully embrace our freedom and the responsibility it entails. In contrast, \\\"bad faith\\\" represents a denial of this freedom, a retreat into self-deception where we conform to societal roles or external expectations to avoid the anxiety of choice. Sartre's critique of bad faith is a powerful reminder that true freedom requires courage—the courage to confront the uncertainty of existence and to define ourselves through our actions.\\n\\nSartre's famous dictum, **\\\"existence precedes essence,\\\"** further underscores his view of freedom. Unlike objects, which have predetermined purposes, humans are not born with a fixed essence. Instead, we create our essence through our choices and actions. This means that we are not bound by any inherent nature or destiny; we are free to reinvent ourselves continually. This idea is liberating, as it affirms the boundless potential of human agency, but it also demands that we take ownership of our lives and the values we choose to uphold.\\n\\nThe emotional dimensions of Sartre's philosophy—**anguish and despair**—reveal the existential challenges that accompany radical freedom. Anguish arises from the awareness of our responsibility, while despair stems from the recognition that we cannot control external events or the actions of others. Yet, Sartre does not see these emotions as reasons to retreat from freedom. Instead, he views them as integral to the human condition, urging us to confront them with resolve and to continue making choices despite the inherent uncertainty of life.\\n\\nFinally, Sartre's acknowledgment of **freedom in situations** adds nuance to his philosophy. While he insists on our fundamental freedom, he also recognizes that our choices are made within specific contexts—physical, social, and historical. These constraints shape the possibilities available to us, but they do not negate our freedom to interpret and respond to our circumstances. This balance between freedom and constraint highlights the complexity of human existence and the ongoing struggle to assert our agency in a world that often seems beyond our control.\\n\\nIn conclusion, Sartre's view of freedom is both a profound insight and a call to action. It challenges us to embrace our freedom, take responsibility for our choices, and live authentically, even in the face of existential challenges. By doing so, we not only affirm our humanity but also contribute to the ongoing creation of meaning in a world that offers no guarantees. Sartre's philosophy is a reminder that, while freedom may be daunting, it is also the source of our greatest potential.\"},\"classes\":\"thesis\"},{\"data\":{\"id\":\"6\",\"parent\":null,\"content\":\"Certainly! Let’s delve deeper into the criticisms of Sartre’s philosophy " <> ..., group_changeset: %Phoenix.HTML.Form{source: %{"title" => ""}, impl: Phoenix.HTML.FormData.Map, id: nil, name: nil, data: %{}, action: nil, hidden: [], params: %{"title" => ""}, errors: [], options: [], index: nil}, graph_operation: ""}, transport_pid: #PID<0.1273.0>, ...>

          Attempted function clauses (showing 10 out of 22):

              def handle_event(-"nodes_box_selected"-, -%{"ids" => ids}-, socket)
              def handle_event(-"cancel_group"-, _, socket)
              def handle_event(-"group_nodes"-, -%{"title" => t, "ids" => ids}-, socket)
              def handle_event(-"node:join_group"-, -%{"node" => nid, "parent" => gid}-, socket)
              def handle_event(-"node:leave_group"-, -%{"node" => nid}-, socket)
              def handle_event(-"toggle_drawer"-, _, socket)
              def handle_event(-"search_nodes"-, params, socket)
              def handle_event(-"clear_search"-, _, socket)
              def handle_event(-"toggle_ask_question"-, _, socket)
              def handle_event(-"toggle_lock_graph"-, _, socket)
              ...
              (12 clauses not shown)

          stacktrace:
            (dialectic 0.1.0) lib/dialectic_web/live/graph_live.ex:78: DialecticWeb.GraphLive.handle_event/3
            (phoenix_live_view 1.0.3) lib/phoenix_live_view/channel.ex:508: anonymous fn/3 in Phoenix.LiveView.Channel.view_handle_event/3
            (telemetry 1.3.0) /Users/tomberman/Development/dialectic/deps/telemetry/src/telemetry.erl:324: :telemetry.span/3
            (phoenix_live_view 1.0.3) lib/phoenix_live_view/channel.ex:260: Phoenix.LiveView.Channel.handle_info/2
            (stdlib 6.2) gen_server.erl:2345: :gen_server.try_handle_info/3
            (stdlib 6.2) gen_server.erl:2433: :gen_server.handle_msg/6
            (stdlib 6.2) proc_lib.erl:329: :proc_lib.init_p_do_apply/3



GraphManagerTest [test/graph/graph_manager_test.exs]
  * test supervisor handles process termination [L#291]  * test supervisor handles process termination (102.7ms) [L#291]
  * test graph operations find_node_by_id returns nil for non-existent node [L#108]  * test graph operations find_node_by_id returns nil for non-existent node (1.1ms) [L#108]
  * test process management registry properly tracks graph processes [L#30]  * test process management registry properly tracks graph processes (0.8ms) [L#30]
  * test graph operations child nodes inherit parent group membership [L#234]  * test graph operations child nodes inherit parent group membership (0.8ms) [L#234]
  * test process management creates new graph process when doesn't exist [L#17]  * test process management creates new graph process when doesn't exist (0.7ms) [L#17]
  * test graph operations add_node creates vertex with correct properties [L#46]  * test graph operations add_node creates vertex with correct properties (0.5ms) [L#46]
  * test graph operations find_node_by_id returns correct node [L#92]  * test graph operations find_node_by_id returns correct node (0.7ms) [L#92]
  * test graph operations multiple children maintain correct relationships [L#188]  * test graph operations multiple children maintain correct relationships (0.6ms) [L#188]
10:36:21.372 [error] Process #PID<0.1316.0> raised an exception
** (UndefinedFunctionError) function Dialectic.Responses.LlmInterface.ask_model/3 is undefined or private
    (dialectic 0.1.0) Dialectic.Responses.LlmInterface.ask_model("child1", %Dialectic.Graph.Vertex{id: "2", content: "", class: "test", user: "test_user", parent: nil, parents: [], children: [], noted_by: [], deleted: false, compound: false}, "TestGraph")
  * test graph operations reset_graph clears all vertices and edges [L#150]10:36:21.372 [error] Process #PID<0.1317.0> raised an exception
** (UndefinedFunctionError) function Dialectic.Responses.LlmInterface.ask_model/3 is undefined or private
    (dialectic 0.1.0) Dialectic.Responses.LlmInterface.ask_model("child2", %Dialectic.Graph.Vertex{id: "3", content: "", class: "test", user: "test_user", parent: nil, parents: [], children: [], noted_by: [], deleted: false, compound: false}, "TestGraph")
  * test graph operations reset_graph clears all vertices and edges (0.8ms) [L#150]
  * test graph operations add_child creates connected nodes properly [L#113]10:36:21.373 [error] Process #PID<0.1322.0> raised an exception
** (UndefinedFunctionError) function Dialectic.Responses.LlmInterface.ask_model/3 is undefined or private
    (dialectic 0.1.0) Dialectic.Responses.LlmInterface.ask_model("child content", %Dialectic.Graph.Vertex{id: "2", content: "", class: "child_class", user: "test_user", parent: nil, parents: [], children: [], noted_by: [], deleted: false, compound: false}, "TestGraph")
  * test graph operations add_child creates connected nodes properly (0.6ms) [L#113]
10:36:21.374 [error] Process #PID<0.1327.0> raised an exception
** (UndefinedFunctionError) function Dialectic.Responses.LlmInterface.ask_model/3 is undefined or private
    (dialectic 0.1.0) Dialectic.Responses.LlmInterface.ask_model("child content", %Dialectic.Graph.Vertex{id: "2", content: "", class: "child_class", user: "test_user", parent: nil, parents: [], children: [], noted_by: [], deleted: false, compound: false}, "TestGraph")
  * test graph operations add_edges connects vertices properly [L#56]  * test graph operations add_edges connects vertices properly (0.6ms) [L#56]
  * test process management reuses existing graph process [L#24]  * test process management reuses existing graph process (0.5ms) [L#24]

Dialectic.AccountsTest [test/dialectic/accounts_test.exs]
  * test confirm_user/1 does not confirm with invalid token [L#404]  * test confirm_user/1 does not confirm with invalid token (4.4ms) [L#404]
  * test change_user_password/2 allows fields to be set [L#245]  * test change_user_password/2 allows fields to be set (0.1ms) [L#245]
  * test apply_user_email/3 validates maximum value for email for security [L#144]  * test apply_user_email/3 validates maximum value for email for security (3.7ms) [L#144]
  * test deliver_user_confirmation_instructions/2 sends token through notification [L#370]  * test deliver_user_confirmation_instructions/2 sends token through notification (3.5ms) [L#370]
  * test confirm_user/1 does not confirm email if token expired [L#410]  * test confirm_user/1 does not confirm email if token expired (8.6ms) [L#410]
  * test get_user_by_reset_password_token/1 does not return the user with invalid token [L#454]  * test get_user_by_reset_password_token/1 does not return the user with invalid token (4.1ms) [L#454]
  * test get_user_by_reset_password_token/1 returns the user with valid token [L#449]  * test get_user_by_reset_password_token/1 returns the user with valid token (4.2ms) [L#449]
  * test register_user/1 registers users with a hashed password [L#87]  * test register_user/1 registers users with a hashed password (2.3ms) [L#87]
  * test get_user_by_reset_password_token/1 does not return the user if token expired [L#459]  * test get_user_by_reset_password_token/1 does not return the user if token expired (5.0ms) [L#459]
  * test apply_user_email/3 validates email uniqueness [L#153]  * test apply_user_email/3 validates email uniqueness (6.4ms) [L#153]
  * test reset_user_password/2 validates maximum values for password for security [L#484]  * test reset_user_password/2 validates maximum values for password for security (2.4ms) [L#484]
  * test update_user_email/2 updates the email with a valid token [L#209]  * test update_user_email/2 updates the email with a valid token (6.4ms) [L#209]
  * test apply_user_email/3 validates email [L#137]  * test apply_user_email/3 validates email (3.9ms) [L#137]
  * test get_user!/1 returns the user with the given id [L#45]  * test get_user!/1 returns the user with the given id (3.0ms) [L#45]
  * test get_user_by_email_and_password/2 does not return the user if the email does not exist [L#21]  * test get_user_by_email_and_password/2 does not return the user if the email does not exist (1.8ms) [L#21]
  * test register_user/1 validates email uniqueness [L#77]  * test register_user/1 validates email uniqueness (2.9ms) [L#77]
  * test get_user_by_email/1 does not return the user if the email does not exist [L#10]  * test get_user_by_email/1 does not return the user if the email does not exist (0.7ms) [L#10]
  * test update_user_password/3 deletes all tokens for the given user [L#301]  * test update_user_password/3 deletes all tokens for the given user (7.1ms) [L#301]
  * test confirm_user/1 confirms the email with a valid token [L#396]  * test confirm_user/1 confirms the email with a valid token (6.4ms) [L#396]
  * test inspect/2 for the User module does not include password [L#504]  * test inspect/2 for the User module does not include password (0.2ms) [L#504]
  * test get_user_by_session_token/1 does not return user for invalid token [L#346]  * test get_user_by_session_token/1 does not return user for invalid token (3.2ms) [L#346]
  * test get_user_by_email_and_password/2 does not return the user if the password is not valid [L#25]  * test get_user_by_email_and_password/2 does not return the user if the password is not valid (4.1ms) [L#25]
  * test update_user_password/3 updates the password [L#291]  * test update_user_password/3 updates the password (7.4ms) [L#291]
  * test get_user!/1 raises if id is invalid [L#39]  * test get_user!/1 raises if id is invalid (3.2ms) [L#39]
  * test register_user/1 validates maximum values for email and password for security [L#70]  * test register_user/1 validates maximum values for email and password for security (0.3ms) [L#70]
  * test apply_user_email/3 requires email to change [L#132]  * test apply_user_email/3 requires email to change (3.5ms) [L#132]
  * test register_user/1 validates email and password when given [L#61]  * test register_user/1 validates email and password when given (0.2ms) [L#61]
  * test change_user_registration/2 allows fields to be set [L#103]  * test change_user_registration/2 allows fields to be set (0.1ms) [L#103]
  * test register_user/1 requires email and password to be set [L#52]  * test register_user/1 requires email and password to be set (0.1ms) [L#52]
  * test update_user_email/2 does not update email if token expired [L#231]  * test update_user_email/2 does not update email if token expired (4.5ms) [L#231]
  * test generate_user_session_token/1 generates a token [L#318]  * test generate_user_session_token/1 generates a token (9.2ms) [L#318]
  * test reset_user_password/2 updates the password [L#490]  * test reset_user_password/2 updates the password (6.1ms) [L#490]
  * test update_user_email/2 does not update email with invalid token [L#219]  * test update_user_email/2 does not update email with invalid token (3.4ms) [L#219]
  * test update_user_password/3 validates maximum values for password for security [L#275]  * test update_user_password/3 validates maximum values for password for security (2.9ms) [L#275]
  * test delete_user_session_token/1 deletes the token [L#357]  * test delete_user_session_token/1 deletes the token (3.1ms) [L#357]
  * test change_user_registration/2 returns a changeset [L#98]  * test change_user_registration/2 returns a changeset (0.1ms) [L#98]
  * test change_user_email/2 returns a user changeset [L#121]  * test change_user_email/2 returns a user changeset (0.1ms) [L#121]
  * test reset_user_password/2 deletes all tokens for the given user [L#496]  * test reset_user_password/2 deletes all tokens for the given user (4.5ms) [L#496]
  * test change_user_password/2 returns a user changeset [L#240]  * test change_user_password/2 returns a user changeset (0.1ms) [L#240]
  * test get_user_by_email_and_password/2 returns the user if the email and password are valid [L#30]  * test get_user_by_email_and_password/2 returns the user if the email and password are valid (3.0ms) [L#30]
  * test update_user_email/2 does not update email if user email changed [L#225]  * test update_user_email/2 does not update email if user email changed (3.2ms) [L#225]
  * test get_user_by_session_token/1 does not return user for expired token [L#350]  * test get_user_by_session_token/1 does not return user for expired token (3.1ms) [L#350]
  * test deliver_user_reset_password_instructions/2 sends token through notification [L#423]  * test deliver_user_reset_password_instructions/2 sends token through notification (2.8ms) [L#423]
  * test apply_user_email/3 validates current password [L#162]  * test apply_user_email/3 validates current password (3.2ms) [L#162]
  * test get_user_by_email/1 returns the user if the email exists [L#14]  * test get_user_by_email/1 returns the user if the email exists (2.3ms) [L#14]
  * test reset_user_password/2 validates password [L#471]  * test reset_user_password/2 validates password (1.7ms) [L#471]
  * test deliver_user_update_email_instructions/3 sends token through notification [L#182]  * test deliver_user_update_email_instructions/3 sends token through notification (3.0ms) [L#182]
  * test apply_user_email/3 applies the email without persisting it [L#169]  * test apply_user_email/3 applies the email without persisting it (3.8ms) [L#169]
  * test update_user_password/3 validates password [L#262]  * test update_user_password/3 validates password (2.6ms) [L#262]
  * test get_user_by_session_token/1 returns user by token [L#341]  * test get_user_by_session_token/1 returns user by token (2.7ms) [L#341]
  * test update_user_password/3 validates current password [L#284]  * test update_user_password/3 validates current password (3.7ms) [L#284]

Finished in 1.7 seconds (0.9s async, 0.8s sync)
198 tests, 17 failures
